data_download_start_utc=2026-05-14T10:47:56Z
data_download_done_utc=2026-05-14T10:47:56Z
train_start_utc=2026-05-14T10:47:56Z
[Gloo] Rank 0 is connected to 7 peer ranks. Expected number of connected peer ranks is : 7
[Gloo] Rank 5 is connected to 7 peer ranks. Expected number of connected peer ranks is : 7
[Gloo] Rank 2 is connected to 7 peer ranks. Expected number of connected peer ranks is : 7
[Gloo] Rank 3 is connected to 7 peer ranks. Expected number of connected peer ranks is : 7
[Gloo] Rank 1 is connected to 7 peer ranks. Expected number of connected peer ranks is : 7
[Gloo] Rank 7 is connected to 7 peer ranks. Expected number of connected peer ranks is : 7
[Gloo] Rank 4 is connected to 7 peer ranks. Expected number of connected peer ranks is : [Gloo] Rank 76
 is connected to 7 peer ranks. Expected number of connected peer ranks is : 7
logs/c6c83289-9b8c-4dd9-94c7-03be648f90b7.txt
Compiling model and warming up kernels (~7 minutes on first execution)
Sampling steps [0, 1, 478, 479, 480, 481, 958, 959, 960, 961, 1438, 1439, 1440, 1441] for warmup
Resetting Model
step:0/1480 val_loss:10.8276 train_time:0ms step_avg:0.03ms
step:1/1480 train_time:49ms step_avg:48.63ms
step:2/1480 train_time:71ms step_avg:35.72ms
step:3/1480 train_time:90ms step_avg:30.02ms
step:4/1480 train_time:122ms step_avg:30.50ms
step:5/1480 train_time:146ms step_avg:29.30ms
step:6/1480 train_time:179ms step_avg:29.88ms
step:7/1480 train_time:204ms step_avg:29.11ms
step:8/1480 train_time:237ms step_avg:29.56ms
step:9/1480 train_time:262ms step_avg:29.06ms
step:10/1480 train_time:294ms step_avg:29.35ms
step:11/1480 train_time:319ms step_avg:28.97ms
step:12/1480 train_time:350ms step_avg:29.20ms
step:13/1480 train_time:377ms step_avg:28.96ms
step:14/1480 train_time:409ms step_avg:29.19ms
step:15/1480 train_time:435ms step_avg:28.97ms
step:16/1480 train_time:467ms step_avg:29.16ms
step:17/1480 train_time:493ms step_avg:28.98ms
step:18/1480 train_time:525ms step_avg:29.15ms
step:19/1480 train_time:551ms step_avg:28.98ms
step:20/1480 train_time:584ms step_avg:29.18ms
step:21/1480 train_time:608ms step_avg:28.96ms
step:22/1480 train_time:641ms step_avg:29.13ms
step:23/1480 train_time:666ms step_avg:28.96ms
step:24/1480 train_time:699ms step_avg:29.13ms
step:25/1480 train_time:725ms step_avg:28.99ms
step:26/1480 train_time:757ms step_avg:29.13ms
step:27/1480 train_time:783ms step_avg:29.01ms
step:28/1480 train_time:816ms step_avg:29.13ms
step:29/1480 train_time:841ms step_avg:29.01ms
step:30/1480 train_time:873ms step_avg:29.11ms
step:31/1480 train_time:899ms step_avg:29.01ms
step:32/1480 train_time:933ms step_avg:29.16ms
step:33/1480 train_time:962ms step_avg:29.15ms
step:34/1480 train_time:998ms step_avg:29.34ms
step:35/1480 train_time:1027ms step_avg:29.33ms
step:36/1480 train_time:1062ms step_avg:29.50ms
step:37/1480 train_time:1089ms step_avg:29.44ms
step:38/1480 train_time:1122ms step_avg:29.53ms
step:39/1480 train_time:1148ms step_avg:29.44ms
step:40/1480 train_time:1181ms step_avg:29.52ms
step:41/1480 train_time:1207ms step_avg:29.43ms
step:42/1480 train_time:1239ms step_avg:29.50ms
step:43/1480 train_time:1265ms step_avg:29.41ms
step:44/1480 train_time:1298ms step_avg:29.49ms
step:45/1480 train_time:1323ms step_avg:29.41ms
step:46/1480 train_time:1356ms step_avg:29.47ms
step:47/1480 train_time:1382ms step_avg:29.40ms
step:48/1480 train_time:1414ms step_avg:29.45ms
step:49/1480 train_time:1439ms step_avg:29.38ms
step:50/1480 train_time:1472ms step_avg:29.43ms
step:51/1480 train_time:1498ms step_avg:29.36ms
step:52/1480 train_time:1530ms step_avg:29.42ms
step:53/1480 train_time:1556ms step_avg:29.36ms
step:54/1480 train_time:1589ms step_avg:29.42ms
step:55/1480 train_time:1614ms step_avg:29.34ms
step:56/1480 train_time:1646ms step_avg:29.39ms
step:57/1480 train_time:1672ms step_avg:29.33ms
step:58/1480 train_time:1704ms step_avg:29.38ms
step:59/1480 train_time:1730ms step_avg:29.33ms
step:60/1480 train_time:1763ms step_avg:29.38ms
step:61/1480 train_time:1788ms step_avg:29.31ms
step:62/1480 train_time:1821ms step_avg:29.37ms
step:63/1480 train_time:1846ms step_avg:29.30ms
step:64/1480 train_time:1880ms step_avg:29.37ms
step:65/1480 train_time:1906ms step_avg:29.32ms
step:66/1480 train_time:1940ms step_avg:29.39ms
step:67/1480 train_time:1966ms step_avg:29.34ms
step:68/1480 train_time:2001ms step_avg:29.42ms
step:69/1480 train_time:2028ms step_avg:29.38ms
step:70/1480 train_time:2061ms step_avg:29.45ms
step:71/1480 train_time:2087ms step_avg:29.40ms
step:72/1480 train_time:2120ms step_avg:29.45ms
step:73/1480 train_time:2147ms step_avg:29.41ms
step:74/1480 train_time:2181ms step_avg:29.47ms
step:75/1480 train_time:2207ms step_avg:29.43ms
step:76/1480 train_time:2240ms step_avg:29.47ms
step:77/1480 train_time:2265ms step_avg:29.42ms
step:78/1480 train_time:2298ms step_avg:29.46ms
step:79/1480 train_time:2324ms step_avg:29.42ms
step:80/1480 train_time:2357ms step_avg:29.46ms
step:81/1480 train_time:2383ms step_avg:29.42ms
step:82/1480 train_time:2415ms step_avg:29.46ms
step:83/1480 train_time:2441ms step_avg:29.41ms
step:84/1480 train_time:2473ms step_avg:29.44ms
step:85/1480 train_time:2499ms step_avg:29.40ms
step:86/1480 train_time:2532ms step_avg:29.44ms
step:87/1480 train_time:2558ms step_avg:29.40ms
step:88/1480 train_time:2590ms step_avg:29.43ms
step:89/1480 train_time:2616ms step_avg:29.39ms
step:90/1480 train_time:2648ms step_avg:29.42ms
step:91/1480 train_time:2674ms step_avg:29.38ms
step:92/1480 train_time:2706ms step_avg:29.41ms
step:93/1480 train_time:2732ms step_avg:29.38ms
step:94/1480 train_time:2764ms step_avg:29.41ms
step:95/1480 train_time:2791ms step_avg:29.38ms
step:96/1480 train_time:2823ms step_avg:29.41ms
step:97/1480 train_time:2849ms step_avg:29.37ms
step:98/1480 train_time:2882ms step_avg:29.41ms
step:99/1480 train_time:2908ms step_avg:29.37ms
step:100/1480 train_time:2942ms step_avg:29.42ms
step:101/1480 train_time:2967ms step_avg:29.38ms
step:102/1480 train_time:3002ms step_avg:29.43ms
step:103/1480 train_time:3027ms step_avg:29.39ms
step:104/1480 train_time:3061ms step_avg:29.43ms
step:105/1480 train_time:3087ms step_avg:29.40ms
step:106/1480 train_time:3120ms step_avg:29.44ms
step:107/1480 train_time:3146ms step_avg:29.41ms
step:108/1480 train_time:3180ms step_avg:29.44ms
step:109/1480 train_time:3206ms step_avg:29.41ms
step:110/1480 train_time:3239ms step_avg:29.45ms
step:111/1480 train_time:3265ms step_avg:29.41ms
step:112/1480 train_time:3299ms step_avg:29.45ms
step:113/1480 train_time:3325ms step_avg:29.42ms
step:114/1480 train_time:3358ms step_avg:29.45ms
step:115/1480 train_time:3384ms step_avg:29.42ms
step:116/1480 train_time:3416ms step_avg:29.45ms
step:117/1480 train_time:3442ms step_avg:29.42ms
step:118/1480 train_time:3475ms step_avg:29.45ms
step:119/1480 train_time:3501ms step_avg:29.42ms
step:120/1480 train_time:3533ms step_avg:29.44ms
step:121/1480 train_time:3559ms step_avg:29.41ms
step:122/1480 train_time:3591ms step_avg:29.43ms
step:123/1480 train_time:3617ms step_avg:29.41ms
step:124/1480 train_time:3649ms step_avg:29.43ms
step:125/1480 train_time:3675ms step_avg:29.40ms
step:126/1480 train_time:3708ms step_avg:29.43ms
step:127/1480 train_time:3735ms step_avg:29.41ms
step:128/1480 train_time:3767ms step_avg:29.43ms
step:129/1480 train_time:3793ms step_avg:29.40ms
step:130/1480 train_time:3826ms step_avg:29.43ms
step:131/1480 train_time:3852ms step_avg:29.41ms
step:132/1480 train_time:3885ms step_avg:29.43ms
step:133/1480 train_time:3911ms step_avg:29.40ms
step:134/1480 train_time:3944ms step_avg:29.43ms
step:135/1480 train_time:3970ms step_avg:29.41ms
step:136/1480 train_time:4004ms step_avg:29.44ms
step:137/1480 train_time:4030ms step_avg:29.42ms
step:138/1480 train_time:4063ms step_avg:29.44ms
step:139/1480 train_time:4090ms step_avg:29.42ms
step:140/1480 train_time:4123ms step_avg:29.45ms
step:141/1480 train_time:4149ms step_avg:29.43ms
step:142/1480 train_time:4182ms step_avg:29.45ms
step:143/1480 train_time:4208ms step_avg:29.43ms
step:144/1480 train_time:4242ms step_avg:29.46ms
step:145/1480 train_time:4268ms step_avg:29.43ms
step:146/1480 train_time:4301ms step_avg:29.46ms
step:147/1480 train_time:4327ms step_avg:29.43ms
step:148/1480 train_time:4360ms step_avg:29.46ms
step:149/1480 train_time:4386ms step_avg:29.43ms
step:150/1480 train_time:4418ms step_avg:29.45ms
step:151/1480 train_time:4444ms step_avg:29.43ms
step:152/1480 train_time:4477ms step_avg:29.46ms
step:153/1480 train_time:4504ms step_avg:29.44ms
step:154/1480 train_time:4536ms step_avg:29.45ms
step:155/1480 train_time:4562ms step_avg:29.43ms
step:156/1480 train_time:4594ms step_avg:29.45ms
step:157/1480 train_time:4620ms step_avg:29.43ms
step:158/1480 train_time:4652ms step_avg:29.45ms
step:159/1480 train_time:4679ms step_avg:29.43ms
step:160/1480 train_time:4712ms step_avg:29.45ms
step:161/1480 train_time:4738ms step_avg:29.43ms
step:162/1480 train_time:4770ms step_avg:29.44ms
step:163/1480 train_time:4796ms step_avg:29.42ms
step:164/1480 train_time:4829ms step_avg:29.44ms
step:165/1480 train_time:4856ms step_avg:29.43ms
step:166/1480 train_time:4888ms step_avg:29.45ms
step:167/1480 train_time:4914ms step_avg:29.43ms
step:168/1480 train_time:4947ms step_avg:29.45ms
step:169/1480 train_time:4974ms step_avg:29.43ms
step:170/1480 train_time:5007ms step_avg:29.45ms
step:171/1480 train_time:5033ms step_avg:29.43ms
step:172/1480 train_time:5066ms step_avg:29.45ms
step:173/1480 train_time:5092ms step_avg:29.43ms
step:174/1480 train_time:5125ms step_avg:29.45ms
step:175/1480 train_time:5151ms step_avg:29.44ms
step:176/1480 train_time:5184ms step_avg:29.46ms
step:177/1480 train_time:5211ms step_avg:29.44ms
step:178/1480 train_time:5243ms step_avg:29.46ms
step:179/1480 train_time:5269ms step_avg:29.44ms
step:180/1480 train_time:5303ms step_avg:29.46ms
step:181/1480 train_time:5328ms step_avg:29.44ms
step:182/1480 train_time:5361ms step_avg:29.46ms
step:183/1480 train_time:5387ms step_avg:29.44ms
step:184/1480 train_time:5420ms step_avg:29.45ms
step:185/1480 train_time:5446ms step_avg:29.44ms
step:186/1480 train_time:5479ms step_avg:29.46ms
step:187/1480 train_time:5504ms step_avg:29.44ms
step:188/1480 train_time:5537ms step_avg:29.45ms
step:189/1480 train_time:5563ms step_avg:29.43ms
step:190/1480 train_time:5595ms step_avg:29.45ms
step:191/1480 train_time:5621ms step_avg:29.43ms
step:192/1480 train_time:5654ms step_avg:29.45ms
step:193/1480 train_time:5680ms step_avg:29.43ms
step:194/1480 train_time:5713ms step_avg:29.45ms
step:195/1480 train_time:5738ms step_avg:29.43ms
step:196/1480 train_time:5770ms step_avg:29.44ms
step:197/1480 train_time:5797ms step_avg:29.43ms
step:198/1480 train_time:5830ms step_avg:29.44ms
step:199/1480 train_time:5856ms step_avg:29.43ms
step:200/1480 train_time:5889ms step_avg:29.44ms
step:201/1480 train_time:5915ms step_avg:29.43ms
step:202/1480 train_time:5948ms step_avg:29.45ms
step:203/1480 train_time:5975ms step_avg:29.43ms
step:204/1480 train_time:6008ms step_avg:29.45ms
step:205/1480 train_time:6034ms step_avg:29.43ms
step:206/1480 train_time:6066ms step_avg:29.45ms
step:207/1480 train_time:6092ms step_avg:29.43ms
step:208/1480 train_time:6125ms step_avg:29.45ms
step:209/1480 train_time:6152ms step_avg:29.43ms
step:210/1480 train_time:6184ms step_avg:29.45ms
step:211/1480 train_time:6210ms step_avg:29.43ms
step:212/1480 train_time:6244ms step_avg:29.45ms
step:213/1480 train_time:6270ms step_avg:29.44ms
step:214/1480 train_time:6303ms step_avg:29.45ms
step:215/1480 train_time:6329ms step_avg:29.44ms
step:216/1480 train_time:6362ms step_avg:29.45ms
step:217/1480 train_time:6387ms step_avg:29.43ms
step:218/1480 train_time:6421ms step_avg:29.45ms
step:219/1480 train_time:6447ms step_avg:29.44ms
step:220/1480 train_time:6480ms step_avg:29.45ms
step:221/1480 train_time:6505ms step_avg:29.44ms
step:222/1480 train_time:6538ms step_avg:29.45ms
step:223/1480 train_time:6564ms step_avg:29.43ms
step:224/1480 train_time:6596ms step_avg:29.45ms
step:225/1480 train_time:6623ms step_avg:29.43ms
step:226/1480 train_time:6655ms step_avg:29.45ms
step:227/1480 train_time:6681ms step_avg:29.43ms
step:228/1480 train_time:6714ms step_avg:29.45ms
step:229/1480 train_time:6740ms step_avg:29.43ms
step:230/1480 train_time:6773ms step_avg:29.45ms
step:231/1480 train_time:6799ms step_avg:29.43ms
step:232/1480 train_time:6831ms step_avg:29.44ms
step:233/1480 train_time:6857ms step_avg:29.43ms
step:234/1480 train_time:6890ms step_avg:29.44ms
step:235/1480 train_time:6916ms step_avg:29.43ms
step:236/1480 train_time:6949ms step_avg:29.44ms
step:237/1480 train_time:6975ms step_avg:29.43ms
step:238/1480 train_time:7008ms step_avg:29.45ms
step:239/1480 train_time:7035ms step_avg:29.43ms
step:240/1480 train_time:7067ms step_avg:29.45ms
step:241/1480 train_time:7093ms step_avg:29.43ms
step:242/1480 train_time:7126ms step_avg:29.45ms
step:243/1480 train_time:7153ms step_avg:29.44ms
step:244/1480 train_time:7185ms step_avg:29.45ms
step:245/1480 train_time:7211ms step_avg:29.43ms
step:246/1480 train_time:7245ms step_avg:29.45ms
step:247/1480 train_time:7271ms step_avg:29.44ms
step:248/1480 train_time:7304ms step_avg:29.45ms
step:249/1480 train_time:7330ms step_avg:29.44ms
step:250/1480 train_time:7363ms step_avg:29.45ms
step:250/1480 val_loss:4.5212 train_time:7396ms step_avg:29.58ms
step:251/1480 train_time:7414ms step_avg:29.54ms
step:252/1480 train_time:7433ms step_avg:29.49ms
step:253/1480 train_time:7449ms step_avg:29.44ms
step:254/1480 train_time:7481ms step_avg:29.45ms
step:255/1480 train_time:7507ms step_avg:29.44ms
step:256/1480 train_time:7540ms step_avg:29.45ms
step:257/1480 train_time:7566ms step_avg:29.44ms
step:258/1480 train_time:7598ms step_avg:29.45ms
step:259/1480 train_time:7624ms step_avg:29.44ms
step:260/1480 train_time:7657ms step_avg:29.45ms
step:261/1480 train_time:7684ms step_avg:29.44ms
step:262/1480 train_time:7717ms step_avg:29.45ms
step:263/1480 train_time:7742ms step_avg:29.44ms
step:264/1480 train_time:7774ms step_avg:29.45ms
step:265/1480 train_time:7800ms step_avg:29.44ms
step:266/1480 train_time:7833ms step_avg:29.45ms
step:267/1480 train_time:7859ms step_avg:29.43ms
step:268/1480 train_time:7891ms step_avg:29.45ms
step:269/1480 train_time:7917ms step_avg:29.43ms
step:270/1480 train_time:7949ms step_avg:29.44ms
step:271/1480 train_time:7976ms step_avg:29.43ms
step:272/1480 train_time:8009ms step_avg:29.45ms
step:273/1480 train_time:8035ms step_avg:29.43ms
step:274/1480 train_time:8067ms step_avg:29.44ms
step:275/1480 train_time:8093ms step_avg:29.43ms
step:276/1480 train_time:8126ms step_avg:29.44ms
step:277/1480 train_time:8153ms step_avg:29.43ms
step:278/1480 train_time:8186ms step_avg:29.44ms
step:279/1480 train_time:8212ms step_avg:29.43ms
step:280/1480 train_time:8244ms step_avg:29.44ms
step:281/1480 train_time:8270ms step_avg:29.43ms
step:282/1480 train_time:8303ms step_avg:29.44ms
step:283/1480 train_time:8330ms step_avg:29.43ms
step:284/1480 train_time:8364ms step_avg:29.45ms
step:285/1480 train_time:8390ms step_avg:29.44ms
step:286/1480 train_time:8424ms step_avg:29.45ms
step:287/1480 train_time:8450ms step_avg:29.44ms
step:288/1480 train_time:8483ms step_avg:29.45ms
step:289/1480 train_time:8509ms step_avg:29.44ms
step:290/1480 train_time:8541ms step_avg:29.45ms
step:291/1480 train_time:8567ms step_avg:29.44ms
step:292/1480 train_time:8600ms step_avg:29.45ms
step:293/1480 train_time:8626ms step_avg:29.44ms
step:294/1480 train_time:8659ms step_avg:29.45ms
step:295/1480 train_time:8684ms step_avg:29.44ms
step:296/1480 train_time:8717ms step_avg:29.45ms
step:297/1480 train_time:8743ms step_avg:29.44ms
step:298/1480 train_time:8775ms step_avg:29.45ms
step:299/1480 train_time:8801ms step_avg:29.44ms
step:300/1480 train_time:8834ms step_avg:29.45ms
step:301/1480 train_time:8860ms step_avg:29.43ms
step:302/1480 train_time:8892ms step_avg:29.44ms
step:303/1480 train_time:8918ms step_avg:29.43ms
step:304/1480 train_time:8950ms step_avg:29.44ms
step:305/1480 train_time:8977ms step_avg:29.43ms
step:306/1480 train_time:9009ms step_avg:29.44ms
step:307/1480 train_time:9035ms step_avg:29.43ms
step:308/1480 train_time:9068ms step_avg:29.44ms
step:309/1480 train_time:9094ms step_avg:29.43ms
step:310/1480 train_time:9127ms step_avg:29.44ms
step:311/1480 train_time:9153ms step_avg:29.43ms
step:312/1480 train_time:9186ms step_avg:29.44ms
step:313/1480 train_time:9212ms step_avg:29.43ms
step:314/1480 train_time:9244ms step_avg:29.44ms
step:315/1480 train_time:9270ms step_avg:29.43ms
step:316/1480 train_time:9304ms step_avg:29.44ms
step:317/1480 train_time:9330ms step_avg:29.43ms
step:318/1480 train_time:9363ms step_avg:29.44ms
step:319/1480 train_time:9389ms step_avg:29.43ms
step:320/1480 train_time:9423ms step_avg:29.45ms
step:321/1480 train_time:9449ms step_avg:29.44ms
step:322/1480 train_time:9483ms step_avg:29.45ms
step:323/1480 train_time:9509ms step_avg:29.44ms
step:324/1480 train_time:9542ms step_avg:29.45ms
step:325/1480 train_time:9568ms step_avg:29.44ms
step:326/1480 train_time:9600ms step_avg:29.45ms
step:327/1480 train_time:9626ms step_avg:29.44ms
step:328/1480 train_time:9659ms step_avg:29.45ms
step:329/1480 train_time:9684ms step_avg:29.44ms
step:330/1480 train_time:9718ms step_avg:29.45ms
step:331/1480 train_time:9743ms step_avg:29.43ms
step:332/1480 train_time:9775ms step_avg:29.44ms
step:333/1480 train_time:9801ms step_avg:29.43ms
step:334/1480 train_time:9834ms step_avg:29.44ms
step:335/1480 train_time:9860ms step_avg:29.43ms
step:336/1480 train_time:9893ms step_avg:29.44ms
step:337/1480 train_time:9919ms step_avg:29.43ms
step:338/1480 train_time:9952ms step_avg:29.44ms
step:339/1480 train_time:9978ms step_avg:29.43ms
step:340/1480 train_time:10010ms step_avg:29.44ms
step:341/1480 train_time:10037ms step_avg:29.43ms
step:342/1480 train_time:10069ms step_avg:29.44ms
step:343/1480 train_time:10096ms step_avg:29.43ms
step:344/1480 train_time:10128ms step_avg:29.44ms
step:345/1480 train_time:10154ms step_avg:29.43ms
step:346/1480 train_time:10187ms step_avg:29.44ms
step:347/1480 train_time:10213ms step_avg:29.43ms
step:348/1480 train_time:10246ms step_avg:29.44ms
step:349/1480 train_time:10272ms step_avg:29.43ms
step:350/1480 train_time:10305ms step_avg:29.44ms
step:351/1480 train_time:10332ms step_avg:29.43ms
step:352/1480 train_time:10365ms step_avg:29.44ms
step:353/1480 train_time:10391ms step_avg:29.43ms
step:354/1480 train_time:10424ms step_avg:29.45ms
step:355/1480 train_time:10449ms step_avg:29.43ms
step:356/1480 train_time:10482ms step_avg:29.44ms
step:357/1480 train_time:10508ms step_avg:29.43ms
step:358/1480 train_time:10541ms step_avg:29.44ms
step:359/1480 train_time:10567ms step_avg:29.43ms
step:360/1480 train_time:10600ms step_avg:29.44ms
step:361/1480 train_time:10626ms step_avg:29.43ms
step:362/1480 train_time:10659ms step_avg:29.45ms
step:363/1480 train_time:10685ms step_avg:29.43ms
step:364/1480 train_time:10718ms step_avg:29.44ms
step:365/1480 train_time:10744ms step_avg:29.44ms
step:366/1480 train_time:10777ms step_avg:29.44ms
step:367/1480 train_time:10803ms step_avg:29.44ms
step:368/1480 train_time:10835ms step_avg:29.44ms
step:369/1480 train_time:10861ms step_avg:29.43ms
step:370/1480 train_time:10894ms step_avg:29.44ms
step:371/1480 train_time:10920ms step_avg:29.43ms
step:372/1480 train_time:10952ms step_avg:29.44ms
step:373/1480 train_time:10979ms step_avg:29.43ms
step:374/1480 train_time:11011ms step_avg:29.44ms
step:375/1480 train_time:11038ms step_avg:29.43ms
step:376/1480 train_time:11070ms step_avg:29.44ms
step:377/1480 train_time:11096ms step_avg:29.43ms
step:378/1480 train_time:11130ms step_avg:29.44ms
step:379/1480 train_time:11156ms step_avg:29.44ms
step:380/1480 train_time:11189ms step_avg:29.45ms
step:381/1480 train_time:11215ms step_avg:29.44ms
step:382/1480 train_time:11248ms step_avg:29.44ms
step:383/1480 train_time:11274ms step_avg:29.44ms
step:384/1480 train_time:11306ms step_avg:29.44ms
step:385/1480 train_time:11333ms step_avg:29.44ms
step:386/1480 train_time:11366ms step_avg:29.44ms
step:387/1480 train_time:11392ms step_avg:29.44ms
step:388/1480 train_time:11425ms step_avg:29.45ms
step:389/1480 train_time:11451ms step_avg:29.44ms
step:390/1480 train_time:11484ms step_avg:29.45ms
step:391/1480 train_time:11510ms step_avg:29.44ms
step:392/1480 train_time:11543ms step_avg:29.45ms
step:393/1480 train_time:11568ms step_avg:29.44ms
step:394/1480 train_time:11601ms step_avg:29.44ms
step:395/1480 train_time:11627ms step_avg:29.43ms
step:396/1480 train_time:11660ms step_avg:29.44ms
step:397/1480 train_time:11686ms step_avg:29.44ms
step:398/1480 train_time:11719ms step_avg:29.45ms
step:399/1480 train_time:11746ms step_avg:29.44ms
step:400/1480 train_time:11778ms step_avg:29.45ms
step:401/1480 train_time:11804ms step_avg:29.44ms
step:402/1480 train_time:11837ms step_avg:29.45ms
step:403/1480 train_time:11863ms step_avg:29.44ms
step:404/1480 train_time:11895ms step_avg:29.44ms
step:405/1480 train_time:11921ms step_avg:29.44ms
step:406/1480 train_time:11954ms step_avg:29.44ms
step:407/1480 train_time:11980ms step_avg:29.43ms
step:408/1480 train_time:12012ms step_avg:29.44ms
step:409/1480 train_time:12038ms step_avg:29.43ms
step:410/1480 train_time:12071ms step_avg:29.44ms
step:411/1480 train_time:12097ms step_avg:29.43ms
step:412/1480 train_time:12130ms step_avg:29.44ms
step:413/1480 train_time:12156ms step_avg:29.43ms
step:414/1480 train_time:12189ms step_avg:29.44ms
step:415/1480 train_time:12216ms step_avg:29.44ms
step:416/1480 train_time:12248ms step_avg:29.44ms
step:417/1480 train_time:12275ms step_avg:29.44ms
step:418/1480 train_time:12307ms step_avg:29.44ms
step:419/1480 train_time:12334ms step_avg:29.44ms
step:420/1480 train_time:12366ms step_avg:29.44ms
step:421/1480 train_time:12392ms step_avg:29.43ms
step:422/1480 train_time:12425ms step_avg:29.44ms
step:423/1480 train_time:12451ms step_avg:29.43ms
step:424/1480 train_time:12484ms step_avg:29.44ms
step:425/1480 train_time:12510ms step_avg:29.43ms
step:426/1480 train_time:12542ms step_avg:29.44ms
step:427/1480 train_time:12568ms step_avg:29.43ms
step:428/1480 train_time:12601ms step_avg:29.44ms
step:429/1480 train_time:12627ms step_avg:29.43ms
step:430/1480 train_time:12660ms step_avg:29.44ms
step:431/1480 train_time:12686ms step_avg:29.43ms
step:432/1480 train_time:12719ms step_avg:29.44ms
step:433/1480 train_time:12744ms step_avg:29.43ms
step:434/1480 train_time:12778ms step_avg:29.44ms
step:435/1480 train_time:12803ms step_avg:29.43ms
step:436/1480 train_time:12837ms step_avg:29.44ms
step:437/1480 train_time:12862ms step_avg:29.43ms
step:438/1480 train_time:12895ms step_avg:29.44ms
step:439/1480 train_time:12921ms step_avg:29.43ms
step:440/1480 train_time:12954ms step_avg:29.44ms
step:441/1480 train_time:12980ms step_avg:29.43ms
step:442/1480 train_time:13013ms step_avg:29.44ms
step:443/1480 train_time:13039ms step_avg:29.43ms
step:444/1480 train_time:13071ms step_avg:29.44ms
step:445/1480 train_time:13097ms step_avg:29.43ms
step:446/1480 train_time:13130ms step_avg:29.44ms
step:447/1480 train_time:13156ms step_avg:29.43ms
step:448/1480 train_time:13189ms step_avg:29.44ms
step:449/1480 train_time:13216ms step_avg:29.43ms
step:450/1480 train_time:13249ms step_avg:29.44ms
step:451/1480 train_time:13275ms step_avg:29.43ms
step:452/1480 train_time:13308ms step_avg:29.44ms
step:453/1480 train_time:13334ms step_avg:29.44ms
step:454/1480 train_time:13367ms step_avg:29.44ms
step:455/1480 train_time:13393ms step_avg:29.43ms
step:456/1480 train_time:13425ms step_avg:29.44ms
step:457/1480 train_time:13451ms step_avg:29.43ms
step:458/1480 train_time:13484ms step_avg:29.44ms
step:459/1480 train_time:13509ms step_avg:29.43ms
step:460/1480 train_time:13543ms step_avg:29.44ms
step:461/1480 train_time:13568ms step_avg:29.43ms
step:462/1480 train_time:13600ms step_avg:29.44ms
step:463/1480 train_time:13626ms step_avg:29.43ms
step:464/1480 train_time:13660ms step_avg:29.44ms
step:465/1480 train_time:13686ms step_avg:29.43ms
step:466/1480 train_time:13719ms step_avg:29.44ms
step:467/1480 train_time:13745ms step_avg:29.43ms
step:468/1480 train_time:13778ms step_avg:29.44ms
step:469/1480 train_time:13804ms step_avg:29.43ms
step:470/1480 train_time:13837ms step_avg:29.44ms
step:471/1480 train_time:13863ms step_avg:29.43ms
step:472/1480 train_time:13895ms step_avg:29.44ms
step:473/1480 train_time:13921ms step_avg:29.43ms
step:474/1480 train_time:13953ms step_avg:29.44ms
step:475/1480 train_time:13980ms step_avg:29.43ms
step:476/1480 train_time:14012ms step_avg:29.44ms
step:477/1480 train_time:14038ms step_avg:29.43ms
step:478/1480 train_time:14071ms step_avg:29.44ms
step:479/1480 train_time:14097ms step_avg:29.43ms
step:480/1480 train_time:14129ms step_avg:29.44ms
step:481/1480 train_time:14157ms step_avg:29.43ms
step:482/1480 train_time:14217ms step_avg:29.50ms
step:483/1480 train_time:14269ms step_avg:29.54ms
step:484/1480 train_time:14327ms step_avg:29.60ms
step:485/1480 train_time:14380ms step_avg:29.65ms
step:486/1480 train_time:14435ms step_avg:29.70ms
step:487/1480 train_time:14487ms step_avg:29.75ms
step:488/1480 train_time:14544ms step_avg:29.80ms
step:489/1480 train_time:14597ms step_avg:29.85ms
step:490/1480 train_time:14653ms step_avg:29.90ms
step:491/1480 train_time:14705ms step_avg:29.95ms
step:492/1480 train_time:14761ms step_avg:30.00ms
step:493/1480 train_time:14813ms step_avg:30.05ms
step:494/1480 train_time:14868ms step_avg:30.10ms
step:495/1480 train_time:14920ms step_avg:30.14ms
step:496/1480 train_time:14975ms step_avg:30.19ms
step:497/1480 train_time:15028ms step_avg:30.24ms
step:498/1480 train_time:15085ms step_avg:30.29ms
step:499/1480 train_time:15137ms step_avg:30.34ms
step:500/1480 train_time:15193ms step_avg:30.39ms
step:500/1480 val_loss:4.1946 train_time:15254ms step_avg:30.51ms
step:501/1480 train_time:15273ms step_avg:30.48ms
step:502/1480 train_time:15302ms step_avg:30.48ms
step:503/1480 train_time:15354ms step_avg:30.52ms
step:504/1480 train_time:15413ms step_avg:30.58ms
step:505/1480 train_time:15465ms step_avg:30.62ms
step:506/1480 train_time:15521ms step_avg:30.67ms
step:507/1480 train_time:15573ms step_avg:30.72ms
step:508/1480 train_time:15629ms step_avg:30.77ms
step:509/1480 train_time:15682ms step_avg:30.81ms
step:510/1480 train_time:15740ms step_avg:30.86ms
step:511/1480 train_time:15790ms step_avg:30.90ms
step:512/1480 train_time:15847ms step_avg:30.95ms
step:513/1480 train_time:15899ms step_avg:30.99ms
step:514/1480 train_time:15955ms step_avg:31.04ms
step:515/1480 train_time:16007ms step_avg:31.08ms
step:516/1480 train_time:16063ms step_avg:31.13ms
step:517/1480 train_time:16114ms step_avg:31.17ms
step:518/1480 train_time:16173ms step_avg:31.22ms
step:519/1480 train_time:16226ms step_avg:31.26ms
step:520/1480 train_time:16282ms step_avg:31.31ms
step:521/1480 train_time:16335ms step_avg:31.35ms
step:522/1480 train_time:16392ms step_avg:31.40ms
step:523/1480 train_time:16445ms step_avg:31.44ms
step:524/1480 train_time:16500ms step_avg:31.49ms
step:525/1480 train_time:16551ms step_avg:31.53ms
step:526/1480 train_time:16610ms step_avg:31.58ms
step:527/1480 train_time:16662ms step_avg:31.62ms
step:528/1480 train_time:16717ms step_avg:31.66ms
step:529/1480 train_time:16769ms step_avg:31.70ms
step:530/1480 train_time:16825ms step_avg:31.75ms
step:531/1480 train_time:16878ms step_avg:31.78ms
step:532/1480 train_time:16934ms step_avg:31.83ms
step:533/1480 train_time:16985ms step_avg:31.87ms
step:534/1480 train_time:17041ms step_avg:31.91ms
step:535/1480 train_time:17094ms step_avg:31.95ms
step:536/1480 train_time:17150ms step_avg:32.00ms
step:537/1480 train_time:17203ms step_avg:32.04ms
step:538/1480 train_time:17259ms step_avg:32.08ms
step:539/1480 train_time:17312ms step_avg:32.12ms
step:540/1480 train_time:17370ms step_avg:32.17ms
step:541/1480 train_time:17423ms step_avg:32.21ms
step:542/1480 train_time:17479ms step_avg:32.25ms
step:543/1480 train_time:17531ms step_avg:32.29ms
step:544/1480 train_time:17588ms step_avg:32.33ms
step:545/1480 train_time:17640ms step_avg:32.37ms
step:546/1480 train_time:17696ms step_avg:32.41ms
step:547/1480 train_time:17749ms step_avg:32.45ms
step:548/1480 train_time:17806ms step_avg:32.49ms
step:549/1480 train_time:17858ms step_avg:32.53ms
step:550/1480 train_time:17914ms step_avg:32.57ms
step:551/1480 train_time:17966ms step_avg:32.61ms
step:552/1480 train_time:18023ms step_avg:32.65ms
step:553/1480 train_time:18075ms step_avg:32.69ms
step:554/1480 train_time:18131ms step_avg:32.73ms
step:555/1480 train_time:18183ms step_avg:32.76ms
step:556/1480 train_time:18239ms step_avg:32.80ms
step:557/1480 train_time:18291ms step_avg:32.84ms
step:558/1480 train_time:18348ms step_avg:32.88ms
step:559/1480 train_time:18400ms step_avg:32.92ms
step:560/1480 train_time:18456ms step_avg:32.96ms
step:561/1480 train_time:18510ms step_avg:32.99ms
step:562/1480 train_time:18566ms step_avg:33.04ms
step:563/1480 train_time:18618ms step_avg:33.07ms
step:564/1480 train_time:18676ms step_avg:33.11ms
step:565/1480 train_time:18727ms step_avg:33.15ms
step:566/1480 train_time:18784ms step_avg:33.19ms
step:567/1480 train_time:18836ms step_avg:33.22ms
step:568/1480 train_time:18892ms step_avg:33.26ms
step:569/1480 train_time:18945ms step_avg:33.30ms
step:570/1480 train_time:19001ms step_avg:33.34ms
step:571/1480 train_time:19053ms step_avg:33.37ms
step:572/1480 train_time:19110ms step_avg:33.41ms
step:573/1480 train_time:19162ms step_avg:33.44ms
step:574/1480 train_time:19218ms step_avg:33.48ms
step:575/1480 train_time:19270ms step_avg:33.51ms
step:576/1480 train_time:19326ms step_avg:33.55ms
step:577/1480 train_time:19379ms step_avg:33.59ms
step:578/1480 train_time:19435ms step_avg:33.63ms
step:579/1480 train_time:19488ms step_avg:33.66ms
step:580/1480 train_time:19544ms step_avg:33.70ms
step:581/1480 train_time:19599ms step_avg:33.73ms
step:582/1480 train_time:19655ms step_avg:33.77ms
step:583/1480 train_time:19708ms step_avg:33.80ms
step:584/1480 train_time:19764ms step_avg:33.84ms
step:585/1480 train_time:19816ms step_avg:33.87ms
step:586/1480 train_time:19873ms step_avg:33.91ms
step:587/1480 train_time:19924ms step_avg:33.94ms
step:588/1480 train_time:19980ms step_avg:33.98ms
step:589/1480 train_time:20032ms step_avg:34.01ms
step:590/1480 train_time:20088ms step_avg:34.05ms
step:591/1480 train_time:20141ms step_avg:34.08ms
step:592/1480 train_time:20196ms step_avg:34.12ms
step:593/1480 train_time:20249ms step_avg:34.15ms
step:594/1480 train_time:20306ms step_avg:34.18ms
step:595/1480 train_time:20358ms step_avg:34.21ms
step:596/1480 train_time:20414ms step_avg:34.25ms
step:597/1480 train_time:20467ms step_avg:34.28ms
step:598/1480 train_time:20524ms step_avg:34.32ms
step:599/1480 train_time:20576ms step_avg:34.35ms
step:600/1480 train_time:20632ms step_avg:34.39ms
step:601/1480 train_time:20685ms step_avg:34.42ms
step:602/1480 train_time:20740ms step_avg:34.45ms
step:603/1480 train_time:20792ms step_avg:34.48ms
step:604/1480 train_time:20850ms step_avg:34.52ms
step:605/1480 train_time:20902ms step_avg:34.55ms
step:606/1480 train_time:20957ms step_avg:34.58ms
step:607/1480 train_time:21010ms step_avg:34.61ms
step:608/1480 train_time:21068ms step_avg:34.65ms
step:609/1480 train_time:21119ms step_avg:34.68ms
step:610/1480 train_time:21175ms step_avg:34.71ms
step:611/1480 train_time:21227ms step_avg:34.74ms
step:612/1480 train_time:21285ms step_avg:34.78ms
step:613/1480 train_time:21337ms step_avg:34.81ms
step:614/1480 train_time:21394ms step_avg:34.84ms
step:615/1480 train_time:21447ms step_avg:34.87ms
step:616/1480 train_time:21505ms step_avg:34.91ms
step:617/1480 train_time:21557ms step_avg:34.94ms
step:618/1480 train_time:21613ms step_avg:34.97ms
step:619/1480 train_time:21665ms step_avg:35.00ms
step:620/1480 train_time:21721ms step_avg:35.03ms
step:621/1480 train_time:21774ms step_avg:35.06ms
step:622/1480 train_time:21831ms step_avg:35.10ms
step:623/1480 train_time:21882ms step_avg:35.12ms
step:624/1480 train_time:21938ms step_avg:35.16ms
step:625/1480 train_time:21990ms step_avg:35.18ms
step:626/1480 train_time:22049ms step_avg:35.22ms
step:627/1480 train_time:22101ms step_avg:35.25ms
step:628/1480 train_time:22156ms step_avg:35.28ms
step:629/1480 train_time:22209ms step_avg:35.31ms
step:630/1480 train_time:22266ms step_avg:35.34ms
step:631/1480 train_time:22318ms step_avg:35.37ms
step:632/1480 train_time:22375ms step_avg:35.40ms
step:633/1480 train_time:22427ms step_avg:35.43ms
step:634/1480 train_time:22483ms step_avg:35.46ms
step:635/1480 train_time:22535ms step_avg:35.49ms
step:636/1480 train_time:22592ms step_avg:35.52ms
step:637/1480 train_time:22645ms step_avg:35.55ms
step:638/1480 train_time:22702ms step_avg:35.58ms
step:639/1480 train_time:22754ms step_avg:35.61ms
step:640/1480 train_time:22811ms step_avg:35.64ms
step:641/1480 train_time:22863ms step_avg:35.67ms
step:642/1480 train_time:22918ms step_avg:35.70ms
step:643/1480 train_time:22970ms step_avg:35.72ms
step:644/1480 train_time:23028ms step_avg:35.76ms
step:645/1480 train_time:23080ms step_avg:35.78ms
step:646/1480 train_time:23136ms step_avg:35.81ms
step:647/1480 train_time:23188ms step_avg:35.84ms
step:648/1480 train_time:23245ms step_avg:35.87ms
step:649/1480 train_time:23297ms step_avg:35.90ms
step:650/1480 train_time:23353ms step_avg:35.93ms
step:651/1480 train_time:23406ms step_avg:35.95ms
step:652/1480 train_time:23462ms step_avg:35.98ms
step:653/1480 train_time:23514ms step_avg:36.01ms
step:654/1480 train_time:23572ms step_avg:36.04ms
step:655/1480 train_time:23624ms step_avg:36.07ms
step:656/1480 train_time:23681ms step_avg:36.10ms
step:657/1480 train_time:23734ms step_avg:36.12ms
step:658/1480 train_time:23791ms step_avg:36.16ms
step:659/1480 train_time:23843ms step_avg:36.18ms
step:660/1480 train_time:23899ms step_avg:36.21ms
step:661/1480 train_time:23951ms step_avg:36.23ms
step:662/1480 train_time:24009ms step_avg:36.27ms
step:663/1480 train_time:24060ms step_avg:36.29ms
step:664/1480 train_time:24116ms step_avg:36.32ms
step:665/1480 train_time:24168ms step_avg:36.34ms
step:666/1480 train_time:24225ms step_avg:36.37ms
step:667/1480 train_time:24277ms step_avg:36.40ms
step:668/1480 train_time:24334ms step_avg:36.43ms
step:669/1480 train_time:24385ms step_avg:36.45ms
step:670/1480 train_time:24441ms step_avg:36.48ms
step:671/1480 train_time:24494ms step_avg:36.50ms
step:672/1480 train_time:24551ms step_avg:36.53ms
step:673/1480 train_time:24603ms step_avg:36.56ms
step:674/1480 train_time:24659ms step_avg:36.59ms
step:675/1480 train_time:24712ms step_avg:36.61ms
step:676/1480 train_time:24771ms step_avg:36.64ms
step:677/1480 train_time:24822ms step_avg:36.66ms
step:678/1480 train_time:24879ms step_avg:36.69ms
step:679/1480 train_time:24930ms step_avg:36.72ms
step:680/1480 train_time:24989ms step_avg:36.75ms
step:681/1480 train_time:25041ms step_avg:36.77ms
step:682/1480 train_time:25097ms step_avg:36.80ms
step:683/1480 train_time:25149ms step_avg:36.82ms
step:684/1480 train_time:25206ms step_avg:36.85ms
step:685/1480 train_time:25258ms step_avg:36.87ms
step:686/1480 train_time:25314ms step_avg:36.90ms
step:687/1480 train_time:25366ms step_avg:36.92ms
step:688/1480 train_time:25422ms step_avg:36.95ms
step:689/1480 train_time:25475ms step_avg:36.97ms
step:690/1480 train_time:25532ms step_avg:37.00ms
step:691/1480 train_time:25584ms step_avg:37.02ms
step:692/1480 train_time:25640ms step_avg:37.05ms
step:693/1480 train_time:25693ms step_avg:37.08ms
step:694/1480 train_time:25751ms step_avg:37.11ms
step:695/1480 train_time:25804ms step_avg:37.13ms
step:696/1480 train_time:25860ms step_avg:37.16ms
step:697/1480 train_time:25914ms step_avg:37.18ms
step:698/1480 train_time:25972ms step_avg:37.21ms
step:699/1480 train_time:26025ms step_avg:37.23ms
step:700/1480 train_time:26080ms step_avg:37.26ms
step:701/1480 train_time:26132ms step_avg:37.28ms
step:702/1480 train_time:26189ms step_avg:37.31ms
step:703/1480 train_time:26241ms step_avg:37.33ms
step:704/1480 train_time:26298ms step_avg:37.35ms
step:705/1480 train_time:26350ms step_avg:37.38ms
step:706/1480 train_time:26406ms step_avg:37.40ms
step:707/1480 train_time:26458ms step_avg:37.42ms
step:708/1480 train_time:26515ms step_avg:37.45ms
step:709/1480 train_time:26568ms step_avg:37.47ms
step:710/1480 train_time:26625ms step_avg:37.50ms
step:711/1480 train_time:26676ms step_avg:37.52ms
step:712/1480 train_time:26732ms step_avg:37.55ms
step:713/1480 train_time:26785ms step_avg:37.57ms
step:714/1480 train_time:26840ms step_avg:37.59ms
step:715/1480 train_time:26894ms step_avg:37.61ms
step:716/1480 train_time:26951ms step_avg:37.64ms
step:717/1480 train_time:27003ms step_avg:37.66ms
step:718/1480 train_time:27059ms step_avg:37.69ms
step:719/1480 train_time:27112ms step_avg:37.71ms
step:720/1480 train_time:27169ms step_avg:37.73ms
step:721/1480 train_time:27221ms step_avg:37.75ms
step:722/1480 train_time:27277ms step_avg:37.78ms
step:723/1480 train_time:27329ms step_avg:37.80ms
step:724/1480 train_time:27386ms step_avg:37.83ms
step:725/1480 train_time:27437ms step_avg:37.84ms
step:726/1480 train_time:27493ms step_avg:37.87ms
step:727/1480 train_time:27547ms step_avg:37.89ms
step:728/1480 train_time:27604ms step_avg:37.92ms
step:729/1480 train_time:27656ms step_avg:37.94ms
step:730/1480 train_time:27714ms step_avg:37.96ms
step:731/1480 train_time:27766ms step_avg:37.98ms
step:732/1480 train_time:27821ms step_avg:38.01ms
step:733/1480 train_time:27875ms step_avg:38.03ms
step:734/1480 train_time:27932ms step_avg:38.05ms
step:735/1480 train_time:27984ms step_avg:38.07ms
step:736/1480 train_time:28040ms step_avg:38.10ms
step:737/1480 train_time:28092ms step_avg:38.12ms
step:738/1480 train_time:28150ms step_avg:38.14ms
step:739/1480 train_time:28204ms step_avg:38.17ms
step:740/1480 train_time:28260ms step_avg:38.19ms
step:741/1480 train_time:28313ms step_avg:38.21ms
step:742/1480 train_time:28370ms step_avg:38.23ms
step:743/1480 train_time:28422ms step_avg:38.25ms
step:744/1480 train_time:28479ms step_avg:38.28ms
step:745/1480 train_time:28531ms step_avg:38.30ms
step:746/1480 train_time:28588ms step_avg:38.32ms
step:747/1480 train_time:28641ms step_avg:38.34ms
step:748/1480 train_time:28697ms step_avg:38.37ms
step:749/1480 train_time:28750ms step_avg:38.38ms
step:750/1480 train_time:28807ms step_avg:38.41ms
step:750/1480 val_loss:3.7873 train_time:28867ms step_avg:38.49ms
step:751/1480 train_time:28886ms step_avg:38.46ms
step:752/1480 train_time:28915ms step_avg:38.45ms
step:753/1480 train_time:28968ms step_avg:38.47ms
step:754/1480 train_time:29026ms step_avg:38.50ms
step:755/1480 train_time:29078ms step_avg:38.51ms
step:756/1480 train_time:29135ms step_avg:38.54ms
step:757/1480 train_time:29186ms step_avg:38.55ms
step:758/1480 train_time:29243ms step_avg:38.58ms
step:759/1480 train_time:29294ms step_avg:38.60ms
step:760/1480 train_time:29351ms step_avg:38.62ms
step:761/1480 train_time:29402ms step_avg:38.64ms
step:762/1480 train_time:29459ms step_avg:38.66ms
step:763/1480 train_time:29511ms step_avg:38.68ms
step:764/1480 train_time:29567ms step_avg:38.70ms
step:765/1480 train_time:29620ms step_avg:38.72ms
step:766/1480 train_time:29677ms step_avg:38.74ms
step:767/1480 train_time:29729ms step_avg:38.76ms
step:768/1480 train_time:29786ms step_avg:38.78ms
step:769/1480 train_time:29841ms step_avg:38.80ms
step:770/1480 train_time:29897ms step_avg:38.83ms
step:771/1480 train_time:29951ms step_avg:38.85ms
step:772/1480 train_time:30008ms step_avg:38.87ms
step:773/1480 train_time:30060ms step_avg:38.89ms
step:774/1480 train_time:30117ms step_avg:38.91ms
step:775/1480 train_time:30169ms step_avg:38.93ms
step:776/1480 train_time:30226ms step_avg:38.95ms
step:777/1480 train_time:30278ms step_avg:38.97ms
step:778/1480 train_time:30334ms step_avg:38.99ms
step:779/1480 train_time:30385ms step_avg:39.01ms
step:780/1480 train_time:30442ms step_avg:39.03ms
step:781/1480 train_time:30493ms step_avg:39.04ms
step:782/1480 train_time:30551ms step_avg:39.07ms
step:783/1480 train_time:30603ms step_avg:39.08ms
step:784/1480 train_time:30660ms step_avg:39.11ms
step:785/1480 train_time:30711ms step_avg:39.12ms
step:786/1480 train_time:30769ms step_avg:39.15ms
step:787/1480 train_time:30823ms step_avg:39.16ms
step:788/1480 train_time:30880ms step_avg:39.19ms
step:789/1480 train_time:30932ms step_avg:39.20ms
step:790/1480 train_time:30989ms step_avg:39.23ms
step:791/1480 train_time:31041ms step_avg:39.24ms
step:792/1480 train_time:31098ms step_avg:39.26ms
step:793/1480 train_time:31150ms step_avg:39.28ms
step:794/1480 train_time:31207ms step_avg:39.30ms
step:795/1480 train_time:31260ms step_avg:39.32ms
step:796/1480 train_time:31314ms step_avg:39.34ms
step:797/1480 train_time:31366ms step_avg:39.36ms
step:798/1480 train_time:31423ms step_avg:39.38ms
step:799/1480 train_time:31474ms step_avg:39.39ms
step:800/1480 train_time:31531ms step_avg:39.41ms
step:801/1480 train_time:31583ms step_avg:39.43ms
step:802/1480 train_time:31640ms step_avg:39.45ms
step:803/1480 train_time:31691ms step_avg:39.47ms
step:804/1480 train_time:31749ms step_avg:39.49ms
step:805/1480 train_time:31801ms step_avg:39.50ms
step:806/1480 train_time:31858ms step_avg:39.53ms
step:807/1480 train_time:31911ms step_avg:39.54ms
step:808/1480 train_time:31968ms step_avg:39.56ms
step:809/1480 train_time:32020ms step_avg:39.58ms
step:810/1480 train_time:32076ms step_avg:39.60ms
step:811/1480 train_time:32129ms step_avg:39.62ms
step:812/1480 train_time:32186ms step_avg:39.64ms
step:813/1480 train_time:32238ms step_avg:39.65ms
step:814/1480 train_time:32294ms step_avg:39.67ms
step:815/1480 train_time:32345ms step_avg:39.69ms
step:816/1480 train_time:32403ms step_avg:39.71ms
step:817/1480 train_time:32455ms step_avg:39.72ms
step:818/1480 train_time:32511ms step_avg:39.74ms
step:819/1480 train_time:32564ms step_avg:39.76ms
step:820/1480 train_time:32620ms step_avg:39.78ms
step:821/1480 train_time:32672ms step_avg:39.80ms
step:822/1480 train_time:32730ms step_avg:39.82ms
step:823/1480 train_time:32782ms step_avg:39.83ms
step:824/1480 train_time:32838ms step_avg:39.85ms
step:825/1480 train_time:32891ms step_avg:39.87ms
step:826/1480 train_time:32949ms step_avg:39.89ms
step:827/1480 train_time:33002ms step_avg:39.91ms
step:828/1480 train_time:33059ms step_avg:39.93ms
step:829/1480 train_time:33111ms step_avg:39.94ms
step:830/1480 train_time:33168ms step_avg:39.96ms
step:831/1480 train_time:33220ms step_avg:39.98ms
step:832/1480 train_time:33275ms step_avg:39.99ms
step:833/1480 train_time:33328ms step_avg:40.01ms
step:834/1480 train_time:33383ms step_avg:40.03ms
step:835/1480 train_time:33434ms step_avg:40.04ms
step:836/1480 train_time:33491ms step_avg:40.06ms
step:837/1480 train_time:33543ms step_avg:40.07ms
step:838/1480 train_time:33599ms step_avg:40.09ms
step:839/1480 train_time:33652ms step_avg:40.11ms
step:840/1480 train_time:33709ms step_avg:40.13ms
step:841/1480 train_time:33763ms step_avg:40.15ms
step:842/1480 train_time:33819ms step_avg:40.16ms
step:843/1480 train_time:33871ms step_avg:40.18ms
step:844/1480 train_time:33929ms step_avg:40.20ms
step:845/1480 train_time:33981ms step_avg:40.21ms
step:846/1480 train_time:34037ms step_avg:40.23ms
step:847/1480 train_time:34090ms step_avg:40.25ms
step:848/1480 train_time:34148ms step_avg:40.27ms
step:849/1480 train_time:34200ms step_avg:40.28ms
step:850/1480 train_time:34256ms step_avg:40.30ms
step:851/1480 train_time:34308ms step_avg:40.32ms
step:852/1480 train_time:34366ms step_avg:40.34ms
step:853/1480 train_time:34418ms step_avg:40.35ms
step:854/1480 train_time:34473ms step_avg:40.37ms
step:855/1480 train_time:34526ms step_avg:40.38ms
step:856/1480 train_time:34583ms step_avg:40.40ms
step:857/1480 train_time:34635ms step_avg:40.41ms
step:858/1480 train_time:34690ms step_avg:40.43ms
step:859/1480 train_time:34743ms step_avg:40.45ms
step:860/1480 train_time:34801ms step_avg:40.47ms
step:861/1480 train_time:34853ms step_avg:40.48ms
step:862/1480 train_time:34910ms step_avg:40.50ms
step:863/1480 train_time:34963ms step_avg:40.51ms
step:864/1480 train_time:35020ms step_avg:40.53ms
step:865/1480 train_time:35072ms step_avg:40.55ms
step:866/1480 train_time:35130ms step_avg:40.57ms
step:867/1480 train_time:35182ms step_avg:40.58ms
step:868/1480 train_time:35238ms step_avg:40.60ms
step:869/1480 train_time:35290ms step_avg:40.61ms
step:870/1480 train_time:35348ms step_avg:40.63ms
step:871/1480 train_time:35401ms step_avg:40.64ms
step:872/1480 train_time:35456ms step_avg:40.66ms
step:873/1480 train_time:35509ms step_avg:40.67ms
step:874/1480 train_time:35565ms step_avg:40.69ms
step:875/1480 train_time:35618ms step_avg:40.71ms
step:876/1480 train_time:35674ms step_avg:40.72ms
step:877/1480 train_time:35726ms step_avg:40.74ms
step:878/1480 train_time:35783ms step_avg:40.76ms
step:879/1480 train_time:35835ms step_avg:40.77ms
step:880/1480 train_time:35891ms step_avg:40.79ms
step:881/1480 train_time:35944ms step_avg:40.80ms
step:882/1480 train_time:36000ms step_avg:40.82ms
step:883/1480 train_time:36052ms step_avg:40.83ms
step:884/1480 train_time:36108ms step_avg:40.85ms
step:885/1480 train_time:36161ms step_avg:40.86ms
step:886/1480 train_time:36217ms step_avg:40.88ms
step:887/1480 train_time:36270ms step_avg:40.89ms
step:888/1480 train_time:36328ms step_avg:40.91ms
step:889/1480 train_time:36380ms step_avg:40.92ms
step:890/1480 train_time:36437ms step_avg:40.94ms
step:891/1480 train_time:36489ms step_avg:40.95ms
step:892/1480 train_time:36546ms step_avg:40.97ms
step:893/1480 train_time:36599ms step_avg:40.98ms
step:894/1480 train_time:36655ms step_avg:41.00ms
step:895/1480 train_time:36707ms step_avg:41.01ms
step:896/1480 train_time:36764ms step_avg:41.03ms
step:897/1480 train_time:36817ms step_avg:41.04ms
step:898/1480 train_time:36874ms step_avg:41.06ms
step:899/1480 train_time:36927ms step_avg:41.08ms
step:900/1480 train_time:36983ms step_avg:41.09ms
step:901/1480 train_time:37036ms step_avg:41.10ms
step:902/1480 train_time:37093ms step_avg:41.12ms
step:903/1480 train_time:37145ms step_avg:41.13ms
step:904/1480 train_time:37201ms step_avg:41.15ms
step:905/1480 train_time:37254ms step_avg:41.16ms
step:906/1480 train_time:37311ms step_avg:41.18ms
step:907/1480 train_time:37363ms step_avg:41.19ms
step:908/1480 train_time:37420ms step_avg:41.21ms
step:909/1480 train_time:37471ms step_avg:41.22ms
step:910/1480 train_time:37528ms step_avg:41.24ms
step:911/1480 train_time:37580ms step_avg:41.25ms
step:912/1480 train_time:37637ms step_avg:41.27ms
step:913/1480 train_time:37689ms step_avg:41.28ms
step:914/1480 train_time:37746ms step_avg:41.30ms
step:915/1480 train_time:37799ms step_avg:41.31ms
step:916/1480 train_time:37855ms step_avg:41.33ms
step:917/1480 train_time:37908ms step_avg:41.34ms
step:918/1480 train_time:37965ms step_avg:41.36ms
step:919/1480 train_time:38019ms step_avg:41.37ms
step:920/1480 train_time:38074ms step_avg:41.39ms
step:921/1480 train_time:38126ms step_avg:41.40ms
step:922/1480 train_time:38183ms step_avg:41.41ms
step:923/1480 train_time:38236ms step_avg:41.43ms
step:924/1480 train_time:38292ms step_avg:41.44ms
step:925/1480 train_time:38344ms step_avg:41.45ms
step:926/1480 train_time:38400ms step_avg:41.47ms
step:927/1480 train_time:38452ms step_avg:41.48ms
step:928/1480 train_time:38508ms step_avg:41.50ms
step:929/1480 train_time:38562ms step_avg:41.51ms
step:930/1480 train_time:38618ms step_avg:41.53ms
step:931/1480 train_time:38670ms step_avg:41.54ms
step:932/1480 train_time:38728ms step_avg:41.55ms
step:933/1480 train_time:38780ms step_avg:41.56ms
step:934/1480 train_time:38836ms step_avg:41.58ms
step:935/1480 train_time:38888ms step_avg:41.59ms
step:936/1480 train_time:38946ms step_avg:41.61ms
step:937/1480 train_time:39000ms step_avg:41.62ms
step:938/1480 train_time:39055ms step_avg:41.64ms
step:939/1480 train_time:39107ms step_avg:41.65ms
step:940/1480 train_time:39164ms step_avg:41.66ms
step:941/1480 train_time:39216ms step_avg:41.67ms
step:942/1480 train_time:39272ms step_avg:41.69ms
step:943/1480 train_time:39324ms step_avg:41.70ms
step:944/1480 train_time:39381ms step_avg:41.72ms
step:945/1480 train_time:39432ms step_avg:41.73ms
step:946/1480 train_time:39488ms step_avg:41.74ms
step:947/1480 train_time:39542ms step_avg:41.75ms
step:948/1480 train_time:39597ms step_avg:41.77ms
step:949/1480 train_time:39650ms step_avg:41.78ms
step:950/1480 train_time:39706ms step_avg:41.80ms
step:951/1480 train_time:39759ms step_avg:41.81ms
step:952/1480 train_time:39815ms step_avg:41.82ms
step:953/1480 train_time:39867ms step_avg:41.83ms
step:954/1480 train_time:39925ms step_avg:41.85ms
step:955/1480 train_time:39977ms step_avg:41.86ms
step:956/1480 train_time:40034ms step_avg:41.88ms
step:957/1480 train_time:40086ms step_avg:41.89ms
step:958/1480 train_time:40144ms step_avg:41.90ms
step:959/1480 train_time:40196ms step_avg:41.91ms
step:960/1480 train_time:40253ms step_avg:41.93ms
step:961/1480 train_time:40306ms step_avg:41.94ms
step:962/1480 train_time:40391ms step_avg:41.99ms
step:963/1480 train_time:40468ms step_avg:42.02ms
step:964/1480 train_time:40551ms step_avg:42.07ms
step:965/1480 train_time:40627ms step_avg:42.10ms
step:966/1480 train_time:40709ms step_avg:42.14ms
step:967/1480 train_time:40785ms step_avg:42.18ms
step:968/1480 train_time:40868ms step_avg:42.22ms
step:969/1480 train_time:40946ms step_avg:42.26ms
step:970/1480 train_time:41027ms step_avg:42.30ms
step:971/1480 train_time:41106ms step_avg:42.33ms
step:972/1480 train_time:41188ms step_avg:42.37ms
step:973/1480 train_time:41265ms step_avg:42.41ms
step:974/1480 train_time:41347ms step_avg:42.45ms
step:975/1480 train_time:41425ms step_avg:42.49ms
step:976/1480 train_time:41507ms step_avg:42.53ms
step:977/1480 train_time:41585ms step_avg:42.56ms
step:978/1480 train_time:41666ms step_avg:42.60ms
step:979/1480 train_time:41745ms step_avg:42.64ms
step:980/1480 train_time:41827ms step_avg:42.68ms
step:981/1480 train_time:41904ms step_avg:42.72ms
step:982/1480 train_time:41985ms step_avg:42.76ms
step:983/1480 train_time:42064ms step_avg:42.79ms
step:984/1480 train_time:42146ms step_avg:42.83ms
step:985/1480 train_time:42224ms step_avg:42.87ms
step:986/1480 train_time:42305ms step_avg:42.91ms
step:987/1480 train_time:42384ms step_avg:42.94ms
step:988/1480 train_time:42466ms step_avg:42.98ms
step:989/1480 train_time:42546ms step_avg:43.02ms
step:990/1480 train_time:42627ms step_avg:43.06ms
step:991/1480 train_time:42705ms step_avg:43.09ms
step:992/1480 train_time:42786ms step_avg:43.13ms
step:993/1480 train_time:42864ms step_avg:43.17ms
step:994/1480 train_time:42946ms step_avg:43.21ms
step:995/1480 train_time:43024ms step_avg:43.24ms
step:996/1480 train_time:43106ms step_avg:43.28ms
step:997/1480 train_time:43185ms step_avg:43.31ms
step:998/1480 train_time:43267ms step_avg:43.35ms
step:999/1480 train_time:43346ms step_avg:43.39ms
step:1000/1480 train_time:43426ms step_avg:43.43ms
step:1000/1480 val_loss:3.5066 train_time:43513ms step_avg:43.51ms
step:1001/1480 train_time:43532ms step_avg:43.49ms
step:1002/1480 train_time:43585ms step_avg:43.50ms
step:1003/1480 train_time:43661ms step_avg:43.53ms
step:1004/1480 train_time:43745ms step_avg:43.57ms
step:1005/1480 train_time:43821ms step_avg:43.60ms
step:1006/1480 train_time:43904ms step_avg:43.64ms
step:1007/1480 train_time:43980ms step_avg:43.67ms
step:1008/1480 train_time:44059ms step_avg:43.71ms
step:1009/1480 train_time:44137ms step_avg:43.74ms
step:1010/1480 train_time:44219ms step_avg:43.78ms
step:1011/1480 train_time:44298ms step_avg:43.82ms
step:1012/1480 train_time:44378ms step_avg:43.85ms
step:1013/1480 train_time:44458ms step_avg:43.89ms
step:1014/1480 train_time:44540ms step_avg:43.92ms
step:1015/1480 train_time:44617ms step_avg:43.96ms
step:1016/1480 train_time:44700ms step_avg:44.00ms
step:1017/1480 train_time:44779ms step_avg:44.03ms
step:1018/1480 train_time:44860ms step_avg:44.07ms
step:1019/1480 train_time:44936ms step_avg:44.10ms
step:1020/1480 train_time:45019ms step_avg:44.14ms
step:1021/1480 train_time:45097ms step_avg:44.17ms
step:1022/1480 train_time:45178ms step_avg:44.21ms
step:1023/1480 train_time:45256ms step_avg:44.24ms
step:1024/1480 train_time:45338ms step_avg:44.28ms
step:1025/1480 train_time:45417ms step_avg:44.31ms
step:1026/1480 train_time:45502ms step_avg:44.35ms
step:1027/1480 train_time:45580ms step_avg:44.38ms
step:1028/1480 train_time:45661ms step_avg:44.42ms
step:1029/1480 train_time:45739ms step_avg:44.45ms
step:1030/1480 train_time:45820ms step_avg:44.49ms
step:1031/1480 train_time:45898ms step_avg:44.52ms
step:1032/1480 train_time:45979ms step_avg:44.55ms
step:1033/1480 train_time:46056ms step_avg:44.58ms
step:1034/1480 train_time:46137ms step_avg:44.62ms
step:1035/1480 train_time:46214ms step_avg:44.65ms
step:1036/1480 train_time:46296ms step_avg:44.69ms
step:1037/1480 train_time:46373ms step_avg:44.72ms
step:1038/1480 train_time:46457ms step_avg:44.76ms
step:1039/1480 train_time:46535ms step_avg:44.79ms
step:1040/1480 train_time:46617ms step_avg:44.82ms
step:1041/1480 train_time:46697ms step_avg:44.86ms
step:1042/1480 train_time:46778ms step_avg:44.89ms
step:1043/1480 train_time:46855ms step_avg:44.92ms
step:1044/1480 train_time:46935ms step_avg:44.96ms
step:1045/1480 train_time:47014ms step_avg:44.99ms
step:1046/1480 train_time:47095ms step_avg:45.02ms
step:1047/1480 train_time:47172ms step_avg:45.05ms
step:1048/1480 train_time:47254ms step_avg:45.09ms
step:1049/1480 train_time:47332ms step_avg:45.12ms
step:1050/1480 train_time:47413ms step_avg:45.16ms
step:1051/1480 train_time:47491ms step_avg:45.19ms
step:1052/1480 train_time:47573ms step_avg:45.22ms
step:1053/1480 train_time:47652ms step_avg:45.25ms
step:1054/1480 train_time:47734ms step_avg:45.29ms
step:1055/1480 train_time:47813ms step_avg:45.32ms
step:1056/1480 train_time:47895ms step_avg:45.35ms
step:1057/1480 train_time:47971ms step_avg:45.38ms
step:1058/1480 train_time:48053ms step_avg:45.42ms
step:1059/1480 train_time:48130ms step_avg:45.45ms
step:1060/1480 train_time:48211ms step_avg:45.48ms
step:1061/1480 train_time:48287ms step_avg:45.51ms
step:1062/1480 train_time:48368ms step_avg:45.54ms
step:1063/1480 train_time:48446ms step_avg:45.57ms
step:1064/1480 train_time:48527ms step_avg:45.61ms
step:1065/1480 train_time:48605ms step_avg:45.64ms
step:1066/1480 train_time:48685ms step_avg:45.67ms
step:1067/1480 train_time:48761ms step_avg:45.70ms
step:1068/1480 train_time:48844ms step_avg:45.73ms
step:1069/1480 train_time:48921ms step_avg:45.76ms
step:1070/1480 train_time:49002ms step_avg:45.80ms
step:1071/1480 train_time:49078ms step_avg:45.82ms
step:1072/1480 train_time:49160ms step_avg:45.86ms
step:1073/1480 train_time:49237ms step_avg:45.89ms
step:1074/1480 train_time:49318ms step_avg:45.92ms
step:1075/1480 train_time:49396ms step_avg:45.95ms
step:1076/1480 train_time:49478ms step_avg:45.98ms
step:1077/1480 train_time:49557ms step_avg:46.01ms
step:1078/1480 train_time:49639ms step_avg:46.05ms
step:1079/1480 train_time:49717ms step_avg:46.08ms
step:1080/1480 train_time:49799ms step_avg:46.11ms
step:1081/1480 train_time:49876ms step_avg:46.14ms
step:1082/1480 train_time:49959ms step_avg:46.17ms
step:1083/1480 train_time:50036ms step_avg:46.20ms
step:1084/1480 train_time:50118ms step_avg:46.23ms
step:1085/1480 train_time:50195ms step_avg:46.26ms
step:1086/1480 train_time:50275ms step_avg:46.29ms
step:1087/1480 train_time:50355ms step_avg:46.32ms
step:1088/1480 train_time:50436ms step_avg:46.36ms
step:1089/1480 train_time:50515ms step_avg:46.39ms
step:1090/1480 train_time:50597ms step_avg:46.42ms
step:1091/1480 train_time:50674ms step_avg:46.45ms
step:1092/1480 train_time:50757ms step_avg:46.48ms
step:1093/1480 train_time:50835ms step_avg:46.51ms
step:1094/1480 train_time:50918ms step_avg:46.54ms
step:1095/1480 train_time:50995ms step_avg:46.57ms
step:1096/1480 train_time:51076ms step_avg:46.60ms
step:1097/1480 train_time:51154ms step_avg:46.63ms
step:1098/1480 train_time:51236ms step_avg:46.66ms
step:1099/1480 train_time:51313ms step_avg:46.69ms
step:1100/1480 train_time:51395ms step_avg:46.72ms
step:1101/1480 train_time:51473ms step_avg:46.75ms
step:1102/1480 train_time:51555ms step_avg:46.78ms
step:1103/1480 train_time:51633ms step_avg:46.81ms
step:1104/1480 train_time:51716ms step_avg:46.84ms
step:1105/1480 train_time:51795ms step_avg:46.87ms
step:1106/1480 train_time:51877ms step_avg:46.90ms
step:1107/1480 train_time:51953ms step_avg:46.93ms
step:1108/1480 train_time:52034ms step_avg:46.96ms
step:1109/1480 train_time:52111ms step_avg:46.99ms
step:1110/1480 train_time:52193ms step_avg:47.02ms
step:1111/1480 train_time:52270ms step_avg:47.05ms
step:1112/1480 train_time:52351ms step_avg:47.08ms
step:1113/1480 train_time:52429ms step_avg:47.11ms
step:1114/1480 train_time:52513ms step_avg:47.14ms
step:1115/1480 train_time:52589ms step_avg:47.17ms
step:1116/1480 train_time:52671ms step_avg:47.20ms
step:1117/1480 train_time:52752ms step_avg:47.23ms
step:1118/1480 train_time:52835ms step_avg:47.26ms
step:1119/1480 train_time:52913ms step_avg:47.29ms
step:1120/1480 train_time:52996ms step_avg:47.32ms
step:1121/1480 train_time:53073ms step_avg:47.34ms
step:1122/1480 train_time:53153ms step_avg:47.37ms
step:1123/1480 train_time:53231ms step_avg:47.40ms
step:1124/1480 train_time:53313ms step_avg:47.43ms
step:1125/1480 train_time:53391ms step_avg:47.46ms
step:1126/1480 train_time:53472ms step_avg:47.49ms
step:1127/1480 train_time:53550ms step_avg:47.52ms
step:1128/1480 train_time:53631ms step_avg:47.55ms
step:1129/1480 train_time:53709ms step_avg:47.57ms
step:1130/1480 train_time:53790ms step_avg:47.60ms
step:1131/1480 train_time:53869ms step_avg:47.63ms
step:1132/1480 train_time:53951ms step_avg:47.66ms
step:1133/1480 train_time:54028ms step_avg:47.69ms
step:1134/1480 train_time:54110ms step_avg:47.72ms
step:1135/1480 train_time:54186ms step_avg:47.74ms
step:1136/1480 train_time:54267ms step_avg:47.77ms
step:1137/1480 train_time:54344ms step_avg:47.80ms
step:1138/1480 train_time:54425ms step_avg:47.83ms
step:1139/1480 train_time:54503ms step_avg:47.85ms
step:1140/1480 train_time:54584ms step_avg:47.88ms
step:1141/1480 train_time:54661ms step_avg:47.91ms
step:1142/1480 train_time:54743ms step_avg:47.94ms
step:1143/1480 train_time:54820ms step_avg:47.96ms
step:1144/1480 train_time:54902ms step_avg:47.99ms
step:1145/1480 train_time:54979ms step_avg:48.02ms
step:1146/1480 train_time:55061ms step_avg:48.05ms
step:1147/1480 train_time:55138ms step_avg:48.07ms
step:1148/1480 train_time:55219ms step_avg:48.10ms
step:1149/1480 train_time:55296ms step_avg:48.13ms
step:1150/1480 train_time:55377ms step_avg:48.15ms
step:1151/1480 train_time:55456ms step_avg:48.18ms
step:1152/1480 train_time:55537ms step_avg:48.21ms
step:1153/1480 train_time:55615ms step_avg:48.23ms
step:1154/1480 train_time:55698ms step_avg:48.27ms
step:1155/1480 train_time:55776ms step_avg:48.29ms
step:1156/1480 train_time:55858ms step_avg:48.32ms
step:1157/1480 train_time:55936ms step_avg:48.35ms
step:1158/1480 train_time:56018ms step_avg:48.37ms
step:1159/1480 train_time:56096ms step_avg:48.40ms
step:1160/1480 train_time:56177ms step_avg:48.43ms
step:1161/1480 train_time:56254ms step_avg:48.45ms
step:1162/1480 train_time:56335ms step_avg:48.48ms
step:1163/1480 train_time:56414ms step_avg:48.51ms
step:1164/1480 train_time:56496ms step_avg:48.54ms
step:1165/1480 train_time:56573ms step_avg:48.56ms
step:1166/1480 train_time:56655ms step_avg:48.59ms
step:1167/1480 train_time:56734ms step_avg:48.61ms
step:1168/1480 train_time:56816ms step_avg:48.64ms
step:1169/1480 train_time:56894ms step_avg:48.67ms
step:1170/1480 train_time:56977ms step_avg:48.70ms
step:1171/1480 train_time:57055ms step_avg:48.72ms
step:1172/1480 train_time:57135ms step_avg:48.75ms
step:1173/1480 train_time:57214ms step_avg:48.78ms
step:1174/1480 train_time:57296ms step_avg:48.80ms
step:1175/1480 train_time:57372ms step_avg:48.83ms
step:1176/1480 train_time:57455ms step_avg:48.86ms
step:1177/1480 train_time:57534ms step_avg:48.88ms
step:1178/1480 train_time:57615ms step_avg:48.91ms
step:1179/1480 train_time:57694ms step_avg:48.93ms
step:1180/1480 train_time:57775ms step_avg:48.96ms
step:1181/1480 train_time:57852ms step_avg:48.99ms
step:1182/1480 train_time:57935ms step_avg:49.01ms
step:1183/1480 train_time:58015ms step_avg:49.04ms
step:1184/1480 train_time:58096ms step_avg:49.07ms
step:1185/1480 train_time:58173ms step_avg:49.09ms
step:1186/1480 train_time:58254ms step_avg:49.12ms
step:1187/1480 train_time:58332ms step_avg:49.14ms
step:1188/1480 train_time:58415ms step_avg:49.17ms
step:1189/1480 train_time:58493ms step_avg:49.20ms
step:1190/1480 train_time:58574ms step_avg:49.22ms
step:1191/1480 train_time:58653ms step_avg:49.25ms
step:1192/1480 train_time:58734ms step_avg:49.27ms
step:1193/1480 train_time:58812ms step_avg:49.30ms
step:1194/1480 train_time:58895ms step_avg:49.33ms
step:1195/1480 train_time:58972ms step_avg:49.35ms
step:1196/1480 train_time:59053ms step_avg:49.38ms
step:1197/1480 train_time:59133ms step_avg:49.40ms
step:1198/1480 train_time:59215ms step_avg:49.43ms
step:1199/1480 train_time:59293ms step_avg:49.45ms
step:1200/1480 train_time:59373ms step_avg:49.48ms
step:1201/1480 train_time:59451ms step_avg:49.50ms
step:1202/1480 train_time:59532ms step_avg:49.53ms
step:1203/1480 train_time:59610ms step_avg:49.55ms
step:1204/1480 train_time:59692ms step_avg:49.58ms
step:1205/1480 train_time:59769ms step_avg:49.60ms
step:1206/1480 train_time:59850ms step_avg:49.63ms
step:1207/1480 train_time:59928ms step_avg:49.65ms
step:1208/1480 train_time:60009ms step_avg:49.68ms
step:1209/1480 train_time:60086ms step_avg:49.70ms
step:1210/1480 train_time:60166ms step_avg:49.72ms
step:1211/1480 train_time:60243ms step_avg:49.75ms
step:1212/1480 train_time:60325ms step_avg:49.77ms
step:1213/1480 train_time:60404ms step_avg:49.80ms
step:1214/1480 train_time:60484ms step_avg:49.82ms
step:1215/1480 train_time:60561ms step_avg:49.84ms
step:1216/1480 train_time:60644ms step_avg:49.87ms
step:1217/1480 train_time:60721ms step_avg:49.89ms
step:1218/1480 train_time:60803ms step_avg:49.92ms
step:1219/1480 train_time:60879ms step_avg:49.94ms
step:1220/1480 train_time:60960ms step_avg:49.97ms
step:1221/1480 train_time:61038ms step_avg:49.99ms
step:1222/1480 train_time:61119ms step_avg:50.02ms
step:1223/1480 train_time:61198ms step_avg:50.04ms
step:1224/1480 train_time:61279ms step_avg:50.06ms
step:1225/1480 train_time:61356ms step_avg:50.09ms
step:1226/1480 train_time:61438ms step_avg:50.11ms
step:1227/1480 train_time:61515ms step_avg:50.13ms
step:1228/1480 train_time:61598ms step_avg:50.16ms
step:1229/1480 train_time:61675ms step_avg:50.18ms
step:1230/1480 train_time:61758ms step_avg:50.21ms
step:1231/1480 train_time:61835ms step_avg:50.23ms
step:1232/1480 train_time:61916ms step_avg:50.26ms
step:1233/1480 train_time:61995ms step_avg:50.28ms
step:1234/1480 train_time:62076ms step_avg:50.30ms
step:1235/1480 train_time:62153ms step_avg:50.33ms
step:1236/1480 train_time:62236ms step_avg:50.35ms
step:1237/1480 train_time:62314ms step_avg:50.37ms
step:1238/1480 train_time:62396ms step_avg:50.40ms
step:1239/1480 train_time:62473ms step_avg:50.42ms
step:1240/1480 train_time:62555ms step_avg:50.45ms
step:1241/1480 train_time:62632ms step_avg:50.47ms
step:1242/1480 train_time:62714ms step_avg:50.49ms
step:1243/1480 train_time:62791ms step_avg:50.52ms
step:1244/1480 train_time:62872ms step_avg:50.54ms
step:1245/1480 train_time:62950ms step_avg:50.56ms
step:1246/1480 train_time:63032ms step_avg:50.59ms
step:1247/1480 train_time:63111ms step_avg:50.61ms
step:1248/1480 train_time:63192ms step_avg:50.63ms
step:1249/1480 train_time:63268ms step_avg:50.66ms
step:1250/1480 train_time:63352ms step_avg:50.68ms
step:1250/1480 val_loss:3.3735 train_time:63439ms step_avg:50.75ms
step:1251/1480 train_time:63458ms step_avg:50.73ms
step:1252/1480 train_time:63512ms step_avg:50.73ms
step:1253/1480 train_time:63591ms step_avg:50.75ms
step:1254/1480 train_time:63674ms step_avg:50.78ms
step:1255/1480 train_time:63751ms step_avg:50.80ms
step:1256/1480 train_time:63831ms step_avg:50.82ms
step:1257/1480 train_time:63908ms step_avg:50.84ms
step:1258/1480 train_time:63991ms step_avg:50.87ms
step:1259/1480 train_time:64068ms step_avg:50.89ms
step:1260/1480 train_time:64150ms step_avg:50.91ms
step:1261/1480 train_time:64227ms step_avg:50.93ms
step:1262/1480 train_time:64308ms step_avg:50.96ms
step:1263/1480 train_time:64388ms step_avg:50.98ms
step:1264/1480 train_time:64469ms step_avg:51.00ms
step:1265/1480 train_time:64549ms step_avg:51.03ms
step:1266/1480 train_time:64631ms step_avg:51.05ms
step:1267/1480 train_time:64708ms step_avg:51.07ms
step:1268/1480 train_time:64790ms step_avg:51.10ms
step:1269/1480 train_time:64868ms step_avg:51.12ms
step:1270/1480 train_time:64949ms step_avg:51.14ms
step:1271/1480 train_time:65025ms step_avg:51.16ms
step:1272/1480 train_time:65107ms step_avg:51.18ms
step:1273/1480 train_time:65186ms step_avg:51.21ms
step:1274/1480 train_time:65268ms step_avg:51.23ms
step:1275/1480 train_time:65347ms step_avg:51.25ms
step:1276/1480 train_time:65428ms step_avg:51.28ms
step:1277/1480 train_time:65508ms step_avg:51.30ms
step:1278/1480 train_time:65590ms step_avg:51.32ms
step:1279/1480 train_time:65668ms step_avg:51.34ms
step:1280/1480 train_time:65750ms step_avg:51.37ms
step:1281/1480 train_time:65828ms step_avg:51.39ms
step:1282/1480 train_time:65908ms step_avg:51.41ms
step:1283/1480 train_time:65987ms step_avg:51.43ms
step:1284/1480 train_time:66069ms step_avg:51.46ms
step:1285/1480 train_time:66147ms step_avg:51.48ms
step:1286/1480 train_time:66228ms step_avg:51.50ms
step:1287/1480 train_time:66306ms step_avg:51.52ms
step:1288/1480 train_time:66388ms step_avg:51.54ms
step:1289/1480 train_time:66467ms step_avg:51.56ms
step:1290/1480 train_time:66550ms step_avg:51.59ms
step:1291/1480 train_time:66629ms step_avg:51.61ms
step:1292/1480 train_time:66710ms step_avg:51.63ms
step:1293/1480 train_time:66787ms step_avg:51.65ms
step:1294/1480 train_time:66869ms step_avg:51.68ms
step:1295/1480 train_time:66948ms step_avg:51.70ms
step:1296/1480 train_time:67029ms step_avg:51.72ms
step:1297/1480 train_time:67107ms step_avg:51.74ms
step:1298/1480 train_time:67189ms step_avg:51.76ms
step:1299/1480 train_time:67266ms step_avg:51.78ms
step:1300/1480 train_time:67348ms step_avg:51.81ms
step:1301/1480 train_time:67426ms step_avg:51.83ms
step:1302/1480 train_time:67510ms step_avg:51.85ms
step:1303/1480 train_time:67588ms step_avg:51.87ms
step:1304/1480 train_time:67671ms step_avg:51.89ms
step:1305/1480 train_time:67748ms step_avg:51.91ms
step:1306/1480 train_time:67830ms step_avg:51.94ms
step:1307/1480 train_time:67908ms step_avg:51.96ms
step:1308/1480 train_time:67989ms step_avg:51.98ms
step:1309/1480 train_time:68068ms step_avg:52.00ms
step:1310/1480 train_time:68150ms step_avg:52.02ms
step:1311/1480 train_time:68227ms step_avg:52.04ms
step:1312/1480 train_time:68308ms step_avg:52.06ms
step:1313/1480 train_time:68387ms step_avg:52.08ms
step:1314/1480 train_time:68470ms step_avg:52.11ms
step:1315/1480 train_time:68548ms step_avg:52.13ms
step:1316/1480 train_time:68629ms step_avg:52.15ms
step:1317/1480 train_time:68707ms step_avg:52.17ms
step:1318/1480 train_time:68788ms step_avg:52.19ms
step:1319/1480 train_time:68868ms step_avg:52.21ms
step:1320/1480 train_time:68949ms step_avg:52.23ms
step:1321/1480 train_time:69027ms step_avg:52.25ms
step:1322/1480 train_time:69110ms step_avg:52.28ms
step:1323/1480 train_time:69187ms step_avg:52.30ms
step:1324/1480 train_time:69269ms step_avg:52.32ms
step:1325/1480 train_time:69347ms step_avg:52.34ms
step:1326/1480 train_time:69427ms step_avg:52.36ms
step:1327/1480 train_time:69507ms step_avg:52.38ms
step:1328/1480 train_time:69589ms step_avg:52.40ms
step:1329/1480 train_time:69667ms step_avg:52.42ms
step:1330/1480 train_time:69749ms step_avg:52.44ms
step:1331/1480 train_time:69827ms step_avg:52.46ms
step:1332/1480 train_time:69908ms step_avg:52.48ms
step:1333/1480 train_time:69987ms step_avg:52.50ms
step:1334/1480 train_time:70069ms step_avg:52.53ms
step:1335/1480 train_time:70148ms step_avg:52.55ms
step:1336/1480 train_time:70229ms step_avg:52.57ms
step:1337/1480 train_time:70308ms step_avg:52.59ms
step:1338/1480 train_time:70390ms step_avg:52.61ms
step:1339/1480 train_time:70467ms step_avg:52.63ms
step:1340/1480 train_time:70550ms step_avg:52.65ms
step:1341/1480 train_time:70628ms step_avg:52.67ms
step:1342/1480 train_time:70709ms step_avg:52.69ms
step:1343/1480 train_time:70788ms step_avg:52.71ms
step:1344/1480 train_time:70869ms step_avg:52.73ms
step:1345/1480 train_time:70947ms step_avg:52.75ms
step:1346/1480 train_time:71030ms step_avg:52.77ms
step:1347/1480 train_time:71107ms step_avg:52.79ms
step:1348/1480 train_time:71189ms step_avg:52.81ms
step:1349/1480 train_time:71266ms step_avg:52.83ms
step:1350/1480 train_time:71348ms step_avg:52.85ms
step:1351/1480 train_time:71425ms step_avg:52.87ms
step:1352/1480 train_time:71508ms step_avg:52.89ms
step:1353/1480 train_time:71587ms step_avg:52.91ms
step:1354/1480 train_time:71669ms step_avg:52.93ms
step:1355/1480 train_time:71747ms step_avg:52.95ms
step:1356/1480 train_time:71829ms step_avg:52.97ms
step:1357/1480 train_time:71908ms step_avg:52.99ms
step:1358/1480 train_time:71990ms step_avg:53.01ms
step:1359/1480 train_time:72068ms step_avg:53.03ms
step:1360/1480 train_time:72149ms step_avg:53.05ms
step:1361/1480 train_time:72226ms step_avg:53.07ms
step:1362/1480 train_time:72308ms step_avg:53.09ms
step:1363/1480 train_time:72386ms step_avg:53.11ms
step:1364/1480 train_time:72468ms step_avg:53.13ms
step:1365/1480 train_time:72546ms step_avg:53.15ms
step:1366/1480 train_time:72628ms step_avg:53.17ms
step:1367/1480 train_time:72707ms step_avg:53.19ms
step:1368/1480 train_time:72788ms step_avg:53.21ms
step:1369/1480 train_time:72867ms step_avg:53.23ms
step:1370/1480 train_time:72949ms step_avg:53.25ms
step:1371/1480 train_time:73028ms step_avg:53.27ms
step:1372/1480 train_time:73109ms step_avg:53.29ms
step:1373/1480 train_time:73187ms step_avg:53.30ms
step:1374/1480 train_time:73268ms step_avg:53.32ms
step:1375/1480 train_time:73347ms step_avg:53.34ms
step:1376/1480 train_time:73428ms step_avg:53.36ms
step:1377/1480 train_time:73507ms step_avg:53.38ms
step:1378/1480 train_time:73589ms step_avg:53.40ms
step:1379/1480 train_time:73667ms step_avg:53.42ms
step:1380/1480 train_time:73750ms step_avg:53.44ms
step:1381/1480 train_time:73827ms step_avg:53.46ms
step:1382/1480 train_time:73908ms step_avg:53.48ms
step:1383/1480 train_time:73985ms step_avg:53.50ms
step:1384/1480 train_time:74068ms step_avg:53.52ms
step:1385/1480 train_time:74147ms step_avg:53.54ms
step:1386/1480 train_time:74228ms step_avg:53.56ms
step:1387/1480 train_time:74306ms step_avg:53.57ms
step:1388/1480 train_time:74387ms step_avg:53.59ms
step:1389/1480 train_time:74466ms step_avg:53.61ms
step:1390/1480 train_time:74548ms step_avg:53.63ms
step:1391/1480 train_time:74626ms step_avg:53.65ms
step:1392/1480 train_time:74708ms step_avg:53.67ms
step:1393/1480 train_time:74787ms step_avg:53.69ms
step:1394/1480 train_time:74868ms step_avg:53.71ms
step:1395/1480 train_time:74946ms step_avg:53.72ms
step:1396/1480 train_time:75028ms step_avg:53.75ms
step:1397/1480 train_time:75105ms step_avg:53.76ms
step:1398/1480 train_time:75188ms step_avg:53.78ms
step:1399/1480 train_time:75267ms step_avg:53.80ms
step:1400/1480 train_time:75349ms step_avg:53.82ms
step:1401/1480 train_time:75426ms step_avg:53.84ms
step:1402/1480 train_time:75508ms step_avg:53.86ms
step:1403/1480 train_time:75586ms step_avg:53.87ms
step:1404/1480 train_time:75669ms step_avg:53.90ms
step:1405/1480 train_time:75748ms step_avg:53.91ms
step:1406/1480 train_time:75829ms step_avg:53.93ms
step:1407/1480 train_time:75908ms step_avg:53.95ms
step:1408/1480 train_time:75989ms step_avg:53.97ms
step:1409/1480 train_time:76066ms step_avg:53.99ms
step:1410/1480 train_time:76149ms step_avg:54.01ms
step:1411/1480 train_time:76227ms step_avg:54.02ms
step:1412/1480 train_time:76308ms step_avg:54.04ms
step:1413/1480 train_time:76386ms step_avg:54.06ms
step:1414/1480 train_time:76468ms step_avg:54.08ms
step:1415/1480 train_time:76546ms step_avg:54.10ms
step:1416/1480 train_time:76627ms step_avg:54.12ms
step:1417/1480 train_time:76706ms step_avg:54.13ms
step:1418/1480 train_time:76788ms step_avg:54.15ms
step:1419/1480 train_time:76867ms step_avg:54.17ms
step:1420/1480 train_time:76950ms step_avg:54.19ms
step:1421/1480 train_time:77028ms step_avg:54.21ms
step:1422/1480 train_time:77109ms step_avg:54.23ms
step:1423/1480 train_time:77188ms step_avg:54.24ms
step:1424/1480 train_time:77270ms step_avg:54.26ms
step:1425/1480 train_time:77348ms step_avg:54.28ms
step:1426/1480 train_time:77428ms step_avg:54.30ms
step:1427/1480 train_time:77507ms step_avg:54.31ms
step:1428/1480 train_time:77588ms step_avg:54.33ms
step:1429/1480 train_time:77666ms step_avg:54.35ms
step:1430/1480 train_time:77749ms step_avg:54.37ms
step:1431/1480 train_time:77827ms step_avg:54.39ms
step:1432/1480 train_time:77909ms step_avg:54.41ms
step:1433/1480 train_time:77987ms step_avg:54.42ms
step:1434/1480 train_time:78068ms step_avg:54.44ms
step:1435/1480 train_time:78148ms step_avg:54.46ms
step:1436/1480 train_time:78230ms step_avg:54.48ms
step:1437/1480 train_time:78307ms step_avg:54.49ms
step:1438/1480 train_time:78389ms step_avg:54.51ms
step:1439/1480 train_time:78468ms step_avg:54.53ms
step:1440/1480 train_time:78549ms step_avg:54.55ms
step:1441/1480 train_time:78627ms step_avg:54.56ms
step:1442/1480 train_time:78713ms step_avg:54.59ms
step:1443/1480 train_time:78792ms step_avg:54.60ms
step:1444/1480 train_time:78873ms step_avg:54.62ms
step:1445/1480 train_time:78951ms step_avg:54.64ms
step:1446/1480 train_time:79031ms step_avg:54.66ms
step:1447/1480 train_time:79109ms step_avg:54.67ms
step:1448/1480 train_time:79192ms step_avg:54.69ms
step:1449/1480 train_time:79269ms step_avg:54.71ms
step:1450/1480 train_time:79352ms step_avg:54.73ms
step:1451/1480 train_time:79431ms step_avg:54.74ms
step:1452/1480 train_time:79513ms step_avg:54.76ms
step:1453/1480 train_time:79592ms step_avg:54.78ms
step:1454/1480 train_time:79673ms step_avg:54.80ms
step:1455/1480 train_time:79752ms step_avg:54.81ms
step:1456/1480 train_time:79833ms step_avg:54.83ms
step:1457/1480 train_time:79910ms step_avg:54.85ms
step:1458/1480 train_time:79992ms step_avg:54.86ms
step:1459/1480 train_time:80070ms step_avg:54.88ms
step:1460/1480 train_time:80152ms step_avg:54.90ms
step:1461/1480 train_time:80229ms step_avg:54.91ms
step:1462/1480 train_time:80313ms step_avg:54.93ms
step:1463/1480 train_time:80391ms step_avg:54.95ms
step:1464/1480 train_time:80473ms step_avg:54.97ms
step:1465/1480 train_time:80551ms step_avg:54.98ms
step:1466/1480 train_time:80632ms step_avg:55.00ms
step:1467/1480 train_time:80709ms step_avg:55.02ms
step:1468/1480 train_time:80792ms step_avg:55.04ms
step:1469/1480 train_time:80869ms step_avg:55.05ms
step:1470/1480 train_time:80952ms step_avg:55.07ms
step:1471/1480 train_time:81029ms step_avg:55.08ms
step:1472/1480 train_time:81111ms step_avg:55.10ms
step:1473/1480 train_time:81189ms step_avg:55.12ms
step:1474/1480 train_time:81271ms step_avg:55.14ms
step:1475/1480 train_time:81349ms step_avg:55.15ms
step:1476/1480 train_time:81430ms step_avg:55.17ms
step:1477/1480 train_time:81509ms step_avg:55.19ms
step:1478/1480 train_time:81591ms step_avg:55.20ms
step:1479/1480 train_time:81668ms step_avg:55.22ms
step:1480/1480 train_time:81751ms step_avg:55.24ms
step:1480/1480 val_loss:3.2958 train_time:81839ms step_avg:55.30ms
peak memory allocated: 31344 MiB reserved: 45826 MiB
train_done_utc=2026-05-14T10:51:15Z
rc=0
