[Gloo] Rank [Gloo] Rank 4 is connected to 57 is connected to  peer ranks. 7Expected number of connected peer ranks is :  peer ranks. 7Expected number of connected peer ranks is : 
7
[Gloo] Rank 0 is connected to 7 peer ranks. Expected number of connected peer ranks is : 7
[Gloo] Rank 1 is connected to 7 peer ranks. Expected number of connected peer ranks is : 7
[Gloo] Rank 2 is connected to 7 peer ranks. Expected number of connected peer ranks is : 7
[Gloo] Rank 3 is connected to 7 peer ranks. Expected number of connected peer ranks is : 7
[Gloo] Rank 7 is connected to 7 peer ranks. Expected number of connected peer ranks is : 7
[Gloo] Rank 6 is connected to 7 peer ranks. Expected number of connected peer ranks is : 7
logs/600b88b4-a87b-4201-a8ab-f7bc7b5c0fcf.txt
Compiling model and warming up kernels (~7 minutes on first execution)
Sampling steps [0, 1, 478, 479, 480, 481, 958, 959, 960, 961, 1438, 1439, 1440, 1441] for warmup
Resetting Model
step:0/1480 val_loss:10.8327 train_time:0ms step_avg:0.04ms
step:1/1480 train_time:47ms step_avg:47.22ms
step:2/1480 train_time:68ms step_avg:33.93ms
step:3/1480 train_time:85ms step_avg:28.39ms
step:4/1480 train_time:116ms step_avg:28.99ms
step:5/1480 train_time:140ms step_avg:28.08ms
step:6/1480 train_time:173ms step_avg:28.86ms
step:7/1480 train_time:198ms step_avg:28.23ms
step:8/1480 train_time:231ms step_avg:28.83ms
step:9/1480 train_time:255ms step_avg:28.36ms
step:10/1480 train_time:288ms step_avg:28.75ms
step:11/1480 train_time:313ms step_avg:28.41ms
step:12/1480 train_time:345ms step_avg:28.75ms
step:13/1480 train_time:370ms step_avg:28.48ms
step:14/1480 train_time:403ms step_avg:28.78ms
step:15/1480 train_time:428ms step_avg:28.52ms
step:16/1480 train_time:460ms step_avg:28.76ms
step:17/1480 train_time:486ms step_avg:28.58ms
step:18/1480 train_time:518ms step_avg:28.80ms
step:19/1480 train_time:544ms step_avg:28.65ms
step:20/1480 train_time:577ms step_avg:28.84ms
step:21/1480 train_time:602ms step_avg:28.65ms
step:22/1480 train_time:635ms step_avg:28.86ms
step:23/1480 train_time:660ms step_avg:28.69ms
step:24/1480 train_time:693ms step_avg:28.88ms
step:25/1480 train_time:718ms step_avg:28.72ms
step:26/1480 train_time:751ms step_avg:28.89ms
step:27/1480 train_time:776ms step_avg:28.75ms
step:28/1480 train_time:809ms step_avg:28.90ms
step:29/1480 train_time:835ms step_avg:28.78ms
step:30/1480 train_time:867ms step_avg:28.90ms
step:31/1480 train_time:892ms step_avg:28.78ms
step:32/1480 train_time:927ms step_avg:28.96ms
step:33/1480 train_time:956ms step_avg:28.97ms
step:34/1480 train_time:991ms step_avg:29.16ms
step:35/1480 train_time:1019ms step_avg:29.10ms
step:36/1480 train_time:1054ms step_avg:29.27ms
step:37/1480 train_time:1080ms step_avg:29.19ms
step:38/1480 train_time:1114ms step_avg:29.32ms
step:39/1480 train_time:1140ms step_avg:29.23ms
step:40/1480 train_time:1173ms step_avg:29.34ms
step:41/1480 train_time:1199ms step_avg:29.24ms
step:42/1480 train_time:1232ms step_avg:29.33ms
step:43/1480 train_time:1257ms step_avg:29.24ms
step:44/1480 train_time:1291ms step_avg:29.34ms
step:45/1480 train_time:1316ms step_avg:29.25ms
step:46/1480 train_time:1350ms step_avg:29.35ms
step:47/1480 train_time:1376ms step_avg:29.27ms
step:48/1480 train_time:1409ms step_avg:29.35ms
step:49/1480 train_time:1434ms step_avg:29.27ms
step:50/1480 train_time:1467ms step_avg:29.33ms
step:51/1480 train_time:1492ms step_avg:29.25ms
step:52/1480 train_time:1525ms step_avg:29.32ms
step:53/1480 train_time:1550ms step_avg:29.24ms
step:54/1480 train_time:1583ms step_avg:29.31ms
step:55/1480 train_time:1609ms step_avg:29.25ms
step:56/1480 train_time:1641ms step_avg:29.31ms
step:57/1480 train_time:1667ms step_avg:29.25ms
step:58/1480 train_time:1700ms step_avg:29.31ms
step:59/1480 train_time:1726ms step_avg:29.25ms
step:60/1480 train_time:1758ms step_avg:29.31ms
step:61/1480 train_time:1784ms step_avg:29.24ms
step:62/1480 train_time:1816ms step_avg:29.29ms
step:63/1480 train_time:1842ms step_avg:29.24ms
step:64/1480 train_time:1876ms step_avg:29.31ms
step:65/1480 train_time:1902ms step_avg:29.26ms
step:66/1480 train_time:1936ms step_avg:29.33ms
step:67/1480 train_time:1962ms step_avg:29.28ms
step:68/1480 train_time:1997ms step_avg:29.36ms
step:69/1480 train_time:2023ms step_avg:29.31ms
step:70/1480 train_time:2056ms step_avg:29.38ms
step:71/1480 train_time:2082ms step_avg:29.33ms
step:72/1480 train_time:2116ms step_avg:29.39ms
step:73/1480 train_time:2142ms step_avg:29.34ms
step:74/1480 train_time:2176ms step_avg:29.40ms
step:75/1480 train_time:2201ms step_avg:29.35ms
step:76/1480 train_time:2236ms step_avg:29.42ms
step:77/1480 train_time:2261ms step_avg:29.36ms
step:78/1480 train_time:2294ms step_avg:29.41ms
step:79/1480 train_time:2320ms step_avg:29.36ms
step:80/1480 train_time:2353ms step_avg:29.41ms
step:81/1480 train_time:2378ms step_avg:29.36ms
step:82/1480 train_time:2411ms step_avg:29.41ms
step:83/1480 train_time:2437ms step_avg:29.36ms
step:84/1480 train_time:2470ms step_avg:29.40ms
step:85/1480 train_time:2495ms step_avg:29.35ms
step:86/1480 train_time:2528ms step_avg:29.40ms
step:87/1480 train_time:2554ms step_avg:29.35ms
step:88/1480 train_time:2586ms step_avg:29.39ms
step:89/1480 train_time:2611ms step_avg:29.34ms
step:90/1480 train_time:2644ms step_avg:29.38ms
step:91/1480 train_time:2670ms step_avg:29.34ms
step:92/1480 train_time:2703ms step_avg:29.38ms
step:93/1480 train_time:2729ms step_avg:29.34ms
step:94/1480 train_time:2761ms step_avg:29.38ms
step:95/1480 train_time:2787ms step_avg:29.34ms
step:96/1480 train_time:2820ms step_avg:29.37ms
step:97/1480 train_time:2847ms step_avg:29.35ms
step:98/1480 train_time:2879ms step_avg:29.38ms
step:99/1480 train_time:2906ms step_avg:29.35ms
step:100/1480 train_time:2939ms step_avg:29.39ms
step:101/1480 train_time:2965ms step_avg:29.35ms
step:102/1480 train_time:2998ms step_avg:29.39ms
step:103/1480 train_time:3024ms step_avg:29.36ms
step:104/1480 train_time:3057ms step_avg:29.40ms
step:105/1480 train_time:3083ms step_avg:29.37ms
step:106/1480 train_time:3117ms step_avg:29.40ms
step:107/1480 train_time:3143ms step_avg:29.38ms
step:108/1480 train_time:3176ms step_avg:29.41ms
step:109/1480 train_time:3202ms step_avg:29.38ms
step:110/1480 train_time:3236ms step_avg:29.41ms
step:111/1480 train_time:3261ms step_avg:29.38ms
step:112/1480 train_time:3295ms step_avg:29.42ms
step:113/1480 train_time:3320ms step_avg:29.38ms
step:114/1480 train_time:3354ms step_avg:29.42ms
step:115/1480 train_time:3380ms step_avg:29.39ms
step:116/1480 train_time:3413ms step_avg:29.42ms
step:117/1480 train_time:3439ms step_avg:29.39ms
step:118/1480 train_time:3472ms step_avg:29.43ms
step:119/1480 train_time:3497ms step_avg:29.39ms
step:120/1480 train_time:3531ms step_avg:29.43ms
step:121/1480 train_time:3557ms step_avg:29.39ms
step:122/1480 train_time:3590ms step_avg:29.43ms
step:123/1480 train_time:3616ms step_avg:29.40ms
step:124/1480 train_time:3650ms step_avg:29.43ms
step:125/1480 train_time:3675ms step_avg:29.40ms
step:126/1480 train_time:3708ms step_avg:29.43ms
step:127/1480 train_time:3734ms step_avg:29.40ms
step:128/1480 train_time:3767ms step_avg:29.43ms
step:129/1480 train_time:3793ms step_avg:29.40ms
step:130/1480 train_time:3825ms step_avg:29.43ms
step:131/1480 train_time:3852ms step_avg:29.40ms
step:132/1480 train_time:3885ms step_avg:29.43ms
step:133/1480 train_time:3911ms step_avg:29.40ms
step:134/1480 train_time:3944ms step_avg:29.43ms
step:135/1480 train_time:3970ms step_avg:29.41ms
step:136/1480 train_time:4003ms step_avg:29.43ms
step:137/1480 train_time:4029ms step_avg:29.41ms
step:138/1480 train_time:4062ms step_avg:29.44ms
step:139/1480 train_time:4088ms step_avg:29.41ms
step:140/1480 train_time:4121ms step_avg:29.44ms
step:141/1480 train_time:4147ms step_avg:29.41ms
step:142/1480 train_time:4180ms step_avg:29.44ms
step:143/1480 train_time:4206ms step_avg:29.41ms
step:144/1480 train_time:4239ms step_avg:29.44ms
step:145/1480 train_time:4266ms step_avg:29.42ms
step:146/1480 train_time:4299ms step_avg:29.44ms
step:147/1480 train_time:4325ms step_avg:29.42ms
step:148/1480 train_time:4358ms step_avg:29.45ms
step:149/1480 train_time:4383ms step_avg:29.42ms
step:150/1480 train_time:4416ms step_avg:29.44ms
step:151/1480 train_time:4442ms step_avg:29.41ms
step:152/1480 train_time:4475ms step_avg:29.44ms
step:153/1480 train_time:4501ms step_avg:29.42ms
step:154/1480 train_time:4534ms step_avg:29.44ms
step:155/1480 train_time:4560ms step_avg:29.42ms
step:156/1480 train_time:4593ms step_avg:29.45ms
step:157/1480 train_time:4619ms step_avg:29.42ms
step:158/1480 train_time:4652ms step_avg:29.44ms
step:159/1480 train_time:4678ms step_avg:29.42ms
step:160/1480 train_time:4711ms step_avg:29.44ms
step:161/1480 train_time:4736ms step_avg:29.42ms
step:162/1480 train_time:4770ms step_avg:29.45ms
step:163/1480 train_time:4796ms step_avg:29.42ms
step:164/1480 train_time:4829ms step_avg:29.45ms
step:165/1480 train_time:4855ms step_avg:29.42ms
step:166/1480 train_time:4889ms step_avg:29.45ms
step:167/1480 train_time:4914ms step_avg:29.43ms
step:168/1480 train_time:4947ms step_avg:29.45ms
step:169/1480 train_time:4973ms step_avg:29.43ms
step:170/1480 train_time:5006ms step_avg:29.45ms
step:171/1480 train_time:5032ms step_avg:29.43ms
step:172/1480 train_time:5066ms step_avg:29.45ms
step:173/1480 train_time:5091ms step_avg:29.43ms
step:174/1480 train_time:5124ms step_avg:29.45ms
step:175/1480 train_time:5150ms step_avg:29.43ms
step:176/1480 train_time:5183ms step_avg:29.45ms
step:177/1480 train_time:5209ms step_avg:29.43ms
step:178/1480 train_time:5242ms step_avg:29.45ms
step:179/1480 train_time:5268ms step_avg:29.43ms
step:180/1480 train_time:5302ms step_avg:29.45ms
step:181/1480 train_time:5327ms step_avg:29.43ms
step:182/1480 train_time:5360ms step_avg:29.45ms
step:183/1480 train_time:5386ms step_avg:29.43ms
step:184/1480 train_time:5418ms step_avg:29.45ms
step:185/1480 train_time:5445ms step_avg:29.43ms
step:186/1480 train_time:5477ms step_avg:29.45ms
step:187/1480 train_time:5503ms step_avg:29.43ms
step:188/1480 train_time:5536ms step_avg:29.45ms
step:189/1480 train_time:5562ms step_avg:29.43ms
step:190/1480 train_time:5595ms step_avg:29.45ms
step:191/1480 train_time:5621ms step_avg:29.43ms
step:192/1480 train_time:5654ms step_avg:29.45ms
step:193/1480 train_time:5680ms step_avg:29.43ms
step:194/1480 train_time:5713ms step_avg:29.45ms
step:195/1480 train_time:5738ms step_avg:29.42ms
step:196/1480 train_time:5772ms step_avg:29.45ms
step:197/1480 train_time:5797ms step_avg:29.43ms
step:198/1480 train_time:5831ms step_avg:29.45ms
step:199/1480 train_time:5856ms step_avg:29.43ms
step:200/1480 train_time:5890ms step_avg:29.45ms
step:201/1480 train_time:5915ms step_avg:29.43ms
step:202/1480 train_time:5949ms step_avg:29.45ms
step:203/1480 train_time:5975ms step_avg:29.43ms
step:204/1480 train_time:6008ms step_avg:29.45ms
step:205/1480 train_time:6033ms step_avg:29.43ms
step:206/1480 train_time:6066ms step_avg:29.45ms
step:207/1480 train_time:6093ms step_avg:29.43ms
step:208/1480 train_time:6126ms step_avg:29.45ms
step:209/1480 train_time:6152ms step_avg:29.44ms
step:210/1480 train_time:6185ms step_avg:29.45ms
step:211/1480 train_time:6211ms step_avg:29.44ms
step:212/1480 train_time:6245ms step_avg:29.46ms
step:213/1480 train_time:6271ms step_avg:29.44ms
step:214/1480 train_time:6304ms step_avg:29.46ms
step:215/1480 train_time:6330ms step_avg:29.44ms
step:216/1480 train_time:6363ms step_avg:29.46ms
step:217/1480 train_time:6389ms step_avg:29.44ms
step:218/1480 train_time:6422ms step_avg:29.46ms
step:219/1480 train_time:6448ms step_avg:29.44ms
step:220/1480 train_time:6481ms step_avg:29.46ms
step:221/1480 train_time:6506ms step_avg:29.44ms
step:222/1480 train_time:6539ms step_avg:29.45ms
step:223/1480 train_time:6565ms step_avg:29.44ms
step:224/1480 train_time:6598ms step_avg:29.45ms
step:225/1480 train_time:6624ms step_avg:29.44ms
step:226/1480 train_time:6657ms step_avg:29.46ms
step:227/1480 train_time:6683ms step_avg:29.44ms
step:228/1480 train_time:6716ms step_avg:29.46ms
step:229/1480 train_time:6741ms step_avg:29.44ms
step:230/1480 train_time:6775ms step_avg:29.46ms
step:231/1480 train_time:6800ms step_avg:29.44ms
step:232/1480 train_time:6834ms step_avg:29.46ms
step:233/1480 train_time:6860ms step_avg:29.44ms
step:234/1480 train_time:6894ms step_avg:29.46ms
step:235/1480 train_time:6919ms step_avg:29.44ms
step:236/1480 train_time:6953ms step_avg:29.46ms
step:237/1480 train_time:6978ms step_avg:29.44ms
step:238/1480 train_time:7012ms step_avg:29.46ms
step:239/1480 train_time:7037ms step_avg:29.44ms
step:240/1480 train_time:7071ms step_avg:29.46ms
step:241/1480 train_time:7097ms step_avg:29.45ms
step:242/1480 train_time:7131ms step_avg:29.47ms
step:243/1480 train_time:7156ms step_avg:29.45ms
step:244/1480 train_time:7190ms step_avg:29.47ms
step:245/1480 train_time:7215ms step_avg:29.45ms
step:246/1480 train_time:7249ms step_avg:29.47ms
step:247/1480 train_time:7275ms step_avg:29.45ms
step:248/1480 train_time:7308ms step_avg:29.47ms
step:249/1480 train_time:7334ms step_avg:29.45ms
step:250/1480 train_time:7367ms step_avg:29.47ms
step:250/1480 val_loss:4.5018 train_time:7399ms step_avg:29.60ms
step:251/1480 train_time:7419ms step_avg:29.56ms
step:252/1480 train_time:7438ms step_avg:29.51ms
step:253/1480 train_time:7454ms step_avg:29.46ms
step:254/1480 train_time:7485ms step_avg:29.47ms
step:255/1480 train_time:7511ms step_avg:29.45ms
step:256/1480 train_time:7545ms step_avg:29.47ms
step:257/1480 train_time:7571ms step_avg:29.46ms
step:258/1480 train_time:7604ms step_avg:29.47ms
step:259/1480 train_time:7629ms step_avg:29.46ms
step:260/1480 train_time:7662ms step_avg:29.47ms
step:261/1480 train_time:7688ms step_avg:29.45ms
step:262/1480 train_time:7721ms step_avg:29.47ms
step:263/1480 train_time:7746ms step_avg:29.45ms
step:264/1480 train_time:7778ms step_avg:29.46ms
step:265/1480 train_time:7804ms step_avg:29.45ms
step:266/1480 train_time:7837ms step_avg:29.46ms
step:267/1480 train_time:7862ms step_avg:29.45ms
step:268/1480 train_time:7895ms step_avg:29.46ms
step:269/1480 train_time:7920ms step_avg:29.44ms
step:270/1480 train_time:7952ms step_avg:29.45ms
step:271/1480 train_time:7978ms step_avg:29.44ms
step:272/1480 train_time:8011ms step_avg:29.45ms
step:273/1480 train_time:8036ms step_avg:29.44ms
step:274/1480 train_time:8070ms step_avg:29.45ms
step:275/1480 train_time:8096ms step_avg:29.44ms
step:276/1480 train_time:8128ms step_avg:29.45ms
step:277/1480 train_time:8154ms step_avg:29.44ms
step:278/1480 train_time:8188ms step_avg:29.45ms
step:279/1480 train_time:8213ms step_avg:29.44ms
step:280/1480 train_time:8246ms step_avg:29.45ms
step:281/1480 train_time:8272ms step_avg:29.44ms
step:282/1480 train_time:8308ms step_avg:29.46ms
step:283/1480 train_time:8334ms step_avg:29.45ms
step:284/1480 train_time:8369ms step_avg:29.47ms
step:285/1480 train_time:8394ms step_avg:29.45ms
step:286/1480 train_time:8428ms step_avg:29.47ms
step:287/1480 train_time:8453ms step_avg:29.45ms
step:288/1480 train_time:8487ms step_avg:29.47ms
step:289/1480 train_time:8512ms step_avg:29.45ms
step:290/1480 train_time:8546ms step_avg:29.47ms
step:291/1480 train_time:8572ms step_avg:29.46ms
step:292/1480 train_time:8605ms step_avg:29.47ms
step:293/1480 train_time:8630ms step_avg:29.45ms
step:294/1480 train_time:8664ms step_avg:29.47ms
step:295/1480 train_time:8689ms step_avg:29.46ms
step:296/1480 train_time:8723ms step_avg:29.47ms
step:297/1480 train_time:8748ms step_avg:29.45ms
step:298/1480 train_time:8781ms step_avg:29.47ms
step:299/1480 train_time:8806ms step_avg:29.45ms
step:300/1480 train_time:8839ms step_avg:29.46ms
step:301/1480 train_time:8865ms step_avg:29.45ms
step:302/1480 train_time:8897ms step_avg:29.46ms
step:303/1480 train_time:8923ms step_avg:29.45ms
step:304/1480 train_time:8956ms step_avg:29.46ms
step:305/1480 train_time:8982ms step_avg:29.45ms
step:306/1480 train_time:9014ms step_avg:29.46ms
step:307/1480 train_time:9040ms step_avg:29.45ms
step:308/1480 train_time:9074ms step_avg:29.46ms
step:309/1480 train_time:9099ms step_avg:29.45ms
step:310/1480 train_time:9132ms step_avg:29.46ms
step:311/1480 train_time:9157ms step_avg:29.45ms
step:312/1480 train_time:9190ms step_avg:29.46ms
step:313/1480 train_time:9216ms step_avg:29.44ms
step:314/1480 train_time:9251ms step_avg:29.46ms
step:315/1480 train_time:9275ms step_avg:29.45ms
step:316/1480 train_time:9309ms step_avg:29.46ms
step:317/1480 train_time:9335ms step_avg:29.45ms
step:318/1480 train_time:9369ms step_avg:29.46ms
step:319/1480 train_time:9394ms step_avg:29.45ms
step:320/1480 train_time:9428ms step_avg:29.46ms
step:321/1480 train_time:9454ms step_avg:29.45ms
step:322/1480 train_time:9487ms step_avg:29.46ms
step:323/1480 train_time:9512ms step_avg:29.45ms
step:324/1480 train_time:9546ms step_avg:29.46ms
step:325/1480 train_time:9572ms step_avg:29.45ms
step:326/1480 train_time:9605ms step_avg:29.46ms
step:327/1480 train_time:9630ms step_avg:29.45ms
step:328/1480 train_time:9664ms step_avg:29.46ms
step:329/1480 train_time:9690ms step_avg:29.45ms
step:330/1480 train_time:9723ms step_avg:29.46ms
step:331/1480 train_time:9748ms step_avg:29.45ms
step:332/1480 train_time:9781ms step_avg:29.46ms
step:333/1480 train_time:9806ms step_avg:29.45ms
step:334/1480 train_time:9839ms step_avg:29.46ms
step:335/1480 train_time:9865ms step_avg:29.45ms
step:336/1480 train_time:9898ms step_avg:29.46ms
step:337/1480 train_time:9924ms step_avg:29.45ms
step:338/1480 train_time:9957ms step_avg:29.46ms
step:339/1480 train_time:9982ms step_avg:29.45ms
step:340/1480 train_time:10015ms step_avg:29.46ms
step:341/1480 train_time:10040ms step_avg:29.44ms
step:342/1480 train_time:10074ms step_avg:29.46ms
step:343/1480 train_time:10099ms step_avg:29.44ms
step:344/1480 train_time:10132ms step_avg:29.45ms
step:345/1480 train_time:10158ms step_avg:29.44ms
step:346/1480 train_time:10190ms step_avg:29.45ms
step:347/1480 train_time:10216ms step_avg:29.44ms
step:348/1480 train_time:10249ms step_avg:29.45ms
step:349/1480 train_time:10275ms step_avg:29.44ms
step:350/1480 train_time:10309ms step_avg:29.45ms
step:351/1480 train_time:10334ms step_avg:29.44ms
step:352/1480 train_time:10368ms step_avg:29.46ms
step:353/1480 train_time:10394ms step_avg:29.45ms
step:354/1480 train_time:10427ms step_avg:29.46ms
step:355/1480 train_time:10453ms step_avg:29.44ms
step:356/1480 train_time:10486ms step_avg:29.46ms
step:357/1480 train_time:10512ms step_avg:29.44ms
step:358/1480 train_time:10545ms step_avg:29.46ms
step:359/1480 train_time:10571ms step_avg:29.45ms
step:360/1480 train_time:10604ms step_avg:29.46ms
step:361/1480 train_time:10629ms step_avg:29.44ms
step:362/1480 train_time:10662ms step_avg:29.45ms
step:363/1480 train_time:10688ms step_avg:29.44ms
step:364/1480 train_time:10721ms step_avg:29.45ms
step:365/1480 train_time:10746ms step_avg:29.44ms
step:366/1480 train_time:10780ms step_avg:29.45ms
step:367/1480 train_time:10806ms step_avg:29.44ms
step:368/1480 train_time:10839ms step_avg:29.45ms
step:369/1480 train_time:10865ms step_avg:29.44ms
step:370/1480 train_time:10898ms step_avg:29.45ms
step:371/1480 train_time:10925ms step_avg:29.45ms
step:372/1480 train_time:10957ms step_avg:29.45ms
step:373/1480 train_time:10983ms step_avg:29.44ms
step:374/1480 train_time:11015ms step_avg:29.45ms
step:375/1480 train_time:11041ms step_avg:29.44ms
step:376/1480 train_time:11074ms step_avg:29.45ms
step:377/1480 train_time:11100ms step_avg:29.44ms
step:378/1480 train_time:11133ms step_avg:29.45ms
step:379/1480 train_time:11159ms step_avg:29.44ms
step:380/1480 train_time:11192ms step_avg:29.45ms
step:381/1480 train_time:11217ms step_avg:29.44ms
step:382/1480 train_time:11251ms step_avg:29.45ms
step:383/1480 train_time:11276ms step_avg:29.44ms
step:384/1480 train_time:11310ms step_avg:29.45ms
step:385/1480 train_time:11335ms step_avg:29.44ms
step:386/1480 train_time:11369ms step_avg:29.45ms
step:387/1480 train_time:11395ms step_avg:29.44ms
step:388/1480 train_time:11428ms step_avg:29.45ms
step:389/1480 train_time:11454ms step_avg:29.44ms
step:390/1480 train_time:11487ms step_avg:29.45ms
step:391/1480 train_time:11513ms step_avg:29.44ms
step:392/1480 train_time:11546ms step_avg:29.45ms
step:393/1480 train_time:11571ms step_avg:29.44ms
step:394/1480 train_time:11605ms step_avg:29.45ms
step:395/1480 train_time:11630ms step_avg:29.44ms
step:396/1480 train_time:11664ms step_avg:29.45ms
step:397/1480 train_time:11689ms step_avg:29.44ms
step:398/1480 train_time:11723ms step_avg:29.45ms
step:399/1480 train_time:11748ms step_avg:29.44ms
step:400/1480 train_time:11781ms step_avg:29.45ms
step:401/1480 train_time:11807ms step_avg:29.44ms
step:402/1480 train_time:11840ms step_avg:29.45ms
step:403/1480 train_time:11866ms step_avg:29.44ms
step:404/1480 train_time:11899ms step_avg:29.45ms
step:405/1480 train_time:11925ms step_avg:29.44ms
step:406/1480 train_time:11958ms step_avg:29.45ms
step:407/1480 train_time:11984ms step_avg:29.44ms
step:408/1480 train_time:12017ms step_avg:29.45ms
step:409/1480 train_time:12043ms step_avg:29.44ms
step:410/1480 train_time:12076ms step_avg:29.45ms
step:411/1480 train_time:12102ms step_avg:29.44ms
step:412/1480 train_time:12134ms step_avg:29.45ms
step:413/1480 train_time:12160ms step_avg:29.44ms
step:414/1480 train_time:12193ms step_avg:29.45ms
step:415/1480 train_time:12219ms step_avg:29.44ms
step:416/1480 train_time:12251ms step_avg:29.45ms
step:417/1480 train_time:12277ms step_avg:29.44ms
step:418/1480 train_time:12311ms step_avg:29.45ms
step:419/1480 train_time:12336ms step_avg:29.44ms
step:420/1480 train_time:12369ms step_avg:29.45ms
step:421/1480 train_time:12395ms step_avg:29.44ms
step:422/1480 train_time:12428ms step_avg:29.45ms
step:423/1480 train_time:12454ms step_avg:29.44ms
step:424/1480 train_time:12487ms step_avg:29.45ms
step:425/1480 train_time:12512ms step_avg:29.44ms
step:426/1480 train_time:12546ms step_avg:29.45ms
step:427/1480 train_time:12571ms step_avg:29.44ms
step:428/1480 train_time:12604ms step_avg:29.45ms
step:429/1480 train_time:12629ms step_avg:29.44ms
step:430/1480 train_time:12663ms step_avg:29.45ms
step:431/1480 train_time:12689ms step_avg:29.44ms
step:432/1480 train_time:12722ms step_avg:29.45ms
step:433/1480 train_time:12747ms step_avg:29.44ms
step:434/1480 train_time:12781ms step_avg:29.45ms
step:435/1480 train_time:12806ms step_avg:29.44ms
step:436/1480 train_time:12839ms step_avg:29.45ms
step:437/1480 train_time:12865ms step_avg:29.44ms
step:438/1480 train_time:12897ms step_avg:29.45ms
step:439/1480 train_time:12924ms step_avg:29.44ms
step:440/1480 train_time:12957ms step_avg:29.45ms
step:441/1480 train_time:12983ms step_avg:29.44ms
step:442/1480 train_time:13015ms step_avg:29.45ms
step:443/1480 train_time:13041ms step_avg:29.44ms
step:444/1480 train_time:13075ms step_avg:29.45ms
step:445/1480 train_time:13100ms step_avg:29.44ms
step:446/1480 train_time:13133ms step_avg:29.45ms
step:447/1480 train_time:13159ms step_avg:29.44ms
step:448/1480 train_time:13192ms step_avg:29.45ms
step:449/1480 train_time:13219ms step_avg:29.44ms
step:450/1480 train_time:13251ms step_avg:29.45ms
step:451/1480 train_time:13277ms step_avg:29.44ms
step:452/1480 train_time:13310ms step_avg:29.45ms
step:453/1480 train_time:13335ms step_avg:29.44ms
step:454/1480 train_time:13369ms step_avg:29.45ms
step:455/1480 train_time:13394ms step_avg:29.44ms
step:456/1480 train_time:13428ms step_avg:29.45ms
step:457/1480 train_time:13453ms step_avg:29.44ms
step:458/1480 train_time:13486ms step_avg:29.45ms
step:459/1480 train_time:13512ms step_avg:29.44ms
step:460/1480 train_time:13545ms step_avg:29.45ms
step:461/1480 train_time:13571ms step_avg:29.44ms
step:462/1480 train_time:13605ms step_avg:29.45ms
step:463/1480 train_time:13629ms step_avg:29.44ms
step:464/1480 train_time:13662ms step_avg:29.44ms
step:465/1480 train_time:13688ms step_avg:29.44ms
step:466/1480 train_time:13721ms step_avg:29.45ms
step:467/1480 train_time:13747ms step_avg:29.44ms
step:468/1480 train_time:13780ms step_avg:29.45ms
step:469/1480 train_time:13807ms step_avg:29.44ms
step:470/1480 train_time:13839ms step_avg:29.44ms
step:471/1480 train_time:13865ms step_avg:29.44ms
step:472/1480 train_time:13898ms step_avg:29.44ms
step:473/1480 train_time:13924ms step_avg:29.44ms
step:474/1480 train_time:13957ms step_avg:29.45ms
step:475/1480 train_time:13983ms step_avg:29.44ms
step:476/1480 train_time:14015ms step_avg:29.44ms
step:477/1480 train_time:14042ms step_avg:29.44ms
step:478/1480 train_time:14075ms step_avg:29.45ms
step:479/1480 train_time:14101ms step_avg:29.44ms
step:480/1480 train_time:14133ms step_avg:29.44ms
step:481/1480 train_time:14161ms step_avg:29.44ms
step:482/1480 train_time:14218ms step_avg:29.50ms
step:483/1480 train_time:14270ms step_avg:29.55ms
step:484/1480 train_time:14328ms step_avg:29.60ms
step:485/1480 train_time:14378ms step_avg:29.65ms
step:486/1480 train_time:14435ms step_avg:29.70ms
step:487/1480 train_time:14487ms step_avg:29.75ms
step:488/1480 train_time:14542ms step_avg:29.80ms
step:489/1480 train_time:14595ms step_avg:29.85ms
step:490/1480 train_time:14651ms step_avg:29.90ms
step:491/1480 train_time:14703ms step_avg:29.94ms
step:492/1480 train_time:14759ms step_avg:30.00ms
step:493/1480 train_time:14812ms step_avg:30.04ms
step:494/1480 train_time:14869ms step_avg:30.10ms
step:495/1480 train_time:14922ms step_avg:30.15ms
step:496/1480 train_time:14978ms step_avg:30.20ms
step:497/1480 train_time:15031ms step_avg:30.24ms
step:498/1480 train_time:15088ms step_avg:30.30ms
step:499/1480 train_time:15139ms step_avg:30.34ms
step:500/1480 train_time:15196ms step_avg:30.39ms
step:500/1480 val_loss:4.2129 train_time:15255ms step_avg:30.51ms
step:501/1480 train_time:15275ms step_avg:30.49ms
step:502/1480 train_time:15303ms step_avg:30.48ms
step:503/1480 train_time:15356ms step_avg:30.53ms
step:504/1480 train_time:15419ms step_avg:30.59ms
step:505/1480 train_time:15472ms step_avg:30.64ms
step:506/1480 train_time:15528ms step_avg:30.69ms
step:507/1480 train_time:15581ms step_avg:30.73ms
step:508/1480 train_time:15637ms step_avg:30.78ms
step:509/1480 train_time:15688ms step_avg:30.82ms
step:510/1480 train_time:15744ms step_avg:30.87ms
step:511/1480 train_time:15794ms step_avg:30.91ms
step:512/1480 train_time:15850ms step_avg:30.96ms
step:513/1480 train_time:15901ms step_avg:31.00ms
step:514/1480 train_time:15956ms step_avg:31.04ms
step:515/1480 train_time:16008ms step_avg:31.08ms
step:516/1480 train_time:16064ms step_avg:31.13ms
step:517/1480 train_time:16116ms step_avg:31.17ms
step:518/1480 train_time:16175ms step_avg:31.23ms
step:519/1480 train_time:16228ms step_avg:31.27ms
step:520/1480 train_time:16285ms step_avg:31.32ms
step:521/1480 train_time:16340ms step_avg:31.36ms
step:522/1480 train_time:16398ms step_avg:31.41ms
step:523/1480 train_time:16450ms step_avg:31.45ms
step:524/1480 train_time:16506ms step_avg:31.50ms
step:525/1480 train_time:16559ms step_avg:31.54ms
step:526/1480 train_time:16616ms step_avg:31.59ms
step:527/1480 train_time:16667ms step_avg:31.63ms
step:528/1480 train_time:16721ms step_avg:31.67ms
step:529/1480 train_time:16773ms step_avg:31.71ms
step:530/1480 train_time:16828ms step_avg:31.75ms
step:531/1480 train_time:16879ms step_avg:31.79ms
step:532/1480 train_time:16936ms step_avg:31.83ms
step:533/1480 train_time:16986ms step_avg:31.87ms
step:534/1480 train_time:17042ms step_avg:31.91ms
step:535/1480 train_time:17094ms step_avg:31.95ms
step:536/1480 train_time:17152ms step_avg:32.00ms
step:537/1480 train_time:17204ms step_avg:32.04ms
step:538/1480 train_time:17261ms step_avg:32.08ms
step:539/1480 train_time:17314ms step_avg:32.12ms
step:540/1480 train_time:17372ms step_avg:32.17ms
step:541/1480 train_time:17424ms step_avg:32.21ms
step:542/1480 train_time:17481ms step_avg:32.25ms
step:543/1480 train_time:17533ms step_avg:32.29ms
step:544/1480 train_time:17588ms step_avg:32.33ms
step:545/1480 train_time:17640ms step_avg:32.37ms
step:546/1480 train_time:17696ms step_avg:32.41ms
step:547/1480 train_time:17747ms step_avg:32.44ms
step:548/1480 train_time:17803ms step_avg:32.49ms
step:549/1480 train_time:17854ms step_avg:32.52ms
step:550/1480 train_time:17910ms step_avg:32.56ms
step:551/1480 train_time:17962ms step_avg:32.60ms
step:552/1480 train_time:18018ms step_avg:32.64ms
step:553/1480 train_time:18070ms step_avg:32.68ms
step:554/1480 train_time:18126ms step_avg:32.72ms
step:555/1480 train_time:18180ms step_avg:32.76ms
step:556/1480 train_time:18237ms step_avg:32.80ms
step:557/1480 train_time:18290ms step_avg:32.84ms
step:558/1480 train_time:18347ms step_avg:32.88ms
step:559/1480 train_time:18400ms step_avg:32.92ms
step:560/1480 train_time:18457ms step_avg:32.96ms
step:561/1480 train_time:18509ms step_avg:32.99ms
step:562/1480 train_time:18564ms step_avg:33.03ms
step:563/1480 train_time:18618ms step_avg:33.07ms
step:564/1480 train_time:18675ms step_avg:33.11ms
step:565/1480 train_time:18726ms step_avg:33.14ms
step:566/1480 train_time:18781ms step_avg:33.18ms
step:567/1480 train_time:18834ms step_avg:33.22ms
step:568/1480 train_time:18889ms step_avg:33.26ms
step:569/1480 train_time:18940ms step_avg:33.29ms
step:570/1480 train_time:18997ms step_avg:33.33ms
step:571/1480 train_time:19049ms step_avg:33.36ms
step:572/1480 train_time:19104ms step_avg:33.40ms
step:573/1480 train_time:19157ms step_avg:33.43ms
step:574/1480 train_time:19217ms step_avg:33.48ms
step:575/1480 train_time:19270ms step_avg:33.51ms
step:576/1480 train_time:19324ms step_avg:33.55ms
step:577/1480 train_time:19378ms step_avg:33.58ms
step:578/1480 train_time:19436ms step_avg:33.63ms
step:579/1480 train_time:19487ms step_avg:33.66ms
step:580/1480 train_time:19544ms step_avg:33.70ms
step:581/1480 train_time:19596ms step_avg:33.73ms
step:582/1480 train_time:19654ms step_avg:33.77ms
step:583/1480 train_time:19705ms step_avg:33.80ms
step:584/1480 train_time:19762ms step_avg:33.84ms
step:585/1480 train_time:19814ms step_avg:33.87ms
step:586/1480 train_time:19870ms step_avg:33.91ms
step:587/1480 train_time:19922ms step_avg:33.94ms
step:588/1480 train_time:19978ms step_avg:33.98ms
step:589/1480 train_time:20030ms step_avg:34.01ms
step:590/1480 train_time:20085ms step_avg:34.04ms
step:591/1480 train_time:20138ms step_avg:34.07ms
step:592/1480 train_time:20195ms step_avg:34.11ms
step:593/1480 train_time:20246ms step_avg:34.14ms
step:594/1480 train_time:20303ms step_avg:34.18ms
step:595/1480 train_time:20356ms step_avg:34.21ms
step:596/1480 train_time:20412ms step_avg:34.25ms
step:597/1480 train_time:20464ms step_avg:34.28ms
step:598/1480 train_time:20520ms step_avg:34.31ms
step:599/1480 train_time:20573ms step_avg:34.35ms
step:600/1480 train_time:20630ms step_avg:34.38ms
step:601/1480 train_time:20682ms step_avg:34.41ms
step:602/1480 train_time:20739ms step_avg:34.45ms
step:603/1480 train_time:20790ms step_avg:34.48ms
step:604/1480 train_time:20846ms step_avg:34.51ms
step:605/1480 train_time:20896ms step_avg:34.54ms
step:606/1480 train_time:20953ms step_avg:34.58ms
step:607/1480 train_time:21005ms step_avg:34.60ms
step:608/1480 train_time:21062ms step_avg:34.64ms
step:609/1480 train_time:21113ms step_avg:34.67ms
step:610/1480 train_time:21170ms step_avg:34.70ms
step:611/1480 train_time:21222ms step_avg:34.73ms
step:612/1480 train_time:21280ms step_avg:34.77ms
step:613/1480 train_time:21333ms step_avg:34.80ms
step:614/1480 train_time:21389ms step_avg:34.84ms
step:615/1480 train_time:21442ms step_avg:34.86ms
step:616/1480 train_time:21499ms step_avg:34.90ms
step:617/1480 train_time:21551ms step_avg:34.93ms
step:618/1480 train_time:21607ms step_avg:34.96ms
step:619/1480 train_time:21659ms step_avg:34.99ms
step:620/1480 train_time:21716ms step_avg:35.03ms
step:621/1480 train_time:21767ms step_avg:35.05ms
step:622/1480 train_time:21823ms step_avg:35.09ms
step:623/1480 train_time:21876ms step_avg:35.11ms
step:624/1480 train_time:21933ms step_avg:35.15ms
step:625/1480 train_time:21985ms step_avg:35.18ms
step:626/1480 train_time:22042ms step_avg:35.21ms
step:627/1480 train_time:22094ms step_avg:35.24ms
step:628/1480 train_time:22151ms step_avg:35.27ms
step:629/1480 train_time:22202ms step_avg:35.30ms
step:630/1480 train_time:22259ms step_avg:35.33ms
step:631/1480 train_time:22311ms step_avg:35.36ms
step:632/1480 train_time:22367ms step_avg:35.39ms
step:633/1480 train_time:22419ms step_avg:35.42ms
step:634/1480 train_time:22477ms step_avg:35.45ms
step:635/1480 train_time:22530ms step_avg:35.48ms
step:636/1480 train_time:22586ms step_avg:35.51ms
step:637/1480 train_time:22639ms step_avg:35.54ms
step:638/1480 train_time:22696ms step_avg:35.57ms
step:639/1480 train_time:22749ms step_avg:35.60ms
step:640/1480 train_time:22804ms step_avg:35.63ms
step:641/1480 train_time:22857ms step_avg:35.66ms
step:642/1480 train_time:22914ms step_avg:35.69ms
step:643/1480 train_time:22966ms step_avg:35.72ms
step:644/1480 train_time:23022ms step_avg:35.75ms
step:645/1480 train_time:23075ms step_avg:35.77ms
step:646/1480 train_time:23132ms step_avg:35.81ms
step:647/1480 train_time:23184ms step_avg:35.83ms
step:648/1480 train_time:23241ms step_avg:35.87ms
step:649/1480 train_time:23291ms step_avg:35.89ms
step:650/1480 train_time:23347ms step_avg:35.92ms
step:651/1480 train_time:23398ms step_avg:35.94ms
step:652/1480 train_time:23456ms step_avg:35.98ms
step:653/1480 train_time:23508ms step_avg:36.00ms
step:654/1480 train_time:23564ms step_avg:36.03ms
step:655/1480 train_time:23616ms step_avg:36.06ms
step:656/1480 train_time:23674ms step_avg:36.09ms
step:657/1480 train_time:23725ms step_avg:36.11ms
step:658/1480 train_time:23783ms step_avg:36.14ms
step:659/1480 train_time:23835ms step_avg:36.17ms
step:660/1480 train_time:23892ms step_avg:36.20ms
step:661/1480 train_time:23944ms step_avg:36.22ms
step:662/1480 train_time:23999ms step_avg:36.25ms
step:663/1480 train_time:24052ms step_avg:36.28ms
step:664/1480 train_time:24107ms step_avg:36.31ms
step:665/1480 train_time:24159ms step_avg:36.33ms
step:666/1480 train_time:24216ms step_avg:36.36ms
step:667/1480 train_time:24269ms step_avg:36.38ms
step:668/1480 train_time:24323ms step_avg:36.41ms
step:669/1480 train_time:24377ms step_avg:36.44ms
step:670/1480 train_time:24434ms step_avg:36.47ms
step:671/1480 train_time:24485ms step_avg:36.49ms
step:672/1480 train_time:24542ms step_avg:36.52ms
step:673/1480 train_time:24594ms step_avg:36.54ms
step:674/1480 train_time:24652ms step_avg:36.58ms
step:675/1480 train_time:24703ms step_avg:36.60ms
step:676/1480 train_time:24760ms step_avg:36.63ms
step:677/1480 train_time:24813ms step_avg:36.65ms
step:678/1480 train_time:24870ms step_avg:36.68ms
step:679/1480 train_time:24922ms step_avg:36.70ms
step:680/1480 train_time:24979ms step_avg:36.73ms
step:681/1480 train_time:25032ms step_avg:36.76ms
step:682/1480 train_time:25087ms step_avg:36.78ms
step:683/1480 train_time:25139ms step_avg:36.81ms
step:684/1480 train_time:25196ms step_avg:36.84ms
step:685/1480 train_time:25248ms step_avg:36.86ms
step:686/1480 train_time:25304ms step_avg:36.89ms
step:687/1480 train_time:25357ms step_avg:36.91ms
step:688/1480 train_time:25413ms step_avg:36.94ms
step:689/1480 train_time:25465ms step_avg:36.96ms
step:690/1480 train_time:25521ms step_avg:36.99ms
step:691/1480 train_time:25574ms step_avg:37.01ms
step:692/1480 train_time:25631ms step_avg:37.04ms
step:693/1480 train_time:25683ms step_avg:37.06ms
step:694/1480 train_time:25740ms step_avg:37.09ms
step:695/1480 train_time:25792ms step_avg:37.11ms
step:696/1480 train_time:25848ms step_avg:37.14ms
step:697/1480 train_time:25899ms step_avg:37.16ms
step:698/1480 train_time:25957ms step_avg:37.19ms
step:699/1480 train_time:26010ms step_avg:37.21ms
step:700/1480 train_time:26066ms step_avg:37.24ms
step:701/1480 train_time:26119ms step_avg:37.26ms
step:702/1480 train_time:26176ms step_avg:37.29ms
step:703/1480 train_time:26228ms step_avg:37.31ms
step:704/1480 train_time:26284ms step_avg:37.34ms
step:705/1480 train_time:26337ms step_avg:37.36ms
step:706/1480 train_time:26394ms step_avg:37.39ms
step:707/1480 train_time:26446ms step_avg:37.41ms
step:708/1480 train_time:26502ms step_avg:37.43ms
step:709/1480 train_time:26555ms step_avg:37.45ms
step:710/1480 train_time:26611ms step_avg:37.48ms
step:711/1480 train_time:26663ms step_avg:37.50ms
step:712/1480 train_time:26720ms step_avg:37.53ms
step:713/1480 train_time:26773ms step_avg:37.55ms
step:714/1480 train_time:26829ms step_avg:37.58ms
step:715/1480 train_time:26882ms step_avg:37.60ms
step:716/1480 train_time:26939ms step_avg:37.62ms
step:717/1480 train_time:26991ms step_avg:37.64ms
step:718/1480 train_time:27047ms step_avg:37.67ms
step:719/1480 train_time:27099ms step_avg:37.69ms
step:720/1480 train_time:27156ms step_avg:37.72ms
step:721/1480 train_time:27207ms step_avg:37.74ms
step:722/1480 train_time:27264ms step_avg:37.76ms
step:723/1480 train_time:27316ms step_avg:37.78ms
step:724/1480 train_time:27373ms step_avg:37.81ms
step:725/1480 train_time:27424ms step_avg:37.83ms
step:726/1480 train_time:27482ms step_avg:37.85ms
step:727/1480 train_time:27534ms step_avg:37.87ms
step:728/1480 train_time:27590ms step_avg:37.90ms
step:729/1480 train_time:27643ms step_avg:37.92ms
step:730/1480 train_time:27699ms step_avg:37.94ms
step:731/1480 train_time:27751ms step_avg:37.96ms
step:732/1480 train_time:27807ms step_avg:37.99ms
step:733/1480 train_time:27859ms step_avg:38.01ms
step:734/1480 train_time:27916ms step_avg:38.03ms
step:735/1480 train_time:27967ms step_avg:38.05ms
step:736/1480 train_time:28023ms step_avg:38.08ms
step:737/1480 train_time:28077ms step_avg:38.10ms
step:738/1480 train_time:28135ms step_avg:38.12ms
step:739/1480 train_time:28186ms step_avg:38.14ms
step:740/1480 train_time:28243ms step_avg:38.17ms
step:741/1480 train_time:28295ms step_avg:38.19ms
step:742/1480 train_time:28352ms step_avg:38.21ms
step:743/1480 train_time:28403ms step_avg:38.23ms
step:744/1480 train_time:28460ms step_avg:38.25ms
step:745/1480 train_time:28512ms step_avg:38.27ms
step:746/1480 train_time:28567ms step_avg:38.29ms
step:747/1480 train_time:28620ms step_avg:38.31ms
step:748/1480 train_time:28677ms step_avg:38.34ms
step:749/1480 train_time:28729ms step_avg:38.36ms
step:750/1480 train_time:28785ms step_avg:38.38ms
step:750/1480 val_loss:3.7965 train_time:28846ms step_avg:38.46ms
step:751/1480 train_time:28865ms step_avg:38.44ms
step:752/1480 train_time:28895ms step_avg:38.42ms
step:753/1480 train_time:28945ms step_avg:38.44ms
step:754/1480 train_time:29004ms step_avg:38.47ms
step:755/1480 train_time:29056ms step_avg:38.48ms
step:756/1480 train_time:29112ms step_avg:38.51ms
step:757/1480 train_time:29164ms step_avg:38.53ms
step:758/1480 train_time:29221ms step_avg:38.55ms
step:759/1480 train_time:29273ms step_avg:38.57ms
step:760/1480 train_time:29331ms step_avg:38.59ms
step:761/1480 train_time:29382ms step_avg:38.61ms
step:762/1480 train_time:29438ms step_avg:38.63ms
step:763/1480 train_time:29491ms step_avg:38.65ms
step:764/1480 train_time:29547ms step_avg:38.67ms
step:765/1480 train_time:29600ms step_avg:38.69ms
step:766/1480 train_time:29656ms step_avg:38.72ms
step:767/1480 train_time:29708ms step_avg:38.73ms
step:768/1480 train_time:29765ms step_avg:38.76ms
step:769/1480 train_time:29819ms step_avg:38.78ms
step:770/1480 train_time:29877ms step_avg:38.80ms
step:771/1480 train_time:29930ms step_avg:38.82ms
step:772/1480 train_time:29986ms step_avg:38.84ms
step:773/1480 train_time:30038ms step_avg:38.86ms
step:774/1480 train_time:30095ms step_avg:38.88ms
step:775/1480 train_time:30146ms step_avg:38.90ms
step:776/1480 train_time:30203ms step_avg:38.92ms
step:777/1480 train_time:30255ms step_avg:38.94ms
step:778/1480 train_time:30311ms step_avg:38.96ms
step:779/1480 train_time:30362ms step_avg:38.98ms
step:780/1480 train_time:30419ms step_avg:39.00ms
step:781/1480 train_time:30470ms step_avg:39.01ms
step:782/1480 train_time:30528ms step_avg:39.04ms
step:783/1480 train_time:30581ms step_avg:39.06ms
step:784/1480 train_time:30637ms step_avg:39.08ms
step:785/1480 train_time:30689ms step_avg:39.09ms
step:786/1480 train_time:30745ms step_avg:39.12ms
step:787/1480 train_time:30797ms step_avg:39.13ms
step:788/1480 train_time:30856ms step_avg:39.16ms
step:789/1480 train_time:30908ms step_avg:39.17ms
step:790/1480 train_time:30964ms step_avg:39.19ms
step:791/1480 train_time:31017ms step_avg:39.21ms
step:792/1480 train_time:31075ms step_avg:39.24ms
step:793/1480 train_time:31127ms step_avg:39.25ms
step:794/1480 train_time:31184ms step_avg:39.27ms
step:795/1480 train_time:31236ms step_avg:39.29ms
step:796/1480 train_time:31294ms step_avg:39.31ms
step:797/1480 train_time:31345ms step_avg:39.33ms
step:798/1480 train_time:31402ms step_avg:39.35ms
step:799/1480 train_time:31454ms step_avg:39.37ms
step:800/1480 train_time:31511ms step_avg:39.39ms
step:801/1480 train_time:31562ms step_avg:39.40ms
step:802/1480 train_time:31619ms step_avg:39.43ms
step:803/1480 train_time:31671ms step_avg:39.44ms
step:804/1480 train_time:31727ms step_avg:39.46ms
step:805/1480 train_time:31780ms step_avg:39.48ms
step:806/1480 train_time:31838ms step_avg:39.50ms
step:807/1480 train_time:31891ms step_avg:39.52ms
step:808/1480 train_time:31947ms step_avg:39.54ms
step:809/1480 train_time:32000ms step_avg:39.55ms
step:810/1480 train_time:32057ms step_avg:39.58ms
step:811/1480 train_time:32109ms step_avg:39.59ms
step:812/1480 train_time:32164ms step_avg:39.61ms
step:813/1480 train_time:32217ms step_avg:39.63ms
step:814/1480 train_time:32274ms step_avg:39.65ms
step:815/1480 train_time:32325ms step_avg:39.66ms
step:816/1480 train_time:32381ms step_avg:39.68ms
step:817/1480 train_time:32434ms step_avg:39.70ms
step:818/1480 train_time:32491ms step_avg:39.72ms
step:819/1480 train_time:32542ms step_avg:39.73ms
step:820/1480 train_time:32599ms step_avg:39.76ms
step:821/1480 train_time:32651ms step_avg:39.77ms
step:822/1480 train_time:32708ms step_avg:39.79ms
step:823/1480 train_time:32760ms step_avg:39.81ms
step:824/1480 train_time:32817ms step_avg:39.83ms
step:825/1480 train_time:32869ms step_avg:39.84ms
step:826/1480 train_time:32925ms step_avg:39.86ms
step:827/1480 train_time:32977ms step_avg:39.88ms
step:828/1480 train_time:33036ms step_avg:39.90ms
step:829/1480 train_time:33088ms step_avg:39.91ms
step:830/1480 train_time:33144ms step_avg:39.93ms
step:831/1480 train_time:33196ms step_avg:39.95ms
step:832/1480 train_time:33253ms step_avg:39.97ms
step:833/1480 train_time:33305ms step_avg:39.98ms
step:834/1480 train_time:33361ms step_avg:40.00ms
step:835/1480 train_time:33414ms step_avg:40.02ms
step:836/1480 train_time:33471ms step_avg:40.04ms
step:837/1480 train_time:33522ms step_avg:40.05ms
step:838/1480 train_time:33579ms step_avg:40.07ms
step:839/1480 train_time:33632ms step_avg:40.09ms
step:840/1480 train_time:33688ms step_avg:40.10ms
step:841/1480 train_time:33741ms step_avg:40.12ms
step:842/1480 train_time:33798ms step_avg:40.14ms
step:843/1480 train_time:33851ms step_avg:40.16ms
step:844/1480 train_time:33906ms step_avg:40.17ms
step:845/1480 train_time:33958ms step_avg:40.19ms
step:846/1480 train_time:34015ms step_avg:40.21ms
step:847/1480 train_time:34067ms step_avg:40.22ms
step:848/1480 train_time:34123ms step_avg:40.24ms
step:849/1480 train_time:34174ms step_avg:40.25ms
step:850/1480 train_time:34233ms step_avg:40.27ms
step:851/1480 train_time:34284ms step_avg:40.29ms
step:852/1480 train_time:34342ms step_avg:40.31ms
step:853/1480 train_time:34394ms step_avg:40.32ms
step:854/1480 train_time:34451ms step_avg:40.34ms
step:855/1480 train_time:34502ms step_avg:40.35ms
step:856/1480 train_time:34559ms step_avg:40.37ms
step:857/1480 train_time:34612ms step_avg:40.39ms
step:858/1480 train_time:34667ms step_avg:40.40ms
step:859/1480 train_time:34720ms step_avg:40.42ms
step:860/1480 train_time:34777ms step_avg:40.44ms
step:861/1480 train_time:34830ms step_avg:40.45ms
step:862/1480 train_time:34885ms step_avg:40.47ms
step:863/1480 train_time:34938ms step_avg:40.48ms
step:864/1480 train_time:34996ms step_avg:40.51ms
step:865/1480 train_time:35048ms step_avg:40.52ms
step:866/1480 train_time:35104ms step_avg:40.54ms
step:867/1480 train_time:35156ms step_avg:40.55ms
step:868/1480 train_time:35212ms step_avg:40.57ms
step:869/1480 train_time:35263ms step_avg:40.58ms
step:870/1480 train_time:35320ms step_avg:40.60ms
step:871/1480 train_time:35373ms step_avg:40.61ms
step:872/1480 train_time:35430ms step_avg:40.63ms
step:873/1480 train_time:35481ms step_avg:40.64ms
step:874/1480 train_time:35538ms step_avg:40.66ms
step:875/1480 train_time:35591ms step_avg:40.68ms
step:876/1480 train_time:35646ms step_avg:40.69ms
step:877/1480 train_time:35699ms step_avg:40.71ms
step:878/1480 train_time:35755ms step_avg:40.72ms
step:879/1480 train_time:35807ms step_avg:40.74ms
step:880/1480 train_time:35864ms step_avg:40.75ms
step:881/1480 train_time:35916ms step_avg:40.77ms
step:882/1480 train_time:35973ms step_avg:40.79ms
step:883/1480 train_time:36025ms step_avg:40.80ms
step:884/1480 train_time:36081ms step_avg:40.82ms
step:885/1480 train_time:36133ms step_avg:40.83ms
step:886/1480 train_time:36190ms step_avg:40.85ms
step:887/1480 train_time:36241ms step_avg:40.86ms
step:888/1480 train_time:36299ms step_avg:40.88ms
step:889/1480 train_time:36350ms step_avg:40.89ms
step:890/1480 train_time:36406ms step_avg:40.91ms
step:891/1480 train_time:36458ms step_avg:40.92ms
step:892/1480 train_time:36515ms step_avg:40.94ms
step:893/1480 train_time:36567ms step_avg:40.95ms
step:894/1480 train_time:36624ms step_avg:40.97ms
step:895/1480 train_time:36677ms step_avg:40.98ms
step:896/1480 train_time:36734ms step_avg:41.00ms
step:897/1480 train_time:36786ms step_avg:41.01ms
step:898/1480 train_time:36842ms step_avg:41.03ms
step:899/1480 train_time:36895ms step_avg:41.04ms
step:900/1480 train_time:36951ms step_avg:41.06ms
step:901/1480 train_time:37003ms step_avg:41.07ms
step:902/1480 train_time:37059ms step_avg:41.09ms
step:903/1480 train_time:37112ms step_avg:41.10ms
step:904/1480 train_time:37168ms step_avg:41.11ms
step:905/1480 train_time:37220ms step_avg:41.13ms
step:906/1480 train_time:37278ms step_avg:41.15ms
step:907/1480 train_time:37330ms step_avg:41.16ms
step:908/1480 train_time:37385ms step_avg:41.17ms
step:909/1480 train_time:37438ms step_avg:41.19ms
step:910/1480 train_time:37495ms step_avg:41.20ms
step:911/1480 train_time:37547ms step_avg:41.21ms
step:912/1480 train_time:37603ms step_avg:41.23ms
step:913/1480 train_time:37655ms step_avg:41.24ms
step:914/1480 train_time:37712ms step_avg:41.26ms
step:915/1480 train_time:37763ms step_avg:41.27ms
step:916/1480 train_time:37819ms step_avg:41.29ms
step:917/1480 train_time:37873ms step_avg:41.30ms
step:918/1480 train_time:37930ms step_avg:41.32ms
step:919/1480 train_time:37983ms step_avg:41.33ms
step:920/1480 train_time:38039ms step_avg:41.35ms
step:921/1480 train_time:38092ms step_avg:41.36ms
step:922/1480 train_time:38148ms step_avg:41.37ms
step:923/1480 train_time:38200ms step_avg:41.39ms
step:924/1480 train_time:38257ms step_avg:41.40ms
step:925/1480 train_time:38309ms step_avg:41.41ms
step:926/1480 train_time:38364ms step_avg:41.43ms
step:927/1480 train_time:38417ms step_avg:41.44ms
step:928/1480 train_time:38473ms step_avg:41.46ms
step:929/1480 train_time:38525ms step_avg:41.47ms
step:930/1480 train_time:38582ms step_avg:41.49ms
step:931/1480 train_time:38634ms step_avg:41.50ms
step:932/1480 train_time:38692ms step_avg:41.52ms
step:933/1480 train_time:38744ms step_avg:41.53ms
step:934/1480 train_time:38801ms step_avg:41.54ms
step:935/1480 train_time:38854ms step_avg:41.55ms
step:936/1480 train_time:38910ms step_avg:41.57ms
step:937/1480 train_time:38962ms step_avg:41.58ms
step:938/1480 train_time:39019ms step_avg:41.60ms
step:939/1480 train_time:39072ms step_avg:41.61ms
step:940/1480 train_time:39128ms step_avg:41.63ms
step:941/1480 train_time:39180ms step_avg:41.64ms
step:942/1480 train_time:39238ms step_avg:41.65ms
step:943/1480 train_time:39290ms step_avg:41.66ms
step:944/1480 train_time:39346ms step_avg:41.68ms
step:945/1480 train_time:39399ms step_avg:41.69ms
step:946/1480 train_time:39456ms step_avg:41.71ms
step:947/1480 train_time:39508ms step_avg:41.72ms
step:948/1480 train_time:39563ms step_avg:41.73ms
step:949/1480 train_time:39615ms step_avg:41.74ms
step:950/1480 train_time:39671ms step_avg:41.76ms
step:951/1480 train_time:39723ms step_avg:41.77ms
step:952/1480 train_time:39779ms step_avg:41.78ms
step:953/1480 train_time:39833ms step_avg:41.80ms
step:954/1480 train_time:39888ms step_avg:41.81ms
step:955/1480 train_time:39941ms step_avg:41.82ms
step:956/1480 train_time:39998ms step_avg:41.84ms
step:957/1480 train_time:40050ms step_avg:41.85ms
step:958/1480 train_time:40106ms step_avg:41.86ms
step:959/1480 train_time:40158ms step_avg:41.87ms
step:960/1480 train_time:40215ms step_avg:41.89ms
step:961/1480 train_time:40268ms step_avg:41.90ms
step:962/1480 train_time:40352ms step_avg:41.95ms
step:963/1480 train_time:40429ms step_avg:41.98ms
step:964/1480 train_time:40510ms step_avg:42.02ms
step:965/1480 train_time:40587ms step_avg:42.06ms
step:966/1480 train_time:40667ms step_avg:42.10ms
step:967/1480 train_time:40744ms step_avg:42.13ms
step:968/1480 train_time:40826ms step_avg:42.18ms
step:969/1480 train_time:40902ms step_avg:42.21ms
step:970/1480 train_time:40983ms step_avg:42.25ms
step:971/1480 train_time:41060ms step_avg:42.29ms
step:972/1480 train_time:41142ms step_avg:42.33ms
step:973/1480 train_time:41219ms step_avg:42.36ms
step:974/1480 train_time:41300ms step_avg:42.40ms
step:975/1480 train_time:41379ms step_avg:42.44ms
step:976/1480 train_time:41462ms step_avg:42.48ms
step:977/1480 train_time:41540ms step_avg:42.52ms
step:978/1480 train_time:41622ms step_avg:42.56ms
step:979/1480 train_time:41700ms step_avg:42.59ms
step:980/1480 train_time:41780ms step_avg:42.63ms
step:981/1480 train_time:41858ms step_avg:42.67ms
step:982/1480 train_time:41940ms step_avg:42.71ms
step:983/1480 train_time:42017ms step_avg:42.74ms
step:984/1480 train_time:42099ms step_avg:42.78ms
step:985/1480 train_time:42176ms step_avg:42.82ms
step:986/1480 train_time:42257ms step_avg:42.86ms
step:987/1480 train_time:42335ms step_avg:42.89ms
step:988/1480 train_time:42417ms step_avg:42.93ms
step:989/1480 train_time:42495ms step_avg:42.97ms
step:990/1480 train_time:42577ms step_avg:43.01ms
step:991/1480 train_time:42654ms step_avg:43.04ms
step:992/1480 train_time:42735ms step_avg:43.08ms
step:993/1480 train_time:42812ms step_avg:43.11ms
step:994/1480 train_time:42891ms step_avg:43.15ms
step:995/1480 train_time:42968ms step_avg:43.18ms
step:996/1480 train_time:43048ms step_avg:43.22ms
step:997/1480 train_time:43126ms step_avg:43.26ms
step:998/1480 train_time:43206ms step_avg:43.29ms
step:999/1480 train_time:43282ms step_avg:43.33ms
step:1000/1480 train_time:43364ms step_avg:43.36ms
step:1000/1480 val_loss:3.5075 train_time:43451ms step_avg:43.45ms
step:1001/1480 train_time:43470ms step_avg:43.43ms
step:1002/1480 train_time:43523ms step_avg:43.44ms
step:1003/1480 train_time:43601ms step_avg:43.47ms
step:1004/1480 train_time:43685ms step_avg:43.51ms
step:1005/1480 train_time:43761ms step_avg:43.54ms
step:1006/1480 train_time:43841ms step_avg:43.58ms
step:1007/1480 train_time:43918ms step_avg:43.61ms
step:1008/1480 train_time:43999ms step_avg:43.65ms
step:1009/1480 train_time:44075ms step_avg:43.68ms
step:1010/1480 train_time:44155ms step_avg:43.72ms
step:1011/1480 train_time:44230ms step_avg:43.75ms
step:1012/1480 train_time:44312ms step_avg:43.79ms
step:1013/1480 train_time:44391ms step_avg:43.82ms
step:1014/1480 train_time:44476ms step_avg:43.86ms
step:1015/1480 train_time:44553ms step_avg:43.89ms
step:1016/1480 train_time:44635ms step_avg:43.93ms
step:1017/1480 train_time:44713ms step_avg:43.97ms
step:1018/1480 train_time:44794ms step_avg:44.00ms
step:1019/1480 train_time:44871ms step_avg:44.03ms
step:1020/1480 train_time:44952ms step_avg:44.07ms
step:1021/1480 train_time:45030ms step_avg:44.10ms
step:1022/1480 train_time:45111ms step_avg:44.14ms
step:1023/1480 train_time:45188ms step_avg:44.17ms
step:1024/1480 train_time:45270ms step_avg:44.21ms
step:1025/1480 train_time:45348ms step_avg:44.24ms
step:1026/1480 train_time:45429ms step_avg:44.28ms
step:1027/1480 train_time:45509ms step_avg:44.31ms
step:1028/1480 train_time:45592ms step_avg:44.35ms
step:1029/1480 train_time:45670ms step_avg:44.38ms
step:1030/1480 train_time:45750ms step_avg:44.42ms
step:1031/1480 train_time:45828ms step_avg:44.45ms
step:1032/1480 train_time:45911ms step_avg:44.49ms
step:1033/1480 train_time:45989ms step_avg:44.52ms
step:1034/1480 train_time:46070ms step_avg:44.56ms
step:1035/1480 train_time:46146ms step_avg:44.59ms
step:1036/1480 train_time:46228ms step_avg:44.62ms
step:1037/1480 train_time:46306ms step_avg:44.65ms
step:1038/1480 train_time:46388ms step_avg:44.69ms
step:1039/1480 train_time:46466ms step_avg:44.72ms
step:1040/1480 train_time:46548ms step_avg:44.76ms
step:1041/1480 train_time:46626ms step_avg:44.79ms
step:1042/1480 train_time:46707ms step_avg:44.82ms
step:1043/1480 train_time:46784ms step_avg:44.86ms
step:1044/1480 train_time:46865ms step_avg:44.89ms
step:1045/1480 train_time:46942ms step_avg:44.92ms
step:1046/1480 train_time:47022ms step_avg:44.95ms
step:1047/1480 train_time:47097ms step_avg:44.98ms
step:1048/1480 train_time:47178ms step_avg:45.02ms
step:1049/1480 train_time:47255ms step_avg:45.05ms
step:1050/1480 train_time:47337ms step_avg:45.08ms
step:1051/1480 train_time:47413ms step_avg:45.11ms
step:1052/1480 train_time:47495ms step_avg:45.15ms
step:1053/1480 train_time:47571ms step_avg:45.18ms
step:1054/1480 train_time:47652ms step_avg:45.21ms
step:1055/1480 train_time:47730ms step_avg:45.24ms
step:1056/1480 train_time:47812ms step_avg:45.28ms
step:1057/1480 train_time:47890ms step_avg:45.31ms
step:1058/1480 train_time:47973ms step_avg:45.34ms
step:1059/1480 train_time:48050ms step_avg:45.37ms
step:1060/1480 train_time:48131ms step_avg:45.41ms
step:1061/1480 train_time:48209ms step_avg:45.44ms
step:1062/1480 train_time:48291ms step_avg:45.47ms
step:1063/1480 train_time:48370ms step_avg:45.50ms
step:1064/1480 train_time:48451ms step_avg:45.54ms
step:1065/1480 train_time:48529ms step_avg:45.57ms
step:1066/1480 train_time:48611ms step_avg:45.60ms
step:1067/1480 train_time:48688ms step_avg:45.63ms
step:1068/1480 train_time:48771ms step_avg:45.67ms
step:1069/1480 train_time:48849ms step_avg:45.70ms
step:1070/1480 train_time:48929ms step_avg:45.73ms
step:1071/1480 train_time:49006ms step_avg:45.76ms
step:1072/1480 train_time:49089ms step_avg:45.79ms
step:1073/1480 train_time:49166ms step_avg:45.82ms
step:1074/1480 train_time:49247ms step_avg:45.85ms
step:1075/1480 train_time:49326ms step_avg:45.88ms
step:1076/1480 train_time:49407ms step_avg:45.92ms
step:1077/1480 train_time:49485ms step_avg:45.95ms
step:1078/1480 train_time:49565ms step_avg:45.98ms
step:1079/1480 train_time:49642ms step_avg:46.01ms
step:1080/1480 train_time:49723ms step_avg:46.04ms
step:1081/1480 train_time:49800ms step_avg:46.07ms
step:1082/1480 train_time:49881ms step_avg:46.10ms
step:1083/1480 train_time:49957ms step_avg:46.13ms
step:1084/1480 train_time:50038ms step_avg:46.16ms
step:1085/1480 train_time:50115ms step_avg:46.19ms
step:1086/1480 train_time:50196ms step_avg:46.22ms
step:1087/1480 train_time:50273ms step_avg:46.25ms
step:1088/1480 train_time:50354ms step_avg:46.28ms
step:1089/1480 train_time:50432ms step_avg:46.31ms
step:1090/1480 train_time:50514ms step_avg:46.34ms
step:1091/1480 train_time:50591ms step_avg:46.37ms
step:1092/1480 train_time:50674ms step_avg:46.41ms
step:1093/1480 train_time:50752ms step_avg:46.43ms
step:1094/1480 train_time:50831ms step_avg:46.46ms
step:1095/1480 train_time:50910ms step_avg:46.49ms
step:1096/1480 train_time:50992ms step_avg:46.53ms
step:1097/1480 train_time:51070ms step_avg:46.55ms
step:1098/1480 train_time:51151ms step_avg:46.59ms
step:1099/1480 train_time:51229ms step_avg:46.61ms
step:1100/1480 train_time:51311ms step_avg:46.65ms
step:1101/1480 train_time:51389ms step_avg:46.68ms
step:1102/1480 train_time:51472ms step_avg:46.71ms
step:1103/1480 train_time:51549ms step_avg:46.74ms
step:1104/1480 train_time:51631ms step_avg:46.77ms
step:1105/1480 train_time:51710ms step_avg:46.80ms
step:1106/1480 train_time:51793ms step_avg:46.83ms
step:1107/1480 train_time:51871ms step_avg:46.86ms
step:1108/1480 train_time:51951ms step_avg:46.89ms
step:1109/1480 train_time:52028ms step_avg:46.91ms
step:1110/1480 train_time:52111ms step_avg:46.95ms
step:1111/1480 train_time:52189ms step_avg:46.97ms
step:1112/1480 train_time:52273ms step_avg:47.01ms
step:1113/1480 train_time:52349ms step_avg:47.03ms
step:1114/1480 train_time:52431ms step_avg:47.07ms
step:1115/1480 train_time:52509ms step_avg:47.09ms
step:1116/1480 train_time:52592ms step_avg:47.13ms
step:1117/1480 train_time:52671ms step_avg:47.15ms
step:1118/1480 train_time:52752ms step_avg:47.18ms
step:1119/1480 train_time:52830ms step_avg:47.21ms
step:1120/1480 train_time:52912ms step_avg:47.24ms
step:1121/1480 train_time:52989ms step_avg:47.27ms
step:1122/1480 train_time:53072ms step_avg:47.30ms
step:1123/1480 train_time:53149ms step_avg:47.33ms
step:1124/1480 train_time:53231ms step_avg:47.36ms
step:1125/1480 train_time:53310ms step_avg:47.39ms
step:1126/1480 train_time:53391ms step_avg:47.42ms
step:1127/1480 train_time:53469ms step_avg:47.44ms
step:1128/1480 train_time:53550ms step_avg:47.47ms
step:1129/1480 train_time:53628ms step_avg:47.50ms
step:1130/1480 train_time:53710ms step_avg:47.53ms
step:1131/1480 train_time:53788ms step_avg:47.56ms
step:1132/1480 train_time:53870ms step_avg:47.59ms
step:1133/1480 train_time:53947ms step_avg:47.61ms
step:1134/1480 train_time:54030ms step_avg:47.65ms
step:1135/1480 train_time:54108ms step_avg:47.67ms
step:1136/1480 train_time:54191ms step_avg:47.70ms
step:1137/1480 train_time:54270ms step_avg:47.73ms
step:1138/1480 train_time:54351ms step_avg:47.76ms
step:1139/1480 train_time:54427ms step_avg:47.79ms
step:1140/1480 train_time:54511ms step_avg:47.82ms
step:1141/1480 train_time:54589ms step_avg:47.84ms
step:1142/1480 train_time:54671ms step_avg:47.87ms
step:1143/1480 train_time:54748ms step_avg:47.90ms
step:1144/1480 train_time:54829ms step_avg:47.93ms
step:1145/1480 train_time:54907ms step_avg:47.95ms
step:1146/1480 train_time:54990ms step_avg:47.98ms
step:1147/1480 train_time:55067ms step_avg:48.01ms
step:1148/1480 train_time:55149ms step_avg:48.04ms
step:1149/1480 train_time:55227ms step_avg:48.07ms
step:1150/1480 train_time:55310ms step_avg:48.10ms
step:1151/1480 train_time:55387ms step_avg:48.12ms
step:1152/1480 train_time:55469ms step_avg:48.15ms
step:1153/1480 train_time:55546ms step_avg:48.18ms
step:1154/1480 train_time:55627ms step_avg:48.20ms
step:1155/1480 train_time:55705ms step_avg:48.23ms
step:1156/1480 train_time:55787ms step_avg:48.26ms
step:1157/1480 train_time:55864ms step_avg:48.28ms
step:1158/1480 train_time:55946ms step_avg:48.31ms
step:1159/1480 train_time:56023ms step_avg:48.34ms
step:1160/1480 train_time:56105ms step_avg:48.37ms
step:1161/1480 train_time:56182ms step_avg:48.39ms
step:1162/1480 train_time:56262ms step_avg:48.42ms
step:1163/1480 train_time:56339ms step_avg:48.44ms
step:1164/1480 train_time:56420ms step_avg:48.47ms
step:1165/1480 train_time:56497ms step_avg:48.50ms
step:1166/1480 train_time:56577ms step_avg:48.52ms
step:1167/1480 train_time:56653ms step_avg:48.55ms
step:1168/1480 train_time:56735ms step_avg:48.57ms
step:1169/1480 train_time:56811ms step_avg:48.60ms
step:1170/1480 train_time:56893ms step_avg:48.63ms
step:1171/1480 train_time:56971ms step_avg:48.65ms
step:1172/1480 train_time:57053ms step_avg:48.68ms
step:1173/1480 train_time:57130ms step_avg:48.70ms
step:1174/1480 train_time:57213ms step_avg:48.73ms
step:1175/1480 train_time:57291ms step_avg:48.76ms
step:1176/1480 train_time:57374ms step_avg:48.79ms
step:1177/1480 train_time:57451ms step_avg:48.81ms
step:1178/1480 train_time:57531ms step_avg:48.84ms
step:1179/1480 train_time:57610ms step_avg:48.86ms
step:1180/1480 train_time:57692ms step_avg:48.89ms
step:1181/1480 train_time:57769ms step_avg:48.92ms
step:1182/1480 train_time:57851ms step_avg:48.94ms
step:1183/1480 train_time:57930ms step_avg:48.97ms
step:1184/1480 train_time:58012ms step_avg:49.00ms
step:1185/1480 train_time:58089ms step_avg:49.02ms
step:1186/1480 train_time:58172ms step_avg:49.05ms
step:1187/1480 train_time:58248ms step_avg:49.07ms
step:1188/1480 train_time:58332ms step_avg:49.10ms
step:1189/1480 train_time:58410ms step_avg:49.13ms
step:1190/1480 train_time:58491ms step_avg:49.15ms
step:1191/1480 train_time:58569ms step_avg:49.18ms
step:1192/1480 train_time:58650ms step_avg:49.20ms
step:1193/1480 train_time:58728ms step_avg:49.23ms
step:1194/1480 train_time:58810ms step_avg:49.25ms
step:1195/1480 train_time:58889ms step_avg:49.28ms
step:1196/1480 train_time:58970ms step_avg:49.31ms
step:1197/1480 train_time:59047ms step_avg:49.33ms
step:1198/1480 train_time:59129ms step_avg:49.36ms
step:1199/1480 train_time:59208ms step_avg:49.38ms
step:1200/1480 train_time:59291ms step_avg:49.41ms
step:1201/1480 train_time:59369ms step_avg:49.43ms
step:1202/1480 train_time:59449ms step_avg:49.46ms
step:1203/1480 train_time:59528ms step_avg:49.48ms
step:1204/1480 train_time:59610ms step_avg:49.51ms
step:1205/1480 train_time:59688ms step_avg:49.53ms
step:1206/1480 train_time:59770ms step_avg:49.56ms
step:1207/1480 train_time:59846ms step_avg:49.58ms
step:1208/1480 train_time:59929ms step_avg:49.61ms
step:1209/1480 train_time:60006ms step_avg:49.63ms
step:1210/1480 train_time:60089ms step_avg:49.66ms
step:1211/1480 train_time:60167ms step_avg:49.68ms
step:1212/1480 train_time:60249ms step_avg:49.71ms
step:1213/1480 train_time:60328ms step_avg:49.73ms
step:1214/1480 train_time:60410ms step_avg:49.76ms
step:1215/1480 train_time:60487ms step_avg:49.78ms
step:1216/1480 train_time:60568ms step_avg:49.81ms
step:1217/1480 train_time:60645ms step_avg:49.83ms
step:1218/1480 train_time:60727ms step_avg:49.86ms
step:1219/1480 train_time:60805ms step_avg:49.88ms
step:1220/1480 train_time:60887ms step_avg:49.91ms
step:1221/1480 train_time:60965ms step_avg:49.93ms
step:1222/1480 train_time:61046ms step_avg:49.96ms
step:1223/1480 train_time:61123ms step_avg:49.98ms
step:1224/1480 train_time:61205ms step_avg:50.00ms
step:1225/1480 train_time:61282ms step_avg:50.03ms
step:1226/1480 train_time:61363ms step_avg:50.05ms
step:1227/1480 train_time:61439ms step_avg:50.07ms
step:1228/1480 train_time:61519ms step_avg:50.10ms
step:1229/1480 train_time:61595ms step_avg:50.12ms
step:1230/1480 train_time:61677ms step_avg:50.14ms
step:1231/1480 train_time:61754ms step_avg:50.17ms
step:1232/1480 train_time:61835ms step_avg:50.19ms
step:1233/1480 train_time:61912ms step_avg:50.21ms
step:1234/1480 train_time:61993ms step_avg:50.24ms
step:1235/1480 train_time:62070ms step_avg:50.26ms
step:1236/1480 train_time:62151ms step_avg:50.28ms
step:1237/1480 train_time:62230ms step_avg:50.31ms
step:1238/1480 train_time:62312ms step_avg:50.33ms
step:1239/1480 train_time:62390ms step_avg:50.35ms
step:1240/1480 train_time:62473ms step_avg:50.38ms
step:1241/1480 train_time:62549ms step_avg:50.40ms
step:1242/1480 train_time:62629ms step_avg:50.43ms
step:1243/1480 train_time:62708ms step_avg:50.45ms
step:1244/1480 train_time:62791ms step_avg:50.47ms
step:1245/1480 train_time:62870ms step_avg:50.50ms
step:1246/1480 train_time:62951ms step_avg:50.52ms
step:1247/1480 train_time:63029ms step_avg:50.54ms
step:1248/1480 train_time:63112ms step_avg:50.57ms
step:1249/1480 train_time:63189ms step_avg:50.59ms
step:1250/1480 train_time:63271ms step_avg:50.62ms
step:1250/1480 val_loss:3.3759 train_time:63357ms step_avg:50.69ms
step:1251/1480 train_time:63377ms step_avg:50.66ms
step:1252/1480 train_time:63430ms step_avg:50.66ms
step:1253/1480 train_time:63508ms step_avg:50.68ms
step:1254/1480 train_time:63589ms step_avg:50.71ms
step:1255/1480 train_time:63668ms step_avg:50.73ms
step:1256/1480 train_time:63749ms step_avg:50.76ms
step:1257/1480 train_time:63826ms step_avg:50.78ms
step:1258/1480 train_time:63906ms step_avg:50.80ms
step:1259/1480 train_time:63982ms step_avg:50.82ms
step:1260/1480 train_time:64062ms step_avg:50.84ms
step:1261/1480 train_time:64138ms step_avg:50.86ms
step:1262/1480 train_time:64221ms step_avg:50.89ms
step:1263/1480 train_time:64300ms step_avg:50.91ms
step:1264/1480 train_time:64383ms step_avg:50.94ms
step:1265/1480 train_time:64461ms step_avg:50.96ms
step:1266/1480 train_time:64543ms step_avg:50.98ms
step:1267/1480 train_time:64620ms step_avg:51.00ms
step:1268/1480 train_time:64701ms step_avg:51.03ms
step:1269/1480 train_time:64777ms step_avg:51.05ms
step:1270/1480 train_time:64859ms step_avg:51.07ms
step:1271/1480 train_time:64936ms step_avg:51.09ms
step:1272/1480 train_time:65016ms step_avg:51.11ms
step:1273/1480 train_time:65094ms step_avg:51.13ms
step:1274/1480 train_time:65176ms step_avg:51.16ms
step:1275/1480 train_time:65256ms step_avg:51.18ms
step:1276/1480 train_time:65341ms step_avg:51.21ms
step:1277/1480 train_time:65418ms step_avg:51.23ms
step:1278/1480 train_time:65499ms step_avg:51.25ms
step:1279/1480 train_time:65577ms step_avg:51.27ms
step:1280/1480 train_time:65658ms step_avg:51.30ms
step:1281/1480 train_time:65736ms step_avg:51.32ms
step:1282/1480 train_time:65819ms step_avg:51.34ms
step:1283/1480 train_time:65896ms step_avg:51.36ms
step:1284/1480 train_time:65977ms step_avg:51.38ms
step:1285/1480 train_time:66056ms step_avg:51.41ms
step:1286/1480 train_time:66139ms step_avg:51.43ms
step:1287/1480 train_time:66217ms step_avg:51.45ms
step:1288/1480 train_time:66298ms step_avg:51.47ms
step:1289/1480 train_time:66377ms step_avg:51.50ms
step:1290/1480 train_time:66460ms step_avg:51.52ms
step:1291/1480 train_time:66538ms step_avg:51.54ms
step:1292/1480 train_time:66620ms step_avg:51.56ms
step:1293/1480 train_time:66696ms step_avg:51.58ms
step:1294/1480 train_time:66778ms step_avg:51.61ms
step:1295/1480 train_time:66857ms step_avg:51.63ms
step:1296/1480 train_time:66938ms step_avg:51.65ms
step:1297/1480 train_time:67016ms step_avg:51.67ms
step:1298/1480 train_time:67098ms step_avg:51.69ms
step:1299/1480 train_time:67177ms step_avg:51.71ms
step:1300/1480 train_time:67259ms step_avg:51.74ms
step:1301/1480 train_time:67337ms step_avg:51.76ms
step:1302/1480 train_time:67419ms step_avg:51.78ms
step:1303/1480 train_time:67498ms step_avg:51.80ms
step:1304/1480 train_time:67579ms step_avg:51.82ms
step:1305/1480 train_time:67656ms step_avg:51.84ms
step:1306/1480 train_time:67738ms step_avg:51.87ms
step:1307/1480 train_time:67816ms step_avg:51.89ms
step:1308/1480 train_time:67896ms step_avg:51.91ms
step:1309/1480 train_time:67973ms step_avg:51.93ms
step:1310/1480 train_time:68056ms step_avg:51.95ms
step:1311/1480 train_time:68134ms step_avg:51.97ms
step:1312/1480 train_time:68217ms step_avg:51.99ms
step:1313/1480 train_time:68295ms step_avg:52.01ms
step:1314/1480 train_time:68377ms step_avg:52.04ms
step:1315/1480 train_time:68455ms step_avg:52.06ms
step:1316/1480 train_time:68537ms step_avg:52.08ms
step:1317/1480 train_time:68615ms step_avg:52.10ms
step:1318/1480 train_time:68697ms step_avg:52.12ms
step:1319/1480 train_time:68774ms step_avg:52.14ms
step:1320/1480 train_time:68854ms step_avg:52.16ms
step:1321/1480 train_time:68932ms step_avg:52.18ms
step:1322/1480 train_time:69013ms step_avg:52.20ms
step:1323/1480 train_time:69090ms step_avg:52.22ms
step:1324/1480 train_time:69172ms step_avg:52.24ms
step:1325/1480 train_time:69249ms step_avg:52.26ms
step:1326/1480 train_time:69331ms step_avg:52.29ms
step:1327/1480 train_time:69408ms step_avg:52.30ms
step:1328/1480 train_time:69488ms step_avg:52.33ms
step:1329/1480 train_time:69566ms step_avg:52.34ms
step:1330/1480 train_time:69647ms step_avg:52.37ms
step:1331/1480 train_time:69725ms step_avg:52.39ms
step:1332/1480 train_time:69804ms step_avg:52.41ms
step:1333/1480 train_time:69882ms step_avg:52.42ms
step:1334/1480 train_time:69963ms step_avg:52.45ms
step:1335/1480 train_time:70039ms step_avg:52.46ms
step:1336/1480 train_time:70123ms step_avg:52.49ms
step:1337/1480 train_time:70200ms step_avg:52.51ms
step:1338/1480 train_time:70280ms step_avg:52.53ms
step:1339/1480 train_time:70359ms step_avg:52.55ms
step:1340/1480 train_time:70443ms step_avg:52.57ms
step:1341/1480 train_time:70522ms step_avg:52.59ms
step:1342/1480 train_time:70603ms step_avg:52.61ms
step:1343/1480 train_time:70680ms step_avg:52.63ms
step:1344/1480 train_time:70761ms step_avg:52.65ms
step:1345/1480 train_time:70838ms step_avg:52.67ms
step:1346/1480 train_time:70920ms step_avg:52.69ms
step:1347/1480 train_time:70998ms step_avg:52.71ms
step:1348/1480 train_time:71082ms step_avg:52.73ms
step:1349/1480 train_time:71158ms step_avg:52.75ms
step:1350/1480 train_time:71239ms step_avg:52.77ms
step:1351/1480 train_time:71318ms step_avg:52.79ms
step:1352/1480 train_time:71400ms step_avg:52.81ms
step:1353/1480 train_time:71478ms step_avg:52.83ms
step:1354/1480 train_time:71560ms step_avg:52.85ms
step:1355/1480 train_time:71638ms step_avg:52.87ms
step:1356/1480 train_time:71721ms step_avg:52.89ms
step:1357/1480 train_time:71798ms step_avg:52.91ms
step:1358/1480 train_time:71880ms step_avg:52.93ms
step:1359/1480 train_time:71957ms step_avg:52.95ms
step:1360/1480 train_time:72039ms step_avg:52.97ms
step:1361/1480 train_time:72116ms step_avg:52.99ms
step:1362/1480 train_time:72198ms step_avg:53.01ms
step:1363/1480 train_time:72275ms step_avg:53.03ms
step:1364/1480 train_time:72357ms step_avg:53.05ms
step:1365/1480 train_time:72435ms step_avg:53.07ms
step:1366/1480 train_time:72518ms step_avg:53.09ms
step:1367/1480 train_time:72595ms step_avg:53.11ms
step:1368/1480 train_time:72677ms step_avg:53.13ms
step:1369/1480 train_time:72756ms step_avg:53.14ms
step:1370/1480 train_time:72837ms step_avg:53.17ms
step:1371/1480 train_time:72915ms step_avg:53.18ms
step:1372/1480 train_time:72997ms step_avg:53.21ms
step:1373/1480 train_time:73076ms step_avg:53.22ms
step:1374/1480 train_time:73157ms step_avg:53.24ms
step:1375/1480 train_time:73234ms step_avg:53.26ms
step:1376/1480 train_time:73316ms step_avg:53.28ms
step:1377/1480 train_time:73393ms step_avg:53.30ms
step:1378/1480 train_time:73476ms step_avg:53.32ms
step:1379/1480 train_time:73554ms step_avg:53.34ms
step:1380/1480 train_time:73637ms step_avg:53.36ms
step:1381/1480 train_time:73714ms step_avg:53.38ms
step:1382/1480 train_time:73796ms step_avg:53.40ms
step:1383/1480 train_time:73874ms step_avg:53.42ms
step:1384/1480 train_time:73957ms step_avg:53.44ms
step:1385/1480 train_time:74034ms step_avg:53.45ms
step:1386/1480 train_time:74115ms step_avg:53.47ms
step:1387/1480 train_time:74193ms step_avg:53.49ms
step:1388/1480 train_time:74273ms step_avg:53.51ms
step:1389/1480 train_time:74350ms step_avg:53.53ms
step:1390/1480 train_time:74433ms step_avg:53.55ms
step:1391/1480 train_time:74510ms step_avg:53.57ms
step:1392/1480 train_time:74591ms step_avg:53.59ms
step:1393/1480 train_time:74669ms step_avg:53.60ms
step:1394/1480 train_time:74750ms step_avg:53.62ms
step:1395/1480 train_time:74827ms step_avg:53.64ms
step:1396/1480 train_time:74908ms step_avg:53.66ms
step:1397/1480 train_time:74985ms step_avg:53.68ms
step:1398/1480 train_time:75065ms step_avg:53.69ms
step:1399/1480 train_time:75143ms step_avg:53.71ms
step:1400/1480 train_time:75224ms step_avg:53.73ms
step:1401/1480 train_time:75299ms step_avg:53.75ms
step:1402/1480 train_time:75382ms step_avg:53.77ms
step:1403/1480 train_time:75457ms step_avg:53.78ms
step:1404/1480 train_time:75540ms step_avg:53.80ms
step:1405/1480 train_time:75619ms step_avg:53.82ms
step:1406/1480 train_time:75701ms step_avg:53.84ms
step:1407/1480 train_time:75779ms step_avg:53.86ms
step:1408/1480 train_time:75860ms step_avg:53.88ms
step:1409/1480 train_time:75939ms step_avg:53.90ms
step:1410/1480 train_time:76021ms step_avg:53.92ms
step:1411/1480 train_time:76098ms step_avg:53.93ms
step:1412/1480 train_time:76178ms step_avg:53.95ms
step:1413/1480 train_time:76257ms step_avg:53.97ms
step:1414/1480 train_time:76339ms step_avg:53.99ms
step:1415/1480 train_time:76417ms step_avg:54.00ms
step:1416/1480 train_time:76498ms step_avg:54.02ms
step:1417/1480 train_time:76577ms step_avg:54.04ms
step:1418/1480 train_time:76658ms step_avg:54.06ms
step:1419/1480 train_time:76737ms step_avg:54.08ms
step:1420/1480 train_time:76819ms step_avg:54.10ms
step:1421/1480 train_time:76897ms step_avg:54.11ms
step:1422/1480 train_time:76979ms step_avg:54.13ms
step:1423/1480 train_time:77057ms step_avg:54.15ms
step:1424/1480 train_time:77138ms step_avg:54.17ms
step:1425/1480 train_time:77217ms step_avg:54.19ms
step:1426/1480 train_time:77298ms step_avg:54.21ms
step:1427/1480 train_time:77375ms step_avg:54.22ms
step:1428/1480 train_time:77458ms step_avg:54.24ms
step:1429/1480 train_time:77536ms step_avg:54.26ms
step:1430/1480 train_time:77619ms step_avg:54.28ms
step:1431/1480 train_time:77696ms step_avg:54.29ms
step:1432/1480 train_time:77777ms step_avg:54.31ms
step:1433/1480 train_time:77856ms step_avg:54.33ms
step:1434/1480 train_time:77938ms step_avg:54.35ms
step:1435/1480 train_time:78016ms step_avg:54.37ms
step:1436/1480 train_time:78097ms step_avg:54.39ms
step:1437/1480 train_time:78174ms step_avg:54.40ms
step:1438/1480 train_time:78257ms step_avg:54.42ms
step:1439/1480 train_time:78336ms step_avg:54.44ms
step:1440/1480 train_time:78417ms step_avg:54.46ms
step:1441/1480 train_time:78496ms step_avg:54.47ms
step:1442/1480 train_time:78581ms step_avg:54.49ms
step:1443/1480 train_time:78658ms step_avg:54.51ms
step:1444/1480 train_time:78740ms step_avg:54.53ms
step:1445/1480 train_time:78818ms step_avg:54.55ms
step:1446/1480 train_time:78900ms step_avg:54.56ms
step:1447/1480 train_time:78978ms step_avg:54.58ms
step:1448/1480 train_time:79061ms step_avg:54.60ms
step:1449/1480 train_time:79138ms step_avg:54.62ms
step:1450/1480 train_time:79221ms step_avg:54.64ms
step:1451/1480 train_time:79298ms step_avg:54.65ms
step:1452/1480 train_time:79381ms step_avg:54.67ms
step:1453/1480 train_time:79459ms step_avg:54.69ms
step:1454/1480 train_time:79541ms step_avg:54.70ms
step:1455/1480 train_time:79619ms step_avg:54.72ms
step:1456/1480 train_time:79700ms step_avg:54.74ms
step:1457/1480 train_time:79779ms step_avg:54.76ms
step:1458/1480 train_time:79860ms step_avg:54.77ms
step:1459/1480 train_time:79939ms step_avg:54.79ms
step:1460/1480 train_time:80022ms step_avg:54.81ms
step:1461/1480 train_time:80099ms step_avg:54.82ms
step:1462/1480 train_time:80181ms step_avg:54.84ms
step:1463/1480 train_time:80260ms step_avg:54.86ms
step:1464/1480 train_time:80342ms step_avg:54.88ms
step:1465/1480 train_time:80420ms step_avg:54.89ms
step:1466/1480 train_time:80501ms step_avg:54.91ms
step:1467/1480 train_time:80578ms step_avg:54.93ms
step:1468/1480 train_time:80661ms step_avg:54.95ms
step:1469/1480 train_time:80738ms step_avg:54.96ms
step:1470/1480 train_time:80822ms step_avg:54.98ms
step:1471/1480 train_time:80899ms step_avg:55.00ms
step:1472/1480 train_time:80982ms step_avg:55.01ms
step:1473/1480 train_time:81060ms step_avg:55.03ms
step:1474/1480 train_time:81142ms step_avg:55.05ms
step:1475/1480 train_time:81221ms step_avg:55.07ms
step:1476/1480 train_time:81303ms step_avg:55.08ms
step:1477/1480 train_time:81380ms step_avg:55.10ms
step:1478/1480 train_time:81462ms step_avg:55.12ms
step:1479/1480 train_time:81540ms step_avg:55.13ms
step:1480/1480 train_time:81622ms step_avg:55.15ms
step:1480/1480 val_loss:3.2978 train_time:81710ms step_avg:55.21ms
peak memory allocated: 31307 MiB reserved: 45126 MiB
