data_download_start_utc=2026-05-14T04:57:57Z
data_download_done_utc=2026-05-14T04:57:57Z
train_start_utc=2026-05-14T04:57:57Z
W0514 04:57:58.794000 3214 torch/distributed/run.py:852] 
W0514 04:57:58.794000 3214 torch/distributed/run.py:852] *****************************************
W0514 04:57:58.794000 3214 torch/distributed/run.py:852] Setting OMP_NUM_THREADS environment variable for each process to be 1 in default, to avoid your system being overloaded, please further tune the variable for optimal performance in your application as needed. 
W0514 04:57:58.794000 3214 torch/distributed/run.py:852] *****************************************
[Gloo] Rank 0 is connected to 7 peer ranks. Expected number of connected peer ranks is : 7
[Gloo] Rank 1 is connected to 7 peer ranks. Expected number of connected peer ranks is : 7
[Gloo] Rank 2 is connected to 7 peer ranks. Expected number of connected peer ranks is : 7
[Gloo] Rank 3 is connected to 7 peer ranks. Expected number of connected peer ranks is : 7
[Gloo] Rank 4 is connected to 7 peer ranks. Expected number of connected peer ranks is : 7
[Gloo] Rank 5 is connected to 7 peer ranks. Expected number of connected peer ranks is : 7
[Gloo] Rank 7[Gloo] Rank  is connected to 76 peer ranks.  is connected to Expected number of connected peer ranks is : 77 peer ranks. 
Expected number of connected peer ranks is : 7
Warning: You are sending unauthenticated requests to the HF Hub. Please set a HF_TOKEN to enable higher rate limits and faster downloads.
Warning: You are sending unauthenticated requests to the HF Hub. Please set a HF_TOKEN to enable higher rate limits and faster downloads.
Warning: You are sending unauthenticated requests to the HF Hub. Please set a HF_TOKEN to enable higher rate limits and faster downloads.
Warning: You are sending unauthenticated requests to the HF Hub. Please set a HF_TOKEN to enable higher rate limits and faster downloads.
Warning: You are sending unauthenticated requests to the HF Hub. Please set a HF_TOKEN to enable higher rate limits and faster downloads.
Fetching 4 files:   0%|          | 0/4 [00:00<?, ?it/s]Fetching 4 files: 100%|██████████| 4/4 [00:00<00:00, 72944.42it/s]
Fetching 4 files:   0%|          | 0/4 [00:00<?, ?it/s]Fetching 4 files: 100%|██████████| 4/4 [00:00<00:00, 76959.71it/s]
Fetching 4 files:   0%|          | 0/4 [00:00<?, ?it/s]Fetching 4 files: 100%|██████████| 4/4 [00:00<00:00, 52924.97it/s]
Fetching 4 files:   0%|          | 0/4 [00:00<?, ?it/s]Fetching 4 files: 100%|██████████| 4/4 [00:00<00:00, 9341.43it/s]
Fetching 4 files:   0%|          | 0/4 [00:00<?, ?it/s]Fetching 4 files: 100%|██████████| 4/4 [00:00<00:00, 6641.81it/s]
Fetching 4 files:   0%|          | 0/4 [00:00<?, ?it/s]Fetching 4 files: 100%|██████████| 4/4 [00:00<00:00, 9805.50it/s]
Fetching 4 files:   0%|          | 0/4 [00:00<?, ?it/s]Fetching 4 files: 100%|██████████| 4/4 [00:00<00:00, 73908.44it/s]
logs/4b45738b-1c0f-404b-a2a0-c4c74067ba57.txt
Fetching 4 files:   0%|          | 0/4 [00:00<?, ?it/s]Fetching 4 files: 100%|██████████| 4/4 [00:00<00:00, 5385.94it/s]
Compiling model and warming up kernels (~7 minutes on first execution)
Sampling steps [0, 1, 478, 479, 480, 481, 958, 959, 960, 961, 1438, 1439, 1440, 1441] for warmup
Resetting Model
step:0/1480 val_loss:10.8314 train_time:0ms step_avg:0.03ms
step:1/1480 train_time:51ms step_avg:51.20ms
step:2/1480 train_time:74ms step_avg:36.87ms
step:3/1480 train_time:92ms step_avg:30.66ms
step:4/1480 train_time:115ms step_avg:28.82ms
step:5/1480 train_time:139ms step_avg:27.80ms
step:6/1480 train_time:172ms step_avg:28.72ms
step:7/1480 train_time:197ms step_avg:28.18ms
step:8/1480 train_time:231ms step_avg:28.83ms
step:9/1480 train_time:255ms step_avg:28.34ms
step:10/1480 train_time:288ms step_avg:28.79ms
step:11/1480 train_time:313ms step_avg:28.42ms
step:12/1480 train_time:345ms step_avg:28.76ms
step:13/1480 train_time:370ms step_avg:28.50ms
step:14/1480 train_time:403ms step_avg:28.81ms
step:15/1480 train_time:428ms step_avg:28.55ms
step:16/1480 train_time:461ms step_avg:28.79ms
step:17/1480 train_time:486ms step_avg:28.60ms
step:18/1480 train_time:518ms step_avg:28.79ms
step:19/1480 train_time:543ms step_avg:28.60ms
step:20/1480 train_time:576ms step_avg:28.82ms
step:21/1480 train_time:601ms step_avg:28.63ms
step:22/1480 train_time:634ms step_avg:28.81ms
step:23/1480 train_time:659ms step_avg:28.65ms
step:24/1480 train_time:691ms step_avg:28.81ms
step:25/1480 train_time:716ms step_avg:28.64ms
step:26/1480 train_time:749ms step_avg:28.79ms
step:27/1480 train_time:773ms step_avg:28.65ms
step:28/1480 train_time:806ms step_avg:28.80ms
step:29/1480 train_time:831ms step_avg:28.66ms
step:30/1480 train_time:863ms step_avg:28.78ms
step:31/1480 train_time:889ms step_avg:28.68ms
step:32/1480 train_time:923ms step_avg:28.85ms
step:33/1480 train_time:951ms step_avg:28.83ms
step:34/1480 train_time:987ms step_avg:29.02ms
step:35/1480 train_time:1014ms step_avg:28.98ms
step:36/1480 train_time:1049ms step_avg:29.15ms
step:37/1480 train_time:1076ms step_avg:29.08ms
step:38/1480 train_time:1110ms step_avg:29.22ms
step:39/1480 train_time:1136ms step_avg:29.13ms
step:40/1480 train_time:1169ms step_avg:29.23ms
step:41/1480 train_time:1195ms step_avg:29.14ms
step:42/1480 train_time:1228ms step_avg:29.23ms
step:43/1480 train_time:1253ms step_avg:29.14ms
step:44/1480 train_time:1286ms step_avg:29.22ms
step:45/1480 train_time:1311ms step_avg:29.13ms
step:46/1480 train_time:1343ms step_avg:29.21ms
step:47/1480 train_time:1369ms step_avg:29.12ms
step:48/1480 train_time:1401ms step_avg:29.19ms
step:49/1480 train_time:1426ms step_avg:29.11ms
step:50/1480 train_time:1459ms step_avg:29.17ms
step:51/1480 train_time:1484ms step_avg:29.09ms
step:52/1480 train_time:1516ms step_avg:29.16ms
step:53/1480 train_time:1541ms step_avg:29.08ms
step:54/1480 train_time:1574ms step_avg:29.15ms
step:55/1480 train_time:1600ms step_avg:29.08ms
step:56/1480 train_time:1632ms step_avg:29.15ms
step:57/1480 train_time:1657ms step_avg:29.07ms
step:58/1480 train_time:1690ms step_avg:29.13ms
step:59/1480 train_time:1715ms step_avg:29.06ms
step:60/1480 train_time:1747ms step_avg:29.12ms
step:61/1480 train_time:1772ms step_avg:29.05ms
step:62/1480 train_time:1805ms step_avg:29.12ms
step:63/1480 train_time:1831ms step_avg:29.06ms
step:64/1480 train_time:1863ms step_avg:29.12ms
step:65/1480 train_time:1890ms step_avg:29.07ms
step:66/1480 train_time:1922ms step_avg:29.13ms
step:67/1480 train_time:1949ms step_avg:29.10ms
step:68/1480 train_time:1983ms step_avg:29.16ms
step:69/1480 train_time:2010ms step_avg:29.13ms
step:70/1480 train_time:2043ms step_avg:29.19ms
step:71/1480 train_time:2070ms step_avg:29.15ms
step:72/1480 train_time:2103ms step_avg:29.21ms
step:73/1480 train_time:2130ms step_avg:29.18ms
step:74/1480 train_time:2164ms step_avg:29.24ms
step:75/1480 train_time:2190ms step_avg:29.20ms
step:76/1480 train_time:2223ms step_avg:29.25ms
step:77/1480 train_time:2249ms step_avg:29.20ms
step:78/1480 train_time:2281ms step_avg:29.25ms
step:79/1480 train_time:2307ms step_avg:29.20ms
step:80/1480 train_time:2339ms step_avg:29.24ms
step:81/1480 train_time:2365ms step_avg:29.19ms
step:82/1480 train_time:2397ms step_avg:29.23ms
step:83/1480 train_time:2423ms step_avg:29.19ms
step:84/1480 train_time:2455ms step_avg:29.23ms
step:85/1480 train_time:2480ms step_avg:29.18ms
step:86/1480 train_time:2513ms step_avg:29.22ms
step:87/1480 train_time:2538ms step_avg:29.17ms
step:88/1480 train_time:2571ms step_avg:29.21ms
step:89/1480 train_time:2596ms step_avg:29.17ms
step:90/1480 train_time:2629ms step_avg:29.21ms
step:91/1480 train_time:2654ms step_avg:29.16ms
step:92/1480 train_time:2686ms step_avg:29.20ms
step:93/1480 train_time:2712ms step_avg:29.16ms
step:94/1480 train_time:2744ms step_avg:29.19ms
step:95/1480 train_time:2769ms step_avg:29.15ms
step:96/1480 train_time:2802ms step_avg:29.19ms
step:97/1480 train_time:2827ms step_avg:29.15ms
step:98/1480 train_time:2860ms step_avg:29.18ms
step:99/1480 train_time:2886ms step_avg:29.15ms
step:100/1480 train_time:2919ms step_avg:29.19ms
step:101/1480 train_time:2945ms step_avg:29.16ms
step:102/1480 train_time:2978ms step_avg:29.20ms
step:103/1480 train_time:3005ms step_avg:29.17ms
step:104/1480 train_time:3038ms step_avg:29.21ms
step:105/1480 train_time:3064ms step_avg:29.18ms
step:106/1480 train_time:3097ms step_avg:29.22ms
step:107/1480 train_time:3124ms step_avg:29.19ms
step:108/1480 train_time:3157ms step_avg:29.23ms
step:109/1480 train_time:3182ms step_avg:29.20ms
step:110/1480 train_time:3215ms step_avg:29.23ms
step:111/1480 train_time:3241ms step_avg:29.19ms
step:112/1480 train_time:3274ms step_avg:29.23ms
step:113/1480 train_time:3299ms step_avg:29.20ms
step:114/1480 train_time:3332ms step_avg:29.23ms
step:115/1480 train_time:3358ms step_avg:29.20ms
step:116/1480 train_time:3391ms step_avg:29.23ms
step:117/1480 train_time:3416ms step_avg:29.20ms
step:118/1480 train_time:3449ms step_avg:29.23ms
step:119/1480 train_time:3474ms step_avg:29.19ms
step:120/1480 train_time:3507ms step_avg:29.23ms
step:121/1480 train_time:3533ms step_avg:29.20ms
step:122/1480 train_time:3566ms step_avg:29.23ms
step:123/1480 train_time:3591ms step_avg:29.20ms
step:124/1480 train_time:3624ms step_avg:29.22ms
step:125/1480 train_time:3649ms step_avg:29.19ms
step:126/1480 train_time:3681ms step_avg:29.22ms
step:127/1480 train_time:3706ms step_avg:29.18ms
step:128/1480 train_time:3739ms step_avg:29.21ms
step:129/1480 train_time:3765ms step_avg:29.18ms
step:130/1480 train_time:3798ms step_avg:29.22ms
step:131/1480 train_time:3823ms step_avg:29.18ms
step:132/1480 train_time:3856ms step_avg:29.21ms
step:133/1480 train_time:3881ms step_avg:29.18ms
step:134/1480 train_time:3914ms step_avg:29.21ms
step:135/1480 train_time:3940ms step_avg:29.18ms
step:136/1480 train_time:3973ms step_avg:29.21ms
step:137/1480 train_time:3999ms step_avg:29.19ms
step:138/1480 train_time:4033ms step_avg:29.22ms
step:139/1480 train_time:4059ms step_avg:29.20ms
step:140/1480 train_time:4093ms step_avg:29.23ms
step:141/1480 train_time:4118ms step_avg:29.21ms
step:142/1480 train_time:4151ms step_avg:29.23ms
step:143/1480 train_time:4176ms step_avg:29.20ms
step:144/1480 train_time:4210ms step_avg:29.23ms
step:145/1480 train_time:4235ms step_avg:29.21ms
step:146/1480 train_time:4268ms step_avg:29.24ms
step:147/1480 train_time:4294ms step_avg:29.21ms
step:148/1480 train_time:4328ms step_avg:29.24ms
step:149/1480 train_time:4353ms step_avg:29.21ms
step:150/1480 train_time:4386ms step_avg:29.24ms
step:151/1480 train_time:4411ms step_avg:29.21ms
step:152/1480 train_time:4444ms step_avg:29.23ms
step:153/1480 train_time:4470ms step_avg:29.21ms
step:154/1480 train_time:4503ms step_avg:29.24ms
step:155/1480 train_time:4527ms step_avg:29.21ms
step:156/1480 train_time:4560ms step_avg:29.23ms
step:157/1480 train_time:4585ms step_avg:29.21ms
step:158/1480 train_time:4618ms step_avg:29.23ms
step:159/1480 train_time:4643ms step_avg:29.20ms
step:160/1480 train_time:4676ms step_avg:29.22ms
step:161/1480 train_time:4701ms step_avg:29.20ms
step:162/1480 train_time:4735ms step_avg:29.23ms
step:163/1480 train_time:4760ms step_avg:29.20ms
step:164/1480 train_time:4793ms step_avg:29.23ms
step:165/1480 train_time:4818ms step_avg:29.20ms
step:166/1480 train_time:4851ms step_avg:29.22ms
step:167/1480 train_time:4876ms step_avg:29.20ms
step:168/1480 train_time:4910ms step_avg:29.22ms
step:169/1480 train_time:4935ms step_avg:29.20ms
step:170/1480 train_time:4968ms step_avg:29.22ms
step:171/1480 train_time:4994ms step_avg:29.20ms
step:172/1480 train_time:5027ms step_avg:29.23ms
step:173/1480 train_time:5053ms step_avg:29.21ms
step:174/1480 train_time:5086ms step_avg:29.23ms
step:175/1480 train_time:5112ms step_avg:29.21ms
step:176/1480 train_time:5145ms step_avg:29.23ms
step:177/1480 train_time:5170ms step_avg:29.21ms
step:178/1480 train_time:5204ms step_avg:29.23ms
step:179/1480 train_time:5229ms step_avg:29.21ms
step:180/1480 train_time:5262ms step_avg:29.23ms
step:181/1480 train_time:5288ms step_avg:29.21ms
step:182/1480 train_time:5320ms step_avg:29.23ms
step:183/1480 train_time:5345ms step_avg:29.21ms
step:184/1480 train_time:5378ms step_avg:29.23ms
step:185/1480 train_time:5404ms step_avg:29.21ms
step:186/1480 train_time:5437ms step_avg:29.23ms
step:187/1480 train_time:5462ms step_avg:29.21ms
step:188/1480 train_time:5495ms step_avg:29.23ms
step:189/1480 train_time:5520ms step_avg:29.21ms
step:190/1480 train_time:5553ms step_avg:29.22ms
step:191/1480 train_time:5578ms step_avg:29.20ms
step:192/1480 train_time:5611ms step_avg:29.22ms
step:193/1480 train_time:5636ms step_avg:29.20ms
step:194/1480 train_time:5669ms step_avg:29.22ms
step:195/1480 train_time:5694ms step_avg:29.20ms
step:196/1480 train_time:5728ms step_avg:29.22ms
step:197/1480 train_time:5753ms step_avg:29.20ms
step:198/1480 train_time:5786ms step_avg:29.22ms
step:199/1480 train_time:5811ms step_avg:29.20ms
step:200/1480 train_time:5844ms step_avg:29.22ms
step:201/1480 train_time:5870ms step_avg:29.20ms
step:202/1480 train_time:5902ms step_avg:29.22ms
step:203/1480 train_time:5928ms step_avg:29.20ms
step:204/1480 train_time:5961ms step_avg:29.22ms
step:205/1480 train_time:5988ms step_avg:29.21ms
step:206/1480 train_time:6020ms step_avg:29.22ms
step:207/1480 train_time:6046ms step_avg:29.21ms
step:208/1480 train_time:6079ms step_avg:29.23ms
step:209/1480 train_time:6105ms step_avg:29.21ms
step:210/1480 train_time:6138ms step_avg:29.23ms
step:211/1480 train_time:6164ms step_avg:29.21ms
step:212/1480 train_time:6197ms step_avg:29.23ms
step:213/1480 train_time:6222ms step_avg:29.21ms
step:214/1480 train_time:6255ms step_avg:29.23ms
step:215/1480 train_time:6280ms step_avg:29.21ms
step:216/1480 train_time:6314ms step_avg:29.23ms
step:217/1480 train_time:6339ms step_avg:29.21ms
step:218/1480 train_time:6372ms step_avg:29.23ms
step:219/1480 train_time:6397ms step_avg:29.21ms
step:220/1480 train_time:6430ms step_avg:29.23ms
step:221/1480 train_time:6455ms step_avg:29.21ms
step:222/1480 train_time:6488ms step_avg:29.23ms
step:223/1480 train_time:6514ms step_avg:29.21ms
step:224/1480 train_time:6546ms step_avg:29.22ms
step:225/1480 train_time:6571ms step_avg:29.21ms
step:226/1480 train_time:6604ms step_avg:29.22ms
step:227/1480 train_time:6630ms step_avg:29.21ms
step:228/1480 train_time:6662ms step_avg:29.22ms
step:229/1480 train_time:6688ms step_avg:29.20ms
step:230/1480 train_time:6720ms step_avg:29.22ms
step:231/1480 train_time:6745ms step_avg:29.20ms
step:232/1480 train_time:6778ms step_avg:29.22ms
step:233/1480 train_time:6804ms step_avg:29.20ms
step:234/1480 train_time:6837ms step_avg:29.22ms
step:235/1480 train_time:6862ms step_avg:29.20ms
step:236/1480 train_time:6895ms step_avg:29.21ms
step:237/1480 train_time:6920ms step_avg:29.20ms
step:238/1480 train_time:6954ms step_avg:29.22ms
step:239/1480 train_time:6979ms step_avg:29.20ms
step:240/1480 train_time:7012ms step_avg:29.22ms
step:241/1480 train_time:7037ms step_avg:29.20ms
step:242/1480 train_time:7070ms step_avg:29.22ms
step:243/1480 train_time:7096ms step_avg:29.20ms
step:244/1480 train_time:7129ms step_avg:29.22ms
step:245/1480 train_time:7155ms step_avg:29.20ms
step:246/1480 train_time:7188ms step_avg:29.22ms
step:247/1480 train_time:7213ms step_avg:29.20ms
step:248/1480 train_time:7246ms step_avg:29.22ms
step:249/1480 train_time:7272ms step_avg:29.20ms
step:250/1480 train_time:7305ms step_avg:29.22ms
step:250/1480 val_loss:4.4929 train_time:7339ms step_avg:29.36ms
step:251/1480 train_time:7358ms step_avg:29.31ms
step:252/1480 train_time:7376ms step_avg:29.27ms
step:253/1480 train_time:7391ms step_avg:29.21ms
step:254/1480 train_time:7424ms step_avg:29.23ms
step:255/1480 train_time:7449ms step_avg:29.21ms
step:256/1480 train_time:7483ms step_avg:29.23ms
step:257/1480 train_time:7509ms step_avg:29.22ms
step:258/1480 train_time:7542ms step_avg:29.23ms
step:259/1480 train_time:7567ms step_avg:29.22ms
step:260/1480 train_time:7600ms step_avg:29.23ms
step:261/1480 train_time:7625ms step_avg:29.22ms
step:262/1480 train_time:7658ms step_avg:29.23ms
step:263/1480 train_time:7683ms step_avg:29.21ms
step:264/1480 train_time:7716ms step_avg:29.23ms
step:265/1480 train_time:7741ms step_avg:29.21ms
step:266/1480 train_time:7773ms step_avg:29.22ms
step:267/1480 train_time:7798ms step_avg:29.21ms
step:268/1480 train_time:7830ms step_avg:29.22ms
step:269/1480 train_time:7856ms step_avg:29.20ms
step:270/1480 train_time:7888ms step_avg:29.22ms
step:271/1480 train_time:7914ms step_avg:29.20ms
step:272/1480 train_time:7947ms step_avg:29.22ms
step:273/1480 train_time:7972ms step_avg:29.20ms
step:274/1480 train_time:8005ms step_avg:29.22ms
step:275/1480 train_time:8030ms step_avg:29.20ms
step:276/1480 train_time:8063ms step_avg:29.21ms
step:277/1480 train_time:8088ms step_avg:29.20ms
step:278/1480 train_time:8121ms step_avg:29.21ms
step:279/1480 train_time:8146ms step_avg:29.20ms
step:280/1480 train_time:8179ms step_avg:29.21ms
step:281/1480 train_time:8205ms step_avg:29.20ms
step:282/1480 train_time:8239ms step_avg:29.21ms
step:283/1480 train_time:8265ms step_avg:29.21ms
step:284/1480 train_time:8300ms step_avg:29.23ms
step:285/1480 train_time:8326ms step_avg:29.21ms
step:286/1480 train_time:8360ms step_avg:29.23ms
step:287/1480 train_time:8386ms step_avg:29.22ms
step:288/1480 train_time:8419ms step_avg:29.23ms
step:289/1480 train_time:8445ms step_avg:29.22ms
step:290/1480 train_time:8478ms step_avg:29.24ms
step:291/1480 train_time:8504ms step_avg:29.22ms
step:292/1480 train_time:8537ms step_avg:29.24ms
step:293/1480 train_time:8563ms step_avg:29.23ms
step:294/1480 train_time:8596ms step_avg:29.24ms
step:295/1480 train_time:8621ms step_avg:29.22ms
step:296/1480 train_time:8653ms step_avg:29.23ms
step:297/1480 train_time:8679ms step_avg:29.22ms
step:298/1480 train_time:8712ms step_avg:29.23ms
step:299/1480 train_time:8737ms step_avg:29.22ms
step:300/1480 train_time:8770ms step_avg:29.23ms
step:301/1480 train_time:8795ms step_avg:29.22ms
step:302/1480 train_time:8828ms step_avg:29.23ms
step:303/1480 train_time:8853ms step_avg:29.22ms
step:304/1480 train_time:8886ms step_avg:29.23ms
step:305/1480 train_time:8912ms step_avg:29.22ms
step:306/1480 train_time:8944ms step_avg:29.23ms
step:307/1480 train_time:8970ms step_avg:29.22ms
step:308/1480 train_time:9004ms step_avg:29.23ms
step:309/1480 train_time:9028ms step_avg:29.22ms
step:310/1480 train_time:9061ms step_avg:29.23ms
step:311/1480 train_time:9086ms step_avg:29.22ms
step:312/1480 train_time:9119ms step_avg:29.23ms
step:313/1480 train_time:9144ms step_avg:29.22ms
step:314/1480 train_time:9178ms step_avg:29.23ms
step:315/1480 train_time:9205ms step_avg:29.22ms
step:316/1480 train_time:9237ms step_avg:29.23ms
step:317/1480 train_time:9263ms step_avg:29.22ms
step:318/1480 train_time:9297ms step_avg:29.23ms
step:319/1480 train_time:9323ms step_avg:29.22ms
step:320/1480 train_time:9356ms step_avg:29.24ms
step:321/1480 train_time:9382ms step_avg:29.23ms
step:322/1480 train_time:9415ms step_avg:29.24ms
step:323/1480 train_time:9441ms step_avg:29.23ms
step:324/1480 train_time:9473ms step_avg:29.24ms
step:325/1480 train_time:9499ms step_avg:29.23ms
step:326/1480 train_time:9532ms step_avg:29.24ms
step:327/1480 train_time:9558ms step_avg:29.23ms
step:328/1480 train_time:9590ms step_avg:29.24ms
step:329/1480 train_time:9615ms step_avg:29.23ms
step:330/1480 train_time:9648ms step_avg:29.24ms
step:331/1480 train_time:9674ms step_avg:29.23ms
step:332/1480 train_time:9707ms step_avg:29.24ms
step:333/1480 train_time:9732ms step_avg:29.23ms
step:334/1480 train_time:9765ms step_avg:29.24ms
step:335/1480 train_time:9790ms step_avg:29.22ms
step:336/1480 train_time:9824ms step_avg:29.24ms
step:337/1480 train_time:9848ms step_avg:29.22ms
step:338/1480 train_time:9881ms step_avg:29.23ms
step:339/1480 train_time:9907ms step_avg:29.22ms
step:340/1480 train_time:9940ms step_avg:29.23ms
step:341/1480 train_time:9965ms step_avg:29.22ms
step:342/1480 train_time:9998ms step_avg:29.23ms
step:343/1480 train_time:10024ms step_avg:29.22ms
step:344/1480 train_time:10056ms step_avg:29.23ms
step:345/1480 train_time:10082ms step_avg:29.22ms
step:346/1480 train_time:10114ms step_avg:29.23ms
step:347/1480 train_time:10140ms step_avg:29.22ms
step:348/1480 train_time:10172ms step_avg:29.23ms
step:349/1480 train_time:10198ms step_avg:29.22ms
step:350/1480 train_time:10231ms step_avg:29.23ms
step:351/1480 train_time:10257ms step_avg:29.22ms
step:352/1480 train_time:10290ms step_avg:29.23ms
step:353/1480 train_time:10316ms step_avg:29.22ms
step:354/1480 train_time:10349ms step_avg:29.23ms
step:355/1480 train_time:10374ms step_avg:29.22ms
step:356/1480 train_time:10408ms step_avg:29.24ms
step:357/1480 train_time:10434ms step_avg:29.23ms
step:358/1480 train_time:10467ms step_avg:29.24ms
step:359/1480 train_time:10492ms step_avg:29.23ms
step:360/1480 train_time:10525ms step_avg:29.24ms
step:361/1480 train_time:10550ms step_avg:29.22ms
step:362/1480 train_time:10583ms step_avg:29.24ms
step:363/1480 train_time:10609ms step_avg:29.23ms
step:364/1480 train_time:10642ms step_avg:29.24ms
step:365/1480 train_time:10668ms step_avg:29.23ms
step:366/1480 train_time:10701ms step_avg:29.24ms
step:367/1480 train_time:10727ms step_avg:29.23ms
step:368/1480 train_time:10760ms step_avg:29.24ms
step:369/1480 train_time:10785ms step_avg:29.23ms
step:370/1480 train_time:10818ms step_avg:29.24ms
step:371/1480 train_time:10843ms step_avg:29.23ms
step:372/1480 train_time:10876ms step_avg:29.24ms
step:373/1480 train_time:10901ms step_avg:29.23ms
step:374/1480 train_time:10934ms step_avg:29.23ms
step:375/1480 train_time:10959ms step_avg:29.22ms
step:376/1480 train_time:10992ms step_avg:29.23ms
step:377/1480 train_time:11017ms step_avg:29.22ms
step:378/1480 train_time:11050ms step_avg:29.23ms
step:379/1480 train_time:11076ms step_avg:29.22ms
step:380/1480 train_time:11109ms step_avg:29.23ms
step:381/1480 train_time:11134ms step_avg:29.22ms
step:382/1480 train_time:11167ms step_avg:29.23ms
step:383/1480 train_time:11192ms step_avg:29.22ms
step:384/1480 train_time:11226ms step_avg:29.23ms
step:385/1480 train_time:11251ms step_avg:29.22ms
step:386/1480 train_time:11284ms step_avg:29.23ms
step:387/1480 train_time:11310ms step_avg:29.22ms
step:388/1480 train_time:11343ms step_avg:29.23ms
step:389/1480 train_time:11368ms step_avg:29.22ms
step:390/1480 train_time:11402ms step_avg:29.24ms
step:391/1480 train_time:11427ms step_avg:29.22ms
step:392/1480 train_time:11460ms step_avg:29.23ms
step:393/1480 train_time:11485ms step_avg:29.22ms
step:394/1480 train_time:11519ms step_avg:29.24ms
step:395/1480 train_time:11544ms step_avg:29.23ms
step:396/1480 train_time:11577ms step_avg:29.23ms
step:397/1480 train_time:11603ms step_avg:29.23ms
step:398/1480 train_time:11636ms step_avg:29.24ms
step:399/1480 train_time:11662ms step_avg:29.23ms
step:400/1480 train_time:11695ms step_avg:29.24ms
step:401/1480 train_time:11721ms step_avg:29.23ms
step:402/1480 train_time:11753ms step_avg:29.24ms
step:403/1480 train_time:11778ms step_avg:29.23ms
step:404/1480 train_time:11811ms step_avg:29.24ms
step:405/1480 train_time:11837ms step_avg:29.23ms
step:406/1480 train_time:11869ms step_avg:29.24ms
step:407/1480 train_time:11895ms step_avg:29.23ms
step:408/1480 train_time:11928ms step_avg:29.23ms
step:409/1480 train_time:11953ms step_avg:29.22ms
step:410/1480 train_time:11986ms step_avg:29.23ms
step:411/1480 train_time:12011ms step_avg:29.22ms
step:412/1480 train_time:12044ms step_avg:29.23ms
step:413/1480 train_time:12069ms step_avg:29.22ms
step:414/1480 train_time:12103ms step_avg:29.23ms
step:415/1480 train_time:12129ms step_avg:29.23ms
step:416/1480 train_time:12162ms step_avg:29.24ms
step:417/1480 train_time:12187ms step_avg:29.23ms
step:418/1480 train_time:12220ms step_avg:29.23ms
step:419/1480 train_time:12245ms step_avg:29.23ms
step:420/1480 train_time:12279ms step_avg:29.24ms
step:421/1480 train_time:12304ms step_avg:29.23ms
step:422/1480 train_time:12338ms step_avg:29.24ms
step:423/1480 train_time:12364ms step_avg:29.23ms
step:424/1480 train_time:12397ms step_avg:29.24ms
step:425/1480 train_time:12423ms step_avg:29.23ms
step:426/1480 train_time:12455ms step_avg:29.24ms
step:427/1480 train_time:12482ms step_avg:29.23ms
step:428/1480 train_time:12515ms step_avg:29.24ms
step:429/1480 train_time:12541ms step_avg:29.23ms
step:430/1480 train_time:12573ms step_avg:29.24ms
step:431/1480 train_time:12599ms step_avg:29.23ms
step:432/1480 train_time:12632ms step_avg:29.24ms
step:433/1480 train_time:12657ms step_avg:29.23ms
step:434/1480 train_time:12690ms step_avg:29.24ms
step:435/1480 train_time:12715ms step_avg:29.23ms
step:436/1480 train_time:12748ms step_avg:29.24ms
step:437/1480 train_time:12773ms step_avg:29.23ms
step:438/1480 train_time:12807ms step_avg:29.24ms
step:439/1480 train_time:12832ms step_avg:29.23ms
step:440/1480 train_time:12865ms step_avg:29.24ms
step:441/1480 train_time:12890ms step_avg:29.23ms
step:442/1480 train_time:12924ms step_avg:29.24ms
step:443/1480 train_time:12949ms step_avg:29.23ms
step:444/1480 train_time:12982ms step_avg:29.24ms
step:445/1480 train_time:13007ms step_avg:29.23ms
step:446/1480 train_time:13040ms step_avg:29.24ms
step:447/1480 train_time:13066ms step_avg:29.23ms
step:448/1480 train_time:13099ms step_avg:29.24ms
step:449/1480 train_time:13124ms step_avg:29.23ms
step:450/1480 train_time:13158ms step_avg:29.24ms
step:451/1480 train_time:13183ms step_avg:29.23ms
step:452/1480 train_time:13216ms step_avg:29.24ms
step:453/1480 train_time:13241ms step_avg:29.23ms
step:454/1480 train_time:13274ms step_avg:29.24ms
step:455/1480 train_time:13300ms step_avg:29.23ms
step:456/1480 train_time:13333ms step_avg:29.24ms
step:457/1480 train_time:13359ms step_avg:29.23ms
step:458/1480 train_time:13391ms step_avg:29.24ms
step:459/1480 train_time:13417ms step_avg:29.23ms
step:460/1480 train_time:13450ms step_avg:29.24ms
step:461/1480 train_time:13475ms step_avg:29.23ms
step:462/1480 train_time:13509ms step_avg:29.24ms
step:463/1480 train_time:13536ms step_avg:29.23ms
step:464/1480 train_time:13568ms step_avg:29.24ms
step:465/1480 train_time:13594ms step_avg:29.23ms
step:466/1480 train_time:13626ms step_avg:29.24ms
step:467/1480 train_time:13652ms step_avg:29.23ms
step:468/1480 train_time:13685ms step_avg:29.24ms
step:469/1480 train_time:13710ms step_avg:29.23ms
step:470/1480 train_time:13744ms step_avg:29.24ms
step:471/1480 train_time:13768ms step_avg:29.23ms
step:472/1480 train_time:13802ms step_avg:29.24ms
step:473/1480 train_time:13827ms step_avg:29.23ms
step:474/1480 train_time:13860ms step_avg:29.24ms
step:475/1480 train_time:13885ms step_avg:29.23ms
step:476/1480 train_time:13919ms step_avg:29.24ms
step:477/1480 train_time:13944ms step_avg:29.23ms
step:478/1480 train_time:13977ms step_avg:29.24ms
step:479/1480 train_time:14002ms step_avg:29.23ms
step:480/1480 train_time:14035ms step_avg:29.24ms
step:481/1480 train_time:14062ms step_avg:29.23ms
step:482/1480 train_time:14118ms step_avg:29.29ms
step:483/1480 train_time:14170ms step_avg:29.34ms
step:484/1480 train_time:14227ms step_avg:29.39ms
step:485/1480 train_time:14280ms step_avg:29.44ms
step:486/1480 train_time:14336ms step_avg:29.50ms
step:487/1480 train_time:14387ms step_avg:29.54ms
step:488/1480 train_time:14444ms step_avg:29.60ms
step:489/1480 train_time:14495ms step_avg:29.64ms
step:490/1480 train_time:14552ms step_avg:29.70ms
step:491/1480 train_time:14603ms step_avg:29.74ms
step:492/1480 train_time:14660ms step_avg:29.80ms
step:493/1480 train_time:14712ms step_avg:29.84ms
step:494/1480 train_time:14768ms step_avg:29.89ms
step:495/1480 train_time:14820ms step_avg:29.94ms
step:496/1480 train_time:14876ms step_avg:29.99ms
step:497/1480 train_time:14928ms step_avg:30.04ms
step:498/1480 train_time:14984ms step_avg:30.09ms
step:499/1480 train_time:15035ms step_avg:30.13ms
step:500/1480 train_time:15090ms step_avg:30.18ms
step:500/1480 val_loss:4.2086 train_time:15152ms step_avg:30.30ms
step:501/1480 train_time:15172ms step_avg:30.28ms
step:502/1480 train_time:15199ms step_avg:30.28ms
step:503/1480 train_time:15250ms step_avg:30.32ms
step:504/1480 train_time:15308ms step_avg:30.37ms
step:505/1480 train_time:15361ms step_avg:30.42ms
step:506/1480 train_time:15417ms step_avg:30.47ms
step:507/1480 train_time:15469ms step_avg:30.51ms
step:508/1480 train_time:15525ms step_avg:30.56ms
step:509/1480 train_time:15576ms step_avg:30.60ms
step:510/1480 train_time:15632ms step_avg:30.65ms
step:511/1480 train_time:15684ms step_avg:30.69ms
step:512/1480 train_time:15741ms step_avg:30.74ms
step:513/1480 train_time:15792ms step_avg:30.78ms
step:514/1480 train_time:15847ms step_avg:30.83ms
step:515/1480 train_time:15899ms step_avg:30.87ms
step:516/1480 train_time:15955ms step_avg:30.92ms
step:517/1480 train_time:16007ms step_avg:30.96ms
step:518/1480 train_time:16065ms step_avg:31.01ms
step:519/1480 train_time:16119ms step_avg:31.06ms
step:520/1480 train_time:16178ms step_avg:31.11ms
step:521/1480 train_time:16231ms step_avg:31.15ms
step:522/1480 train_time:16287ms step_avg:31.20ms
step:523/1480 train_time:16338ms step_avg:31.24ms
step:524/1480 train_time:16396ms step_avg:31.29ms
step:525/1480 train_time:16447ms step_avg:31.33ms
step:526/1480 train_time:16503ms step_avg:31.37ms
step:527/1480 train_time:16554ms step_avg:31.41ms
step:528/1480 train_time:16609ms step_avg:31.46ms
step:529/1480 train_time:16660ms step_avg:31.49ms
step:530/1480 train_time:16717ms step_avg:31.54ms
step:531/1480 train_time:16768ms step_avg:31.58ms
step:532/1480 train_time:16824ms step_avg:31.62ms
step:533/1480 train_time:16875ms step_avg:31.66ms
step:534/1480 train_time:16931ms step_avg:31.71ms
step:535/1480 train_time:16983ms step_avg:31.74ms
step:536/1480 train_time:17040ms step_avg:31.79ms
step:537/1480 train_time:17093ms step_avg:31.83ms
step:538/1480 train_time:17150ms step_avg:31.88ms
step:539/1480 train_time:17203ms step_avg:31.92ms
step:540/1480 train_time:17260ms step_avg:31.96ms
step:541/1480 train_time:17312ms step_avg:32.00ms
step:542/1480 train_time:17368ms step_avg:32.04ms
step:543/1480 train_time:17420ms step_avg:32.08ms
step:544/1480 train_time:17476ms step_avg:32.13ms
step:545/1480 train_time:17528ms step_avg:32.16ms
step:546/1480 train_time:17584ms step_avg:32.20ms
step:547/1480 train_time:17635ms step_avg:32.24ms
step:548/1480 train_time:17690ms step_avg:32.28ms
step:549/1480 train_time:17742ms step_avg:32.32ms
step:550/1480 train_time:17798ms step_avg:32.36ms
step:551/1480 train_time:17849ms step_avg:32.39ms
step:552/1480 train_time:17905ms step_avg:32.44ms
step:553/1480 train_time:17957ms step_avg:32.47ms
step:554/1480 train_time:18014ms step_avg:32.52ms
step:555/1480 train_time:18066ms step_avg:32.55ms
step:556/1480 train_time:18122ms step_avg:32.59ms
step:557/1480 train_time:18175ms step_avg:32.63ms
step:558/1480 train_time:18232ms step_avg:32.67ms
step:559/1480 train_time:18284ms step_avg:32.71ms
step:560/1480 train_time:18340ms step_avg:32.75ms
step:561/1480 train_time:18391ms step_avg:32.78ms
step:562/1480 train_time:18447ms step_avg:32.82ms
step:563/1480 train_time:18499ms step_avg:32.86ms
step:564/1480 train_time:18556ms step_avg:32.90ms
step:565/1480 train_time:18607ms step_avg:32.93ms
step:566/1480 train_time:18664ms step_avg:32.97ms
step:567/1480 train_time:18714ms step_avg:33.01ms
step:568/1480 train_time:18770ms step_avg:33.05ms
step:569/1480 train_time:18822ms step_avg:33.08ms
step:570/1480 train_time:18878ms step_avg:33.12ms
step:571/1480 train_time:18930ms step_avg:33.15ms
step:572/1480 train_time:18986ms step_avg:33.19ms
step:573/1480 train_time:19038ms step_avg:33.23ms
step:574/1480 train_time:19096ms step_avg:33.27ms
step:575/1480 train_time:19147ms step_avg:33.30ms
step:576/1480 train_time:19203ms step_avg:33.34ms
step:577/1480 train_time:19255ms step_avg:33.37ms
step:578/1480 train_time:19312ms step_avg:33.41ms
step:579/1480 train_time:19363ms step_avg:33.44ms
step:580/1480 train_time:19420ms step_avg:33.48ms
step:581/1480 train_time:19472ms step_avg:33.51ms
step:582/1480 train_time:19528ms step_avg:33.55ms
step:583/1480 train_time:19580ms step_avg:33.58ms
step:584/1480 train_time:19636ms step_avg:33.62ms
step:585/1480 train_time:19688ms step_avg:33.65ms
step:586/1480 train_time:19744ms step_avg:33.69ms
step:587/1480 train_time:19795ms step_avg:33.72ms
step:588/1480 train_time:19852ms step_avg:33.76ms
step:589/1480 train_time:19903ms step_avg:33.79ms
step:590/1480 train_time:19959ms step_avg:33.83ms
step:591/1480 train_time:20011ms step_avg:33.86ms
step:592/1480 train_time:20066ms step_avg:33.90ms
step:593/1480 train_time:20119ms step_avg:33.93ms
step:594/1480 train_time:20176ms step_avg:33.97ms
step:595/1480 train_time:20229ms step_avg:34.00ms
step:596/1480 train_time:20285ms step_avg:34.04ms
step:597/1480 train_time:20337ms step_avg:34.07ms
step:598/1480 train_time:20395ms step_avg:34.10ms
step:599/1480 train_time:20445ms step_avg:34.13ms
step:600/1480 train_time:20501ms step_avg:34.17ms
step:601/1480 train_time:20553ms step_avg:34.20ms
step:602/1480 train_time:20609ms step_avg:34.23ms
step:603/1480 train_time:20660ms step_avg:34.26ms
step:604/1480 train_time:20717ms step_avg:34.30ms
step:605/1480 train_time:20769ms step_avg:34.33ms
step:606/1480 train_time:20824ms step_avg:34.36ms
step:607/1480 train_time:20876ms step_avg:34.39ms
step:608/1480 train_time:20933ms step_avg:34.43ms
step:609/1480 train_time:20985ms step_avg:34.46ms
step:610/1480 train_time:21041ms step_avg:34.49ms
step:611/1480 train_time:21093ms step_avg:34.52ms
step:612/1480 train_time:21149ms step_avg:34.56ms
step:613/1480 train_time:21202ms step_avg:34.59ms
step:614/1480 train_time:21259ms step_avg:34.62ms
step:615/1480 train_time:21312ms step_avg:34.65ms
step:616/1480 train_time:21368ms step_avg:34.69ms
step:617/1480 train_time:21421ms step_avg:34.72ms
step:618/1480 train_time:21478ms step_avg:34.75ms
step:619/1480 train_time:21531ms step_avg:34.78ms
step:620/1480 train_time:21586ms step_avg:34.82ms
step:621/1480 train_time:21638ms step_avg:34.84ms
step:622/1480 train_time:21695ms step_avg:34.88ms
step:623/1480 train_time:21746ms step_avg:34.90ms
step:624/1480 train_time:21802ms step_avg:34.94ms
step:625/1480 train_time:21853ms step_avg:34.96ms
step:626/1480 train_time:21909ms step_avg:35.00ms
step:627/1480 train_time:21960ms step_avg:35.02ms
step:628/1480 train_time:22017ms step_avg:35.06ms
step:629/1480 train_time:22070ms step_avg:35.09ms
step:630/1480 train_time:22125ms step_avg:35.12ms
step:631/1480 train_time:22178ms step_avg:35.15ms
step:632/1480 train_time:22234ms step_avg:35.18ms
step:633/1480 train_time:22286ms step_avg:35.21ms
step:634/1480 train_time:22343ms step_avg:35.24ms
step:635/1480 train_time:22394ms step_avg:35.27ms
step:636/1480 train_time:22450ms step_avg:35.30ms
step:637/1480 train_time:22503ms step_avg:35.33ms
step:638/1480 train_time:22559ms step_avg:35.36ms
step:639/1480 train_time:22611ms step_avg:35.38ms
step:640/1480 train_time:22666ms step_avg:35.42ms
step:641/1480 train_time:22718ms step_avg:35.44ms
step:642/1480 train_time:22775ms step_avg:35.48ms
step:643/1480 train_time:22827ms step_avg:35.50ms
step:644/1480 train_time:22884ms step_avg:35.53ms
step:645/1480 train_time:22935ms step_avg:35.56ms
step:646/1480 train_time:22991ms step_avg:35.59ms
step:647/1480 train_time:23043ms step_avg:35.61ms
step:648/1480 train_time:23100ms step_avg:35.65ms
step:649/1480 train_time:23152ms step_avg:35.67ms
step:650/1480 train_time:23208ms step_avg:35.70ms
step:651/1480 train_time:23261ms step_avg:35.73ms
step:652/1480 train_time:23317ms step_avg:35.76ms
step:653/1480 train_time:23370ms step_avg:35.79ms
step:654/1480 train_time:23425ms step_avg:35.82ms
step:655/1480 train_time:23477ms step_avg:35.84ms
step:656/1480 train_time:23534ms step_avg:35.87ms
step:657/1480 train_time:23585ms step_avg:35.90ms
step:658/1480 train_time:23641ms step_avg:35.93ms
step:659/1480 train_time:23693ms step_avg:35.95ms
step:660/1480 train_time:23748ms step_avg:35.98ms
step:661/1480 train_time:23800ms step_avg:36.01ms
step:662/1480 train_time:23857ms step_avg:36.04ms
step:663/1480 train_time:23909ms step_avg:36.06ms
step:664/1480 train_time:23964ms step_avg:36.09ms
step:665/1480 train_time:24016ms step_avg:36.11ms
step:666/1480 train_time:24073ms step_avg:36.15ms
step:667/1480 train_time:24124ms step_avg:36.17ms
step:668/1480 train_time:24181ms step_avg:36.20ms
step:669/1480 train_time:24233ms step_avg:36.22ms
step:670/1480 train_time:24289ms step_avg:36.25ms
step:671/1480 train_time:24341ms step_avg:36.28ms
step:672/1480 train_time:24398ms step_avg:36.31ms
step:673/1480 train_time:24450ms step_avg:36.33ms
step:674/1480 train_time:24505ms step_avg:36.36ms
step:675/1480 train_time:24556ms step_avg:36.38ms
step:676/1480 train_time:24613ms step_avg:36.41ms
step:677/1480 train_time:24664ms step_avg:36.43ms
step:678/1480 train_time:24720ms step_avg:36.46ms
step:679/1480 train_time:24772ms step_avg:36.48ms
step:680/1480 train_time:24827ms step_avg:36.51ms
step:681/1480 train_time:24879ms step_avg:36.53ms
step:682/1480 train_time:24936ms step_avg:36.56ms
step:683/1480 train_time:24989ms step_avg:36.59ms
step:684/1480 train_time:25044ms step_avg:36.61ms
step:685/1480 train_time:25095ms step_avg:36.64ms
step:686/1480 train_time:25152ms step_avg:36.66ms
step:687/1480 train_time:25204ms step_avg:36.69ms
step:688/1480 train_time:25259ms step_avg:36.71ms
step:689/1480 train_time:25310ms step_avg:36.73ms
step:690/1480 train_time:25367ms step_avg:36.76ms
step:691/1480 train_time:25421ms step_avg:36.79ms
step:692/1480 train_time:25478ms step_avg:36.82ms
step:693/1480 train_time:25530ms step_avg:36.84ms
step:694/1480 train_time:25585ms step_avg:36.87ms
step:695/1480 train_time:25637ms step_avg:36.89ms
step:696/1480 train_time:25694ms step_avg:36.92ms
step:697/1480 train_time:25745ms step_avg:36.94ms
step:698/1480 train_time:25801ms step_avg:36.96ms
step:699/1480 train_time:25852ms step_avg:36.98ms
step:700/1480 train_time:25908ms step_avg:37.01ms
step:701/1480 train_time:25960ms step_avg:37.03ms
step:702/1480 train_time:26017ms step_avg:37.06ms
step:703/1480 train_time:26070ms step_avg:37.08ms
step:704/1480 train_time:26126ms step_avg:37.11ms
step:705/1480 train_time:26177ms step_avg:37.13ms
step:706/1480 train_time:26234ms step_avg:37.16ms
step:707/1480 train_time:26285ms step_avg:37.18ms
step:708/1480 train_time:26341ms step_avg:37.21ms
step:709/1480 train_time:26393ms step_avg:37.23ms
step:710/1480 train_time:26449ms step_avg:37.25ms
step:711/1480 train_time:26502ms step_avg:37.27ms
step:712/1480 train_time:26558ms step_avg:37.30ms
step:713/1480 train_time:26610ms step_avg:37.32ms
step:714/1480 train_time:26665ms step_avg:37.35ms
step:715/1480 train_time:26718ms step_avg:37.37ms
step:716/1480 train_time:26775ms step_avg:37.39ms
step:717/1480 train_time:26825ms step_avg:37.41ms
step:718/1480 train_time:26882ms step_avg:37.44ms
step:719/1480 train_time:26933ms step_avg:37.46ms
step:720/1480 train_time:26990ms step_avg:37.49ms
step:721/1480 train_time:27042ms step_avg:37.51ms
step:722/1480 train_time:27099ms step_avg:37.53ms
step:723/1480 train_time:27151ms step_avg:37.55ms
step:724/1480 train_time:27207ms step_avg:37.58ms
step:725/1480 train_time:27258ms step_avg:37.60ms
step:726/1480 train_time:27315ms step_avg:37.62ms
step:727/1480 train_time:27366ms step_avg:37.64ms
step:728/1480 train_time:27423ms step_avg:37.67ms
step:729/1480 train_time:27475ms step_avg:37.69ms
step:730/1480 train_time:27531ms step_avg:37.71ms
step:731/1480 train_time:27583ms step_avg:37.73ms
step:732/1480 train_time:27639ms step_avg:37.76ms
step:733/1480 train_time:27690ms step_avg:37.78ms
step:734/1480 train_time:27746ms step_avg:37.80ms
step:735/1480 train_time:27797ms step_avg:37.82ms
step:736/1480 train_time:27854ms step_avg:37.84ms
step:737/1480 train_time:27905ms step_avg:37.86ms
step:738/1480 train_time:27960ms step_avg:37.89ms
step:739/1480 train_time:28012ms step_avg:37.91ms
step:740/1480 train_time:28068ms step_avg:37.93ms
step:741/1480 train_time:28121ms step_avg:37.95ms
step:742/1480 train_time:28178ms step_avg:37.98ms
step:743/1480 train_time:28231ms step_avg:38.00ms
step:744/1480 train_time:28287ms step_avg:38.02ms
step:745/1480 train_time:28339ms step_avg:38.04ms
step:746/1480 train_time:28396ms step_avg:38.06ms
step:747/1480 train_time:28448ms step_avg:38.08ms
step:748/1480 train_time:28505ms step_avg:38.11ms
step:749/1480 train_time:28557ms step_avg:38.13ms
step:750/1480 train_time:28614ms step_avg:38.15ms
step:750/1480 val_loss:3.8039 train_time:28674ms step_avg:38.23ms
step:751/1480 train_time:28694ms step_avg:38.21ms
step:752/1480 train_time:28723ms step_avg:38.20ms
step:753/1480 train_time:28774ms step_avg:38.21ms
step:754/1480 train_time:28831ms step_avg:38.24ms
step:755/1480 train_time:28882ms step_avg:38.25ms
step:756/1480 train_time:28940ms step_avg:38.28ms
step:757/1480 train_time:28991ms step_avg:38.30ms
step:758/1480 train_time:29046ms step_avg:38.32ms
step:759/1480 train_time:29098ms step_avg:38.34ms
step:760/1480 train_time:29155ms step_avg:38.36ms
step:761/1480 train_time:29205ms step_avg:38.38ms
step:762/1480 train_time:29262ms step_avg:38.40ms
step:763/1480 train_time:29313ms step_avg:38.42ms
step:764/1480 train_time:29370ms step_avg:38.44ms
step:765/1480 train_time:29421ms step_avg:38.46ms
step:766/1480 train_time:29478ms step_avg:38.48ms
step:767/1480 train_time:29530ms step_avg:38.50ms
step:768/1480 train_time:29588ms step_avg:38.53ms
step:769/1480 train_time:29642ms step_avg:38.55ms
step:770/1480 train_time:29699ms step_avg:38.57ms
step:771/1480 train_time:29753ms step_avg:38.59ms
step:772/1480 train_time:29808ms step_avg:38.61ms
step:773/1480 train_time:29860ms step_avg:38.63ms
step:774/1480 train_time:29916ms step_avg:38.65ms
step:775/1480 train_time:29968ms step_avg:38.67ms
step:776/1480 train_time:30023ms step_avg:38.69ms
step:777/1480 train_time:30074ms step_avg:38.71ms
step:778/1480 train_time:30132ms step_avg:38.73ms
step:779/1480 train_time:30183ms step_avg:38.75ms
step:780/1480 train_time:30240ms step_avg:38.77ms
step:781/1480 train_time:30292ms step_avg:38.79ms
step:782/1480 train_time:30348ms step_avg:38.81ms
step:783/1480 train_time:30400ms step_avg:38.82ms
step:784/1480 train_time:30457ms step_avg:38.85ms
step:785/1480 train_time:30510ms step_avg:38.87ms
step:786/1480 train_time:30566ms step_avg:38.89ms
step:787/1480 train_time:30619ms step_avg:38.91ms
step:788/1480 train_time:30677ms step_avg:38.93ms
step:789/1480 train_time:30730ms step_avg:38.95ms
step:790/1480 train_time:30786ms step_avg:38.97ms
step:791/1480 train_time:30838ms step_avg:38.99ms
step:792/1480 train_time:30895ms step_avg:39.01ms
step:793/1480 train_time:30946ms step_avg:39.02ms
step:794/1480 train_time:31001ms step_avg:39.04ms
step:795/1480 train_time:31053ms step_avg:39.06ms
step:796/1480 train_time:31109ms step_avg:39.08ms
step:797/1480 train_time:31160ms step_avg:39.10ms
step:798/1480 train_time:31217ms step_avg:39.12ms
step:799/1480 train_time:31269ms step_avg:39.13ms
step:800/1480 train_time:31324ms step_avg:39.15ms
step:801/1480 train_time:31375ms step_avg:39.17ms
step:802/1480 train_time:31433ms step_avg:39.19ms
step:803/1480 train_time:31484ms step_avg:39.21ms
step:804/1480 train_time:31542ms step_avg:39.23ms
step:805/1480 train_time:31593ms step_avg:39.25ms
step:806/1480 train_time:31650ms step_avg:39.27ms
step:807/1480 train_time:31702ms step_avg:39.28ms
step:808/1480 train_time:31758ms step_avg:39.30ms
step:809/1480 train_time:31811ms step_avg:39.32ms
step:810/1480 train_time:31867ms step_avg:39.34ms
step:811/1480 train_time:31918ms step_avg:39.36ms
step:812/1480 train_time:31975ms step_avg:39.38ms
step:813/1480 train_time:32026ms step_avg:39.39ms
step:814/1480 train_time:32082ms step_avg:39.41ms
step:815/1480 train_time:32133ms step_avg:39.43ms
step:816/1480 train_time:32188ms step_avg:39.45ms
step:817/1480 train_time:32241ms step_avg:39.46ms
step:818/1480 train_time:32297ms step_avg:39.48ms
step:819/1480 train_time:32349ms step_avg:39.50ms
step:820/1480 train_time:32405ms step_avg:39.52ms
step:821/1480 train_time:32458ms step_avg:39.53ms
step:822/1480 train_time:32514ms step_avg:39.56ms
step:823/1480 train_time:32567ms step_avg:39.57ms
step:824/1480 train_time:32622ms step_avg:39.59ms
step:825/1480 train_time:32675ms step_avg:39.61ms
step:826/1480 train_time:32733ms step_avg:39.63ms
step:827/1480 train_time:32785ms step_avg:39.64ms
step:828/1480 train_time:32842ms step_avg:39.66ms
step:829/1480 train_time:32893ms step_avg:39.68ms
step:830/1480 train_time:32949ms step_avg:39.70ms
step:831/1480 train_time:33001ms step_avg:39.71ms
step:832/1480 train_time:33057ms step_avg:39.73ms
step:833/1480 train_time:33108ms step_avg:39.75ms
step:834/1480 train_time:33164ms step_avg:39.76ms
step:835/1480 train_time:33215ms step_avg:39.78ms
step:836/1480 train_time:33272ms step_avg:39.80ms
step:837/1480 train_time:33322ms step_avg:39.81ms
step:838/1480 train_time:33380ms step_avg:39.83ms
step:839/1480 train_time:33432ms step_avg:39.85ms
step:840/1480 train_time:33489ms step_avg:39.87ms
step:841/1480 train_time:33540ms step_avg:39.88ms
step:842/1480 train_time:33598ms step_avg:39.90ms
step:843/1480 train_time:33650ms step_avg:39.92ms
step:844/1480 train_time:33706ms step_avg:39.94ms
step:845/1480 train_time:33757ms step_avg:39.95ms
step:846/1480 train_time:33814ms step_avg:39.97ms
step:847/1480 train_time:33865ms step_avg:39.98ms
step:848/1480 train_time:33921ms step_avg:40.00ms
step:849/1480 train_time:33972ms step_avg:40.01ms
step:850/1480 train_time:34029ms step_avg:40.03ms
step:851/1480 train_time:34080ms step_avg:40.05ms
step:852/1480 train_time:34139ms step_avg:40.07ms
step:853/1480 train_time:34190ms step_avg:40.08ms
step:854/1480 train_time:34246ms step_avg:40.10ms
step:855/1480 train_time:34297ms step_avg:40.11ms
step:856/1480 train_time:34354ms step_avg:40.13ms
step:857/1480 train_time:34406ms step_avg:40.15ms
step:858/1480 train_time:34462ms step_avg:40.17ms
step:859/1480 train_time:34513ms step_avg:40.18ms
step:860/1480 train_time:34569ms step_avg:40.20ms
step:861/1480 train_time:34622ms step_avg:40.21ms
step:862/1480 train_time:34679ms step_avg:40.23ms
step:863/1480 train_time:34732ms step_avg:40.25ms
step:864/1480 train_time:34788ms step_avg:40.26ms
step:865/1480 train_time:34842ms step_avg:40.28ms
step:866/1480 train_time:34898ms step_avg:40.30ms
step:867/1480 train_time:34950ms step_avg:40.31ms
step:868/1480 train_time:35005ms step_avg:40.33ms
step:869/1480 train_time:35056ms step_avg:40.34ms
step:870/1480 train_time:35114ms step_avg:40.36ms
step:871/1480 train_time:35165ms step_avg:40.37ms
step:872/1480 train_time:35221ms step_avg:40.39ms
step:873/1480 train_time:35273ms step_avg:40.40ms
step:874/1480 train_time:35330ms step_avg:40.42ms
step:875/1480 train_time:35381ms step_avg:40.44ms
step:876/1480 train_time:35438ms step_avg:40.45ms
step:877/1480 train_time:35490ms step_avg:40.47ms
step:878/1480 train_time:35546ms step_avg:40.49ms
step:879/1480 train_time:35598ms step_avg:40.50ms
step:880/1480 train_time:35655ms step_avg:40.52ms
step:881/1480 train_time:35707ms step_avg:40.53ms
step:882/1480 train_time:35763ms step_avg:40.55ms
step:883/1480 train_time:35814ms step_avg:40.56ms
step:884/1480 train_time:35871ms step_avg:40.58ms
step:885/1480 train_time:35921ms step_avg:40.59ms
step:886/1480 train_time:35978ms step_avg:40.61ms
step:887/1480 train_time:36031ms step_avg:40.62ms
step:888/1480 train_time:36087ms step_avg:40.64ms
step:889/1480 train_time:36140ms step_avg:40.65ms
step:890/1480 train_time:36196ms step_avg:40.67ms
step:891/1480 train_time:36249ms step_avg:40.68ms
step:892/1480 train_time:36304ms step_avg:40.70ms
step:893/1480 train_time:36355ms step_avg:40.71ms
step:894/1480 train_time:36412ms step_avg:40.73ms
step:895/1480 train_time:36464ms step_avg:40.74ms
step:896/1480 train_time:36519ms step_avg:40.76ms
step:897/1480 train_time:36572ms step_avg:40.77ms
step:898/1480 train_time:36629ms step_avg:40.79ms
step:899/1480 train_time:36682ms step_avg:40.80ms
step:900/1480 train_time:36739ms step_avg:40.82ms
step:901/1480 train_time:36791ms step_avg:40.83ms
step:902/1480 train_time:36846ms step_avg:40.85ms
step:903/1480 train_time:36898ms step_avg:40.86ms
step:904/1480 train_time:36955ms step_avg:40.88ms
step:905/1480 train_time:37006ms step_avg:40.89ms
step:906/1480 train_time:37062ms step_avg:40.91ms
step:907/1480 train_time:37113ms step_avg:40.92ms
step:908/1480 train_time:37170ms step_avg:40.94ms
step:909/1480 train_time:37222ms step_avg:40.95ms
step:910/1480 train_time:37278ms step_avg:40.96ms
step:911/1480 train_time:37330ms step_avg:40.98ms
step:912/1480 train_time:37386ms step_avg:40.99ms
step:913/1480 train_time:37439ms step_avg:41.01ms
step:914/1480 train_time:37496ms step_avg:41.02ms
step:915/1480 train_time:37547ms step_avg:41.04ms
step:916/1480 train_time:37604ms step_avg:41.05ms
step:917/1480 train_time:37656ms step_avg:41.06ms
step:918/1480 train_time:37712ms step_avg:41.08ms
step:919/1480 train_time:37764ms step_avg:41.09ms
step:920/1480 train_time:37820ms step_avg:41.11ms
step:921/1480 train_time:37872ms step_avg:41.12ms
step:922/1480 train_time:37928ms step_avg:41.14ms
step:923/1480 train_time:37981ms step_avg:41.15ms
step:924/1480 train_time:38038ms step_avg:41.17ms
step:925/1480 train_time:38090ms step_avg:41.18ms
step:926/1480 train_time:38146ms step_avg:41.19ms
step:927/1480 train_time:38198ms step_avg:41.21ms
step:928/1480 train_time:38255ms step_avg:41.22ms
step:929/1480 train_time:38306ms step_avg:41.23ms
step:930/1480 train_time:38362ms step_avg:41.25ms
step:931/1480 train_time:38414ms step_avg:41.26ms
step:932/1480 train_time:38471ms step_avg:41.28ms
step:933/1480 train_time:38522ms step_avg:41.29ms
step:934/1480 train_time:38578ms step_avg:41.30ms
step:935/1480 train_time:38631ms step_avg:41.32ms
step:936/1480 train_time:38687ms step_avg:41.33ms
step:937/1480 train_time:38740ms step_avg:41.35ms
step:938/1480 train_time:38797ms step_avg:41.36ms
step:939/1480 train_time:38849ms step_avg:41.37ms
step:940/1480 train_time:38904ms step_avg:41.39ms
step:941/1480 train_time:38956ms step_avg:41.40ms
step:942/1480 train_time:39014ms step_avg:41.42ms
step:943/1480 train_time:39066ms step_avg:41.43ms
step:944/1480 train_time:39121ms step_avg:41.44ms
step:945/1480 train_time:39172ms step_avg:41.45ms
step:946/1480 train_time:39229ms step_avg:41.47ms
step:947/1480 train_time:39281ms step_avg:41.48ms
step:948/1480 train_time:39339ms step_avg:41.50ms
step:949/1480 train_time:39391ms step_avg:41.51ms
step:950/1480 train_time:39446ms step_avg:41.52ms
step:951/1480 train_time:39497ms step_avg:41.53ms
step:952/1480 train_time:39554ms step_avg:41.55ms
step:953/1480 train_time:39605ms step_avg:41.56ms
step:954/1480 train_time:39661ms step_avg:41.57ms
step:955/1480 train_time:39712ms step_avg:41.58ms
step:956/1480 train_time:39769ms step_avg:41.60ms
step:957/1480 train_time:39820ms step_avg:41.61ms
step:958/1480 train_time:39877ms step_avg:41.63ms
step:959/1480 train_time:39930ms step_avg:41.64ms
step:960/1480 train_time:39986ms step_avg:41.65ms
step:961/1480 train_time:40039ms step_avg:41.66ms
step:962/1480 train_time:40122ms step_avg:41.71ms
step:963/1480 train_time:40199ms step_avg:41.74ms
step:964/1480 train_time:40281ms step_avg:41.79ms
step:965/1480 train_time:40359ms step_avg:41.82ms
step:966/1480 train_time:40439ms step_avg:41.86ms
step:967/1480 train_time:40515ms step_avg:41.90ms
step:968/1480 train_time:40598ms step_avg:41.94ms
step:969/1480 train_time:40675ms step_avg:41.98ms
step:970/1480 train_time:40755ms step_avg:42.02ms
step:971/1480 train_time:40831ms step_avg:42.05ms
step:972/1480 train_time:40913ms step_avg:42.09ms
step:973/1480 train_time:40991ms step_avg:42.13ms
step:974/1480 train_time:41072ms step_avg:42.17ms
step:975/1480 train_time:41148ms step_avg:42.20ms
step:976/1480 train_time:41229ms step_avg:42.24ms
step:977/1480 train_time:41305ms step_avg:42.28ms
step:978/1480 train_time:41387ms step_avg:42.32ms
step:979/1480 train_time:41464ms step_avg:42.35ms
step:980/1480 train_time:41544ms step_avg:42.39ms
step:981/1480 train_time:41620ms step_avg:42.43ms
step:982/1480 train_time:41702ms step_avg:42.47ms
step:983/1480 train_time:41778ms step_avg:42.50ms
step:984/1480 train_time:41860ms step_avg:42.54ms
step:985/1480 train_time:41936ms step_avg:42.58ms
step:986/1480 train_time:42018ms step_avg:42.61ms
step:987/1480 train_time:42096ms step_avg:42.65ms
step:988/1480 train_time:42178ms step_avg:42.69ms
step:989/1480 train_time:42256ms step_avg:42.73ms
step:990/1480 train_time:42337ms step_avg:42.76ms
step:991/1480 train_time:42415ms step_avg:42.80ms
step:992/1480 train_time:42496ms step_avg:42.84ms
step:993/1480 train_time:42573ms step_avg:42.87ms
step:994/1480 train_time:42655ms step_avg:42.91ms
step:995/1480 train_time:42733ms step_avg:42.95ms
step:996/1480 train_time:42816ms step_avg:42.99ms
step:997/1480 train_time:42893ms step_avg:43.02ms
step:998/1480 train_time:42974ms step_avg:43.06ms
step:999/1480 train_time:43051ms step_avg:43.09ms
step:1000/1480 train_time:43131ms step_avg:43.13ms
step:1000/1480 val_loss:3.5088 train_time:43218ms step_avg:43.22ms
step:1001/1480 train_time:43238ms step_avg:43.20ms
step:1002/1480 train_time:43289ms step_avg:43.20ms
step:1003/1480 train_time:43367ms step_avg:43.24ms
step:1004/1480 train_time:43448ms step_avg:43.27ms
step:1005/1480 train_time:43524ms step_avg:43.31ms
step:1006/1480 train_time:43606ms step_avg:43.35ms
step:1007/1480 train_time:43684ms step_avg:43.38ms
step:1008/1480 train_time:43765ms step_avg:43.42ms
step:1009/1480 train_time:43843ms step_avg:43.45ms
step:1010/1480 train_time:43924ms step_avg:43.49ms
step:1011/1480 train_time:44001ms step_avg:43.52ms
step:1012/1480 train_time:44082ms step_avg:43.56ms
step:1013/1480 train_time:44162ms step_avg:43.60ms
step:1014/1480 train_time:44244ms step_avg:43.63ms
step:1015/1480 train_time:44323ms step_avg:43.67ms
step:1016/1480 train_time:44404ms step_avg:43.70ms
step:1017/1480 train_time:44480ms step_avg:43.74ms
step:1018/1480 train_time:44560ms step_avg:43.77ms
step:1019/1480 train_time:44637ms step_avg:43.80ms
step:1020/1480 train_time:44721ms step_avg:43.84ms
step:1021/1480 train_time:44798ms step_avg:43.88ms
step:1022/1480 train_time:44881ms step_avg:43.91ms
step:1023/1480 train_time:44958ms step_avg:43.95ms
step:1024/1480 train_time:45041ms step_avg:43.99ms
step:1025/1480 train_time:45120ms step_avg:44.02ms
step:1026/1480 train_time:45203ms step_avg:44.06ms
step:1027/1480 train_time:45280ms step_avg:44.09ms
step:1028/1480 train_time:45362ms step_avg:44.13ms
step:1029/1480 train_time:45439ms step_avg:44.16ms
step:1030/1480 train_time:45521ms step_avg:44.20ms
step:1031/1480 train_time:45598ms step_avg:44.23ms
step:1032/1480 train_time:45680ms step_avg:44.26ms
step:1033/1480 train_time:45758ms step_avg:44.30ms
step:1034/1480 train_time:45841ms step_avg:44.33ms
step:1035/1480 train_time:45918ms step_avg:44.37ms
step:1036/1480 train_time:46000ms step_avg:44.40ms
step:1037/1480 train_time:46076ms step_avg:44.43ms
step:1038/1480 train_time:46159ms step_avg:44.47ms
step:1039/1480 train_time:46235ms step_avg:44.50ms
step:1040/1480 train_time:46317ms step_avg:44.54ms
step:1041/1480 train_time:46394ms step_avg:44.57ms
step:1042/1480 train_time:46473ms step_avg:44.60ms
step:1043/1480 train_time:46550ms step_avg:44.63ms
step:1044/1480 train_time:46631ms step_avg:44.67ms
step:1045/1480 train_time:46707ms step_avg:44.70ms
step:1046/1480 train_time:46788ms step_avg:44.73ms
step:1047/1480 train_time:46865ms step_avg:44.76ms
step:1048/1480 train_time:46947ms step_avg:44.80ms
step:1049/1480 train_time:47024ms step_avg:44.83ms
step:1050/1480 train_time:47107ms step_avg:44.86ms
step:1051/1480 train_time:47184ms step_avg:44.89ms
step:1052/1480 train_time:47265ms step_avg:44.93ms
step:1053/1480 train_time:47343ms step_avg:44.96ms
step:1054/1480 train_time:47424ms step_avg:44.99ms
step:1055/1480 train_time:47502ms step_avg:45.03ms
step:1056/1480 train_time:47583ms step_avg:45.06ms
step:1057/1480 train_time:47660ms step_avg:45.09ms
step:1058/1480 train_time:47742ms step_avg:45.12ms
step:1059/1480 train_time:47819ms step_avg:45.15ms
step:1060/1480 train_time:47900ms step_avg:45.19ms
step:1061/1480 train_time:47978ms step_avg:45.22ms
step:1062/1480 train_time:48060ms step_avg:45.25ms
step:1063/1480 train_time:48137ms step_avg:45.28ms
step:1064/1480 train_time:48217ms step_avg:45.32ms
step:1065/1480 train_time:48294ms step_avg:45.35ms
step:1066/1480 train_time:48375ms step_avg:45.38ms
step:1067/1480 train_time:48451ms step_avg:45.41ms
step:1068/1480 train_time:48533ms step_avg:45.44ms
step:1069/1480 train_time:48609ms step_avg:45.47ms
step:1070/1480 train_time:48690ms step_avg:45.50ms
step:1071/1480 train_time:48767ms step_avg:45.53ms
step:1072/1480 train_time:48849ms step_avg:45.57ms
step:1073/1480 train_time:48925ms step_avg:45.60ms
step:1074/1480 train_time:49007ms step_avg:45.63ms
step:1075/1480 train_time:49084ms step_avg:45.66ms
step:1076/1480 train_time:49166ms step_avg:45.69ms
step:1077/1480 train_time:49245ms step_avg:45.72ms
step:1078/1480 train_time:49326ms step_avg:45.76ms
step:1079/1480 train_time:49404ms step_avg:45.79ms
step:1080/1480 train_time:49485ms step_avg:45.82ms
step:1081/1480 train_time:49563ms step_avg:45.85ms
step:1082/1480 train_time:49645ms step_avg:45.88ms
step:1083/1480 train_time:49723ms step_avg:45.91ms
step:1084/1480 train_time:49805ms step_avg:45.95ms
step:1085/1480 train_time:49882ms step_avg:45.97ms
step:1086/1480 train_time:49964ms step_avg:46.01ms
step:1087/1480 train_time:50042ms step_avg:46.04ms
step:1088/1480 train_time:50124ms step_avg:46.07ms
step:1089/1480 train_time:50201ms step_avg:46.10ms
step:1090/1480 train_time:50283ms step_avg:46.13ms
step:1091/1480 train_time:50360ms step_avg:46.16ms
step:1092/1480 train_time:50441ms step_avg:46.19ms
step:1093/1480 train_time:50518ms step_avg:46.22ms
step:1094/1480 train_time:50598ms step_avg:46.25ms
step:1095/1480 train_time:50675ms step_avg:46.28ms
step:1096/1480 train_time:50756ms step_avg:46.31ms
step:1097/1480 train_time:50832ms step_avg:46.34ms
step:1098/1480 train_time:50913ms step_avg:46.37ms
step:1099/1480 train_time:50990ms step_avg:46.40ms
step:1100/1480 train_time:51072ms step_avg:46.43ms
step:1101/1480 train_time:51148ms step_avg:46.46ms
step:1102/1480 train_time:51229ms step_avg:46.49ms
step:1103/1480 train_time:51307ms step_avg:46.52ms
step:1104/1480 train_time:51388ms step_avg:46.55ms
step:1105/1480 train_time:51465ms step_avg:46.57ms
step:1106/1480 train_time:51547ms step_avg:46.61ms
step:1107/1480 train_time:51623ms step_avg:46.63ms
step:1108/1480 train_time:51704ms step_avg:46.66ms
step:1109/1480 train_time:51782ms step_avg:46.69ms
step:1110/1480 train_time:51864ms step_avg:46.72ms
step:1111/1480 train_time:51942ms step_avg:46.75ms
step:1112/1480 train_time:52024ms step_avg:46.78ms
step:1113/1480 train_time:52103ms step_avg:46.81ms
step:1114/1480 train_time:52185ms step_avg:46.84ms
step:1115/1480 train_time:52263ms step_avg:46.87ms
step:1116/1480 train_time:52345ms step_avg:46.90ms
step:1117/1480 train_time:52422ms step_avg:46.93ms
step:1118/1480 train_time:52504ms step_avg:46.96ms
step:1119/1480 train_time:52581ms step_avg:46.99ms
step:1120/1480 train_time:52662ms step_avg:47.02ms
step:1121/1480 train_time:52739ms step_avg:47.05ms
step:1122/1480 train_time:52821ms step_avg:47.08ms
step:1123/1480 train_time:52899ms step_avg:47.10ms
step:1124/1480 train_time:52980ms step_avg:47.14ms
step:1125/1480 train_time:53058ms step_avg:47.16ms
step:1126/1480 train_time:53141ms step_avg:47.19ms
step:1127/1480 train_time:53218ms step_avg:47.22ms
step:1128/1480 train_time:53298ms step_avg:47.25ms
step:1129/1480 train_time:53375ms step_avg:47.28ms
step:1130/1480 train_time:53457ms step_avg:47.31ms
step:1131/1480 train_time:53535ms step_avg:47.33ms
step:1132/1480 train_time:53616ms step_avg:47.36ms
step:1133/1480 train_time:53694ms step_avg:47.39ms
step:1134/1480 train_time:53774ms step_avg:47.42ms
step:1135/1480 train_time:53850ms step_avg:47.45ms
step:1136/1480 train_time:53931ms step_avg:47.47ms
step:1137/1480 train_time:54008ms step_avg:47.50ms
step:1138/1480 train_time:54089ms step_avg:47.53ms
step:1139/1480 train_time:54165ms step_avg:47.56ms
step:1140/1480 train_time:54247ms step_avg:47.58ms
step:1141/1480 train_time:54324ms step_avg:47.61ms
step:1142/1480 train_time:54407ms step_avg:47.64ms
step:1143/1480 train_time:54484ms step_avg:47.67ms
step:1144/1480 train_time:54565ms step_avg:47.70ms
step:1145/1480 train_time:54643ms step_avg:47.72ms
step:1146/1480 train_time:54725ms step_avg:47.75ms
step:1147/1480 train_time:54803ms step_avg:47.78ms
step:1148/1480 train_time:54884ms step_avg:47.81ms
step:1149/1480 train_time:54962ms step_avg:47.83ms
step:1150/1480 train_time:55043ms step_avg:47.86ms
step:1151/1480 train_time:55120ms step_avg:47.89ms
step:1152/1480 train_time:55200ms step_avg:47.92ms
step:1153/1480 train_time:55277ms step_avg:47.94ms
step:1154/1480 train_time:55358ms step_avg:47.97ms
step:1155/1480 train_time:55436ms step_avg:48.00ms
step:1156/1480 train_time:55517ms step_avg:48.03ms
step:1157/1480 train_time:55593ms step_avg:48.05ms
step:1158/1480 train_time:55675ms step_avg:48.08ms
step:1159/1480 train_time:55751ms step_avg:48.10ms
step:1160/1480 train_time:55832ms step_avg:48.13ms
step:1161/1480 train_time:55907ms step_avg:48.15ms
step:1162/1480 train_time:55988ms step_avg:48.18ms
step:1163/1480 train_time:56066ms step_avg:48.21ms
step:1164/1480 train_time:56146ms step_avg:48.24ms
step:1165/1480 train_time:56224ms step_avg:48.26ms
step:1166/1480 train_time:56305ms step_avg:48.29ms
step:1167/1480 train_time:56383ms step_avg:48.31ms
step:1168/1480 train_time:56465ms step_avg:48.34ms
step:1169/1480 train_time:56543ms step_avg:48.37ms
step:1170/1480 train_time:56625ms step_avg:48.40ms
step:1171/1480 train_time:56703ms step_avg:48.42ms
step:1172/1480 train_time:56785ms step_avg:48.45ms
step:1173/1480 train_time:56864ms step_avg:48.48ms
step:1174/1480 train_time:56946ms step_avg:48.51ms
step:1175/1480 train_time:57024ms step_avg:48.53ms
step:1176/1480 train_time:57105ms step_avg:48.56ms
step:1177/1480 train_time:57182ms step_avg:48.58ms
step:1178/1480 train_time:57263ms step_avg:48.61ms
step:1179/1480 train_time:57341ms step_avg:48.64ms
step:1180/1480 train_time:57423ms step_avg:48.66ms
step:1181/1480 train_time:57500ms step_avg:48.69ms
step:1182/1480 train_time:57581ms step_avg:48.71ms
step:1183/1480 train_time:57659ms step_avg:48.74ms
step:1184/1480 train_time:57740ms step_avg:48.77ms
step:1185/1480 train_time:57818ms step_avg:48.79ms
step:1186/1480 train_time:57898ms step_avg:48.82ms
step:1187/1480 train_time:57974ms step_avg:48.84ms
step:1188/1480 train_time:58055ms step_avg:48.87ms
step:1189/1480 train_time:58133ms step_avg:48.89ms
step:1190/1480 train_time:58214ms step_avg:48.92ms
step:1191/1480 train_time:58289ms step_avg:48.94ms
step:1192/1480 train_time:58370ms step_avg:48.97ms
step:1193/1480 train_time:58447ms step_avg:48.99ms
step:1194/1480 train_time:58529ms step_avg:49.02ms
step:1195/1480 train_time:58605ms step_avg:49.04ms
step:1196/1480 train_time:58686ms step_avg:49.07ms
step:1197/1480 train_time:58765ms step_avg:49.09ms
step:1198/1480 train_time:58847ms step_avg:49.12ms
step:1199/1480 train_time:58924ms step_avg:49.14ms
step:1200/1480 train_time:59006ms step_avg:49.17ms
step:1201/1480 train_time:59083ms step_avg:49.19ms
step:1202/1480 train_time:59165ms step_avg:49.22ms
step:1203/1480 train_time:59243ms step_avg:49.25ms
step:1204/1480 train_time:59324ms step_avg:49.27ms
step:1205/1480 train_time:59402ms step_avg:49.30ms
step:1206/1480 train_time:59484ms step_avg:49.32ms
step:1207/1480 train_time:59562ms step_avg:49.35ms
step:1208/1480 train_time:59643ms step_avg:49.37ms
step:1209/1480 train_time:59721ms step_avg:49.40ms
step:1210/1480 train_time:59804ms step_avg:49.42ms
step:1211/1480 train_time:59881ms step_avg:49.45ms
step:1212/1480 train_time:59962ms step_avg:49.47ms
step:1213/1480 train_time:60039ms step_avg:49.50ms
step:1214/1480 train_time:60121ms step_avg:49.52ms
step:1215/1480 train_time:60198ms step_avg:49.55ms
step:1216/1480 train_time:60279ms step_avg:49.57ms
step:1217/1480 train_time:60356ms step_avg:49.59ms
step:1218/1480 train_time:60437ms step_avg:49.62ms
step:1219/1480 train_time:60513ms step_avg:49.64ms
step:1220/1480 train_time:60594ms step_avg:49.67ms
step:1221/1480 train_time:60671ms step_avg:49.69ms
step:1222/1480 train_time:60753ms step_avg:49.72ms
step:1223/1480 train_time:60829ms step_avg:49.74ms
step:1224/1480 train_time:60909ms step_avg:49.76ms
step:1225/1480 train_time:60985ms step_avg:49.78ms
step:1226/1480 train_time:61067ms step_avg:49.81ms
step:1227/1480 train_time:61144ms step_avg:49.83ms
step:1228/1480 train_time:61227ms step_avg:49.86ms
step:1229/1480 train_time:61305ms step_avg:49.88ms
step:1230/1480 train_time:61386ms step_avg:49.91ms
step:1231/1480 train_time:61464ms step_avg:49.93ms
step:1232/1480 train_time:61545ms step_avg:49.96ms
step:1233/1480 train_time:61623ms step_avg:49.98ms
step:1234/1480 train_time:61706ms step_avg:50.00ms
step:1235/1480 train_time:61783ms step_avg:50.03ms
step:1236/1480 train_time:61864ms step_avg:50.05ms
step:1237/1480 train_time:61941ms step_avg:50.07ms
step:1238/1480 train_time:62024ms step_avg:50.10ms
step:1239/1480 train_time:62100ms step_avg:50.12ms
step:1240/1480 train_time:62182ms step_avg:50.15ms
step:1241/1480 train_time:62260ms step_avg:50.17ms
step:1242/1480 train_time:62343ms step_avg:50.20ms
step:1243/1480 train_time:62421ms step_avg:50.22ms
step:1244/1480 train_time:62502ms step_avg:50.24ms
step:1245/1480 train_time:62578ms step_avg:50.26ms
step:1246/1480 train_time:62660ms step_avg:50.29ms
step:1247/1480 train_time:62737ms step_avg:50.31ms
step:1248/1480 train_time:62818ms step_avg:50.34ms
step:1249/1480 train_time:62893ms step_avg:50.36ms
step:1250/1480 train_time:62975ms step_avg:50.38ms
step:1250/1480 val_loss:3.3678 train_time:63063ms step_avg:50.45ms
step:1251/1480 train_time:63083ms step_avg:50.43ms
step:1252/1480 train_time:63133ms step_avg:50.43ms
step:1253/1480 train_time:63211ms step_avg:50.45ms
step:1254/1480 train_time:63293ms step_avg:50.47ms
step:1255/1480 train_time:63369ms step_avg:50.49ms
step:1256/1480 train_time:63451ms step_avg:50.52ms
step:1257/1480 train_time:63528ms step_avg:50.54ms
step:1258/1480 train_time:63610ms step_avg:50.56ms
step:1259/1480 train_time:63689ms step_avg:50.59ms
step:1260/1480 train_time:63769ms step_avg:50.61ms
step:1261/1480 train_time:63848ms step_avg:50.63ms
step:1262/1480 train_time:63928ms step_avg:50.66ms
step:1263/1480 train_time:64006ms step_avg:50.68ms
step:1264/1480 train_time:64089ms step_avg:50.70ms
step:1265/1480 train_time:64168ms step_avg:50.73ms
step:1266/1480 train_time:64250ms step_avg:50.75ms
step:1267/1480 train_time:64327ms step_avg:50.77ms
step:1268/1480 train_time:64408ms step_avg:50.80ms
step:1269/1480 train_time:64487ms step_avg:50.82ms
step:1270/1480 train_time:64569ms step_avg:50.84ms
step:1271/1480 train_time:64647ms step_avg:50.86ms
step:1272/1480 train_time:64729ms step_avg:50.89ms
step:1273/1480 train_time:64806ms step_avg:50.91ms
step:1274/1480 train_time:64888ms step_avg:50.93ms
step:1275/1480 train_time:64966ms step_avg:50.95ms
step:1276/1480 train_time:65048ms step_avg:50.98ms
step:1277/1480 train_time:65126ms step_avg:51.00ms
step:1278/1480 train_time:65208ms step_avg:51.02ms
step:1279/1480 train_time:65285ms step_avg:51.04ms
step:1280/1480 train_time:65367ms step_avg:51.07ms
step:1281/1480 train_time:65445ms step_avg:51.09ms
step:1282/1480 train_time:65525ms step_avg:51.11ms
step:1283/1480 train_time:65603ms step_avg:51.13ms
step:1284/1480 train_time:65685ms step_avg:51.16ms
step:1285/1480 train_time:65762ms step_avg:51.18ms
step:1286/1480 train_time:65843ms step_avg:51.20ms
step:1287/1480 train_time:65920ms step_avg:51.22ms
step:1288/1480 train_time:66002ms step_avg:51.24ms
step:1289/1480 train_time:66078ms step_avg:51.26ms
step:1290/1480 train_time:66160ms step_avg:51.29ms
step:1291/1480 train_time:66237ms step_avg:51.31ms
step:1292/1480 train_time:66317ms step_avg:51.33ms
step:1293/1480 train_time:66393ms step_avg:51.35ms
step:1294/1480 train_time:66474ms step_avg:51.37ms
step:1295/1480 train_time:66552ms step_avg:51.39ms
step:1296/1480 train_time:66634ms step_avg:51.41ms
step:1297/1480 train_time:66710ms step_avg:51.43ms
step:1298/1480 train_time:66792ms step_avg:51.46ms
step:1299/1480 train_time:66870ms step_avg:51.48ms
step:1300/1480 train_time:66951ms step_avg:51.50ms
step:1301/1480 train_time:67029ms step_avg:51.52ms
step:1302/1480 train_time:67111ms step_avg:51.54ms
step:1303/1480 train_time:67188ms step_avg:51.56ms
step:1304/1480 train_time:67271ms step_avg:51.59ms
step:1305/1480 train_time:67349ms step_avg:51.61ms
step:1306/1480 train_time:67430ms step_avg:51.63ms
step:1307/1480 train_time:67508ms step_avg:51.65ms
step:1308/1480 train_time:67590ms step_avg:51.67ms
step:1309/1480 train_time:67668ms step_avg:51.69ms
step:1310/1480 train_time:67750ms step_avg:51.72ms
step:1311/1480 train_time:67827ms step_avg:51.74ms
step:1312/1480 train_time:67909ms step_avg:51.76ms
step:1313/1480 train_time:67986ms step_avg:51.78ms
step:1314/1480 train_time:68070ms step_avg:51.80ms
step:1315/1480 train_time:68149ms step_avg:51.82ms
step:1316/1480 train_time:68229ms step_avg:51.85ms
step:1317/1480 train_time:68307ms step_avg:51.87ms
step:1318/1480 train_time:68389ms step_avg:51.89ms
step:1319/1480 train_time:68467ms step_avg:51.91ms
step:1320/1480 train_time:68548ms step_avg:51.93ms
step:1321/1480 train_time:68626ms step_avg:51.95ms
step:1322/1480 train_time:68708ms step_avg:51.97ms
step:1323/1480 train_time:68785ms step_avg:51.99ms
step:1324/1480 train_time:68866ms step_avg:52.01ms
step:1325/1480 train_time:68942ms step_avg:52.03ms
step:1326/1480 train_time:69023ms step_avg:52.05ms
step:1327/1480 train_time:69101ms step_avg:52.07ms
step:1328/1480 train_time:69182ms step_avg:52.10ms
step:1329/1480 train_time:69259ms step_avg:52.11ms
step:1330/1480 train_time:69340ms step_avg:52.14ms
step:1331/1480 train_time:69417ms step_avg:52.15ms
step:1332/1480 train_time:69498ms step_avg:52.18ms
step:1333/1480 train_time:69574ms step_avg:52.19ms
step:1334/1480 train_time:69656ms step_avg:52.22ms
step:1335/1480 train_time:69733ms step_avg:52.23ms
step:1336/1480 train_time:69813ms step_avg:52.26ms
step:1337/1480 train_time:69891ms step_avg:52.27ms
step:1338/1480 train_time:69973ms step_avg:52.30ms
step:1339/1480 train_time:70051ms step_avg:52.32ms
step:1340/1480 train_time:70132ms step_avg:52.34ms
step:1341/1480 train_time:70210ms step_avg:52.36ms
step:1342/1480 train_time:70292ms step_avg:52.38ms
step:1343/1480 train_time:70369ms step_avg:52.40ms
step:1344/1480 train_time:70451ms step_avg:52.42ms
step:1345/1480 train_time:70528ms step_avg:52.44ms
step:1346/1480 train_time:70609ms step_avg:52.46ms
step:1347/1480 train_time:70688ms step_avg:52.48ms
step:1348/1480 train_time:70769ms step_avg:52.50ms
step:1349/1480 train_time:70847ms step_avg:52.52ms
step:1350/1480 train_time:70930ms step_avg:52.54ms
step:1351/1480 train_time:71007ms step_avg:52.56ms
step:1352/1480 train_time:71089ms step_avg:52.58ms
step:1353/1480 train_time:71169ms step_avg:52.60ms
step:1354/1480 train_time:71250ms step_avg:52.62ms
step:1355/1480 train_time:71327ms step_avg:52.64ms
step:1356/1480 train_time:71409ms step_avg:52.66ms
step:1357/1480 train_time:71487ms step_avg:52.68ms
step:1358/1480 train_time:71569ms step_avg:52.70ms
step:1359/1480 train_time:71646ms step_avg:52.72ms
step:1360/1480 train_time:71727ms step_avg:52.74ms
step:1361/1480 train_time:71804ms step_avg:52.76ms
step:1362/1480 train_time:71886ms step_avg:52.78ms
step:1363/1480 train_time:71964ms step_avg:52.80ms
step:1364/1480 train_time:72044ms step_avg:52.82ms
step:1365/1480 train_time:72121ms step_avg:52.84ms
step:1366/1480 train_time:72201ms step_avg:52.86ms
step:1367/1480 train_time:72279ms step_avg:52.87ms
step:1368/1480 train_time:72360ms step_avg:52.89ms
step:1369/1480 train_time:72436ms step_avg:52.91ms
step:1370/1480 train_time:72518ms step_avg:52.93ms
step:1371/1480 train_time:72594ms step_avg:52.95ms
step:1372/1480 train_time:72674ms step_avg:52.97ms
step:1373/1480 train_time:72750ms step_avg:52.99ms
step:1374/1480 train_time:72831ms step_avg:53.01ms
step:1375/1480 train_time:72910ms step_avg:53.03ms
step:1376/1480 train_time:72992ms step_avg:53.05ms
step:1377/1480 train_time:73070ms step_avg:53.06ms
step:1378/1480 train_time:73152ms step_avg:53.09ms
step:1379/1480 train_time:73229ms step_avg:53.10ms
step:1380/1480 train_time:73313ms step_avg:53.13ms
step:1381/1480 train_time:73389ms step_avg:53.14ms
step:1382/1480 train_time:73470ms step_avg:53.16ms
step:1383/1480 train_time:73549ms step_avg:53.18ms
step:1384/1480 train_time:73629ms step_avg:53.20ms
step:1385/1480 train_time:73708ms step_avg:53.22ms
step:1386/1480 train_time:73789ms step_avg:53.24ms
step:1387/1480 train_time:73867ms step_avg:53.26ms
step:1388/1480 train_time:73949ms step_avg:53.28ms
step:1389/1480 train_time:74026ms step_avg:53.29ms
step:1390/1480 train_time:74109ms step_avg:53.32ms
step:1391/1480 train_time:74186ms step_avg:53.33ms
step:1392/1480 train_time:74268ms step_avg:53.35ms
step:1393/1480 train_time:74346ms step_avg:53.37ms
step:1394/1480 train_time:74428ms step_avg:53.39ms
step:1395/1480 train_time:74506ms step_avg:53.41ms
step:1396/1480 train_time:74587ms step_avg:53.43ms
step:1397/1480 train_time:74665ms step_avg:53.45ms
step:1398/1480 train_time:74747ms step_avg:53.47ms
step:1399/1480 train_time:74824ms step_avg:53.48ms
step:1400/1480 train_time:74904ms step_avg:53.50ms
step:1401/1480 train_time:74981ms step_avg:53.52ms
step:1402/1480 train_time:75063ms step_avg:53.54ms
step:1403/1480 train_time:75140ms step_avg:53.56ms
step:1404/1480 train_time:75219ms step_avg:53.57ms
step:1405/1480 train_time:75296ms step_avg:53.59ms
step:1406/1480 train_time:75378ms step_avg:53.61ms
step:1407/1480 train_time:75455ms step_avg:53.63ms
step:1408/1480 train_time:75535ms step_avg:53.65ms
step:1409/1480 train_time:75613ms step_avg:53.66ms
step:1410/1480 train_time:75693ms step_avg:53.68ms
step:1411/1480 train_time:75770ms step_avg:53.70ms
step:1412/1480 train_time:75852ms step_avg:53.72ms
step:1413/1480 train_time:75928ms step_avg:53.74ms
step:1414/1480 train_time:76010ms step_avg:53.76ms
step:1415/1480 train_time:76087ms step_avg:53.77ms
step:1416/1480 train_time:76170ms step_avg:53.79ms
step:1417/1480 train_time:76248ms step_avg:53.81ms
step:1418/1480 train_time:76329ms step_avg:53.83ms
step:1419/1480 train_time:76408ms step_avg:53.85ms
step:1420/1480 train_time:76489ms step_avg:53.87ms
step:1421/1480 train_time:76567ms step_avg:53.88ms
step:1422/1480 train_time:76649ms step_avg:53.90ms
step:1423/1480 train_time:76725ms step_avg:53.92ms
step:1424/1480 train_time:76806ms step_avg:53.94ms
step:1425/1480 train_time:76882ms step_avg:53.95ms
step:1426/1480 train_time:76965ms step_avg:53.97ms
step:1427/1480 train_time:77041ms step_avg:53.99ms
step:1428/1480 train_time:77122ms step_avg:54.01ms
step:1429/1480 train_time:77200ms step_avg:54.02ms
step:1430/1480 train_time:77279ms step_avg:54.04ms
step:1431/1480 train_time:77356ms step_avg:54.06ms
step:1432/1480 train_time:77437ms step_avg:54.08ms
step:1433/1480 train_time:77513ms step_avg:54.09ms
step:1434/1480 train_time:77594ms step_avg:54.11ms
step:1435/1480 train_time:77672ms step_avg:54.13ms
step:1436/1480 train_time:77753ms step_avg:54.15ms
step:1437/1480 train_time:77829ms step_avg:54.16ms
step:1438/1480 train_time:77910ms step_avg:54.18ms
step:1439/1480 train_time:77988ms step_avg:54.20ms
step:1440/1480 train_time:78070ms step_avg:54.22ms
step:1441/1480 train_time:78151ms step_avg:54.23ms
step:1442/1480 train_time:78235ms step_avg:54.25ms
step:1443/1480 train_time:78313ms step_avg:54.27ms
step:1444/1480 train_time:78394ms step_avg:54.29ms
step:1445/1480 train_time:78471ms step_avg:54.31ms
step:1446/1480 train_time:78553ms step_avg:54.32ms
step:1447/1480 train_time:78630ms step_avg:54.34ms
step:1448/1480 train_time:78713ms step_avg:54.36ms
step:1449/1480 train_time:78790ms step_avg:54.38ms
step:1450/1480 train_time:78873ms step_avg:54.39ms
step:1451/1480 train_time:78951ms step_avg:54.41ms
step:1452/1480 train_time:79033ms step_avg:54.43ms
step:1453/1480 train_time:79111ms step_avg:54.45ms
step:1454/1480 train_time:79193ms step_avg:54.47ms
step:1455/1480 train_time:79271ms step_avg:54.48ms
step:1456/1480 train_time:79353ms step_avg:54.50ms
step:1457/1480 train_time:79430ms step_avg:54.52ms
step:1458/1480 train_time:79512ms step_avg:54.54ms
step:1459/1480 train_time:79590ms step_avg:54.55ms
step:1460/1480 train_time:79672ms step_avg:54.57ms
step:1461/1480 train_time:79750ms step_avg:54.59ms
step:1462/1480 train_time:79833ms step_avg:54.61ms
step:1463/1480 train_time:79911ms step_avg:54.62ms
step:1464/1480 train_time:79993ms step_avg:54.64ms
step:1465/1480 train_time:80071ms step_avg:54.66ms
step:1466/1480 train_time:80154ms step_avg:54.68ms
step:1467/1480 train_time:80231ms step_avg:54.69ms
step:1468/1480 train_time:80312ms step_avg:54.71ms
step:1469/1480 train_time:80390ms step_avg:54.72ms
step:1470/1480 train_time:80472ms step_avg:54.74ms
step:1471/1480 train_time:80549ms step_avg:54.76ms
step:1472/1480 train_time:80631ms step_avg:54.78ms
step:1473/1480 train_time:80710ms step_avg:54.79ms
step:1474/1480 train_time:80792ms step_avg:54.81ms
step:1475/1480 train_time:80871ms step_avg:54.83ms
step:1476/1480 train_time:80953ms step_avg:54.85ms
step:1477/1480 train_time:81030ms step_avg:54.86ms
step:1478/1480 train_time:81112ms step_avg:54.88ms
step:1479/1480 train_time:81190ms step_avg:54.90ms
step:1480/1480 train_time:81272ms step_avg:54.91ms
step:1480/1480 val_loss:3.2791 train_time:81361ms step_avg:54.97ms
peak memory allocated: 31344 MiB reserved: 44286 MiB
train_done_utc=2026-05-14T05:06:39Z
rc=0
